Archive member included to satisfy reference by file (symbol)

c:/st/stm32cubeide_1.6.1/stm32cubeide/plugins/com.st.stm32cube.ide.mcu.externaltools.gnu-tools-for-stm32.10.3-2021.10.win32_1.0.0.202111181127/tools/bin/../lib/gcc/arm-none-eabi/10.3.1/../../../../arm-none-eabi/lib/thumb/v7e-m+fp/hard\libc_nano.a(lib_a-errno.o)
                              ./Core/Src/syscalls.o (__errno)
c:/st/stm32cubeide_1.6.1/stm32cubeide/plugins/com.st.stm32cube.ide.mcu.externaltools.gnu-tools-for-stm32.10.3-2021.10.win32_1.0.0.202111181127/tools/bin/../lib/gcc/arm-none-eabi/10.3.1/../../../../arm-none-eabi/lib/thumb/v7e-m+fp/hard\libc_nano.a(lib_a-exit.o)
                              c:/st/stm32cubeide_1.6.1/stm32cubeide/plugins/com.st.stm32cube.ide.mcu.externaltools.gnu-tools-for-stm32.10.3-2021.10.win32_1.0.0.202111181127/tools/bin/../lib/gcc/arm-none-eabi/10.3.1/../../../../arm-none-eabi/lib/thumb/v7e-m+fp/hard/crt0.o (exit)
c:/st/stm32cubeide_1.6.1/stm32cubeide/plugins/com.st.stm32cube.ide.mcu.externaltools.gnu-tools-for-stm32.10.3-2021.10.win32_1.0.0.202111181127/tools/bin/../lib/gcc/arm-none-eabi/10.3.1/../../../../arm-none-eabi/lib/thumb/v7e-m+fp/hard\libc_nano.a(lib_a-findfp.o)
                              ./Middlewares/Third_Party/FreeRTOS/Source/tasks.o (__sf_fake_stderr)
c:/st/stm32cubeide_1.6.1/stm32cubeide/plugins/com.st.stm32cube.ide.mcu.externaltools.gnu-tools-for-stm32.10.3-2021.10.win32_1.0.0.202111181127/tools/bin/../lib/gcc/arm-none-eabi/10.3.1/../../../../arm-none-eabi/lib/thumb/v7e-m+fp/hard\libc_nano.a(lib_a-fwalk.o)
                              c:/st/stm32cubeide_1.6.1/stm32cubeide/plugins/com.st.stm32cube.ide.mcu.externaltools.gnu-tools-for-stm32.10.3-2021.10.win32_1.0.0.202111181127/tools/bin/../lib/gcc/arm-none-eabi/10.3.1/../../../../arm-none-eabi/lib/thumb/v7e-m+fp/hard\libc_nano.a(lib_a-findfp.o) (_fwalk)
c:/st/stm32cubeide_1.6.1/stm32cubeide/plugins/com.st.stm32cube.ide.mcu.externaltools.gnu-tools-for-stm32.10.3-2021.10.win32_1.0.0.202111181127/tools/bin/../lib/gcc/arm-none-eabi/10.3.1/../../../../arm-none-eabi/lib/thumb/v7e-m+fp/hard\libc_nano.a(lib_a-impure.o)
                              c:/st/stm32cubeide_1.6.1/stm32cubeide/plugins/com.st.stm32cube.ide.mcu.externaltools.gnu-tools-for-stm32.10.3-2021.10.win32_1.0.0.202111181127/tools/bin/../lib/gcc/arm-none-eabi/10.3.1/../../../../arm-none-eabi/lib/thumb/v7e-m+fp/hard\libc_nano.a(lib_a-exit.o) (_global_impure_ptr)
c:/st/stm32cubeide_1.6.1/stm32cubeide/plugins/com.st.stm32cube.ide.mcu.externaltools.gnu-tools-for-stm32.10.3-2021.10.win32_1.0.0.202111181127/tools/bin/../lib/gcc/arm-none-eabi/10.3.1/../../../../arm-none-eabi/lib/thumb/v7e-m+fp/hard\libc_nano.a(lib_a-init.o)
                              c:/st/stm32cubeide_1.6.1/stm32cubeide/plugins/com.st.stm32cube.ide.mcu.externaltools.gnu-tools-for-stm32.10.3-2021.10.win32_1.0.0.202111181127/tools/bin/../lib/gcc/arm-none-eabi/10.3.1/../../../../arm-none-eabi/lib/thumb/v7e-m+fp/hard/crt0.o (__libc_init_array)
c:/st/stm32cubeide_1.6.1/stm32cubeide/plugins/com.st.stm32cube.ide.mcu.externaltools.gnu-tools-for-stm32.10.3-2021.10.win32_1.0.0.202111181127/tools/bin/../lib/gcc/arm-none-eabi/10.3.1/../../../../arm-none-eabi/lib/thumb/v7e-m+fp/hard\libc_nano.a(lib_a-lock.o)
                              c:/st/stm32cubeide_1.6.1/stm32cubeide/plugins/com.st.stm32cube.ide.mcu.externaltools.gnu-tools-for-stm32.10.3-2021.10.win32_1.0.0.202111181127/tools/bin/../lib/gcc/arm-none-eabi/10.3.1/../../../../arm-none-eabi/lib/thumb/v7e-m+fp/hard\libc_nano.a(lib_a-findfp.o) (__retarget_lock_init_recursive)
c:/st/stm32cubeide_1.6.1/stm32cubeide/plugins/com.st.stm32cube.ide.mcu.externaltools.gnu-tools-for-stm32.10.3-2021.10.win32_1.0.0.202111181127/tools/bin/../lib/gcc/arm-none-eabi/10.3.1/../../../../arm-none-eabi/lib/thumb/v7e-m+fp/hard\libc_nano.a(lib_a-memcpy-stub.o)
                              ./Core/Src/can.o (memcpy)
c:/st/stm32cubeide_1.6.1/stm32cubeide/plugins/com.st.stm32cube.ide.mcu.externaltools.gnu-tools-for-stm32.10.3-2021.10.win32_1.0.0.202111181127/tools/bin/../lib/gcc/arm-none-eabi/10.3.1/../../../../arm-none-eabi/lib/thumb/v7e-m+fp/hard\libc_nano.a(lib_a-memset.o)
                              c:/st/stm32cubeide_1.6.1/stm32cubeide/plugins/com.st.stm32cube.ide.mcu.externaltools.gnu-tools-for-stm32.10.3-2021.10.win32_1.0.0.202111181127/tools/bin/../lib/gcc/arm-none-eabi/10.3.1/../../../../arm-none-eabi/lib/thumb/v7e-m+fp/hard/crt0.o (memset)
c:/st/stm32cubeide_1.6.1/stm32cubeide/plugins/com.st.stm32cube.ide.mcu.externaltools.gnu-tools-for-stm32.10.3-2021.10.win32_1.0.0.202111181127/tools/bin/../lib/gcc/arm-none-eabi/10.3.1/../../../../arm-none-eabi/lib/thumb/v7e-m+fp/hard\libc_nano.a(lib_a-nano-mallocr.o)
[...]
Memory Configuration

Name             Origin             Length             Attributes
CCMRAM           0x0000000010000000 0x0000000000010000 xrw
RAM              0x0000000020000000 0x0000000000020000 xrw
FLASH            0x0000000008000000 0x0000000000100000 xr
*default*        0x0000000000000000 0xffffffffffffffff

Linker script and memory map

LOAD c:/st/stm32cubeide_1.6.1/stm32cubeide/plugins/com.st.stm32cube.ide.mcu.externaltools.gnu-tools-for-stm32.10.3-2021.10.win32_1.0.0.202111181127/tools/bin/../lib/gcc/arm-none-eabi/10.3.1/thumb/v7e-m+fp/hard/crti.o
LOAD c:/st/stm32cubeide_1.6.1/stm32cubeide/plugins/com.st.stm32cube.ide.mcu.externaltools.gnu-tools-for-stm32.10.3-2021.10.win32_1.0.0.202111181127/tools/bin/../lib/gcc/arm-none-eabi/10.3.1/thumb/v7e-m+fp/hard/crtbegin.o
LOAD c:/st/stm32cubeide_1.6.1/stm32cubeide/plugins/com.st.stm32cube.ide.mcu.externaltools.gnu-tools-for-stm32.10.3-2021.10.win32_1.0.0.202111181127/tools/bin/../lib/gcc/arm-none-eabi/10.3.1/../../../../arm-none-eabi/lib/thumb/v7e-m+fp/hard/crt0.o
LOAD ./Core/Src/app.o
LOAD ./Core/Src/app_ws2812b.o
LOAD ./Core/Src/can.o
LOAD ./Core/Src/dma.o
LOAD ./Core/Src/fan.o
LOAD ./Core/Src/freertos.o
LOAD ./Core/Src/gpio.o
LOAD ./Core/Src/i2c.o
LOAD ./Core/Src/main.o
LOAD ./Core/Src/servo_motor.o
LOAD ./Core/Src/stm32f4xx_hal_msp.o
LOAD ./Core/Src/stm32f4xx_hal_timebase_tim.o
LOAD ./Core/Src/stm32f4xx_it.o
LOAD ./Core/Src/syscalls.o
LOAD ./Core/Src/sysmem.o
LOAD ./Core/Src/system_stm32f4xx.o
LOAD ./Core/Src/tim.o
LOAD ./Core/Src/usart.o
LOAD ./Core/Startup/startup_stm32f405rgtx.o
LOAD ./Drivers/STM32F4xx_HAL_Driver/Src/stm32f4xx_hal.o
LOAD ./Drivers/STM32F4xx_HAL_Driver/Src/stm32f4xx_hal_can.o
LOAD ./Drivers/STM32F4xx_HAL_Driver/Src/stm32f4xx_hal_cortex.o
LOAD ./Drivers/STM32F4xx_HAL_Driver/Src/stm32f4xx_hal_dma.o
LOAD ./Drivers/STM32F4xx_HAL_Driver/Src/stm32f4xx_hal_dma_ex.o
LOAD ./Drivers/STM32F4xx_HAL_Driver/Src/stm32f4xx_hal_exti.o
LOAD ./Drivers/STM32F4xx_HAL_Driver/Src/stm32f4xx_hal_flash.o
LOAD ./Drivers/STM32F4xx_HAL_Driver/Src/stm32f4xx_hal_flash_ex.o
LOAD ./Drivers/STM32F4xx_HAL_Driver/Src/stm32f4xx_hal_flash_ramfunc.o
LOAD ./Drivers/STM32F4xx_HAL_Driver/Src/stm32f4xx_hal_gpio.o
LOAD ./Drivers/STM32F4xx_HAL_Driver/Src/stm32f4xx_hal_pwr.o
LOAD ./Drivers/STM32F4xx_HAL_Driver/Src/stm32f4xx_hal_pwr_ex.o
LOAD ./Drivers/STM32F4xx_HAL_Driver/Src/stm32f4xx_hal_rcc.o
LOAD ./Drivers/STM32F4xx_HAL_Driver/Src/stm32f4xx_hal_rcc_ex.o
LOAD ./Drivers/STM32F4xx_HAL_Driver/Src/stm32f4xx_hal_smbus.o
LOAD ./Drivers/STM32F4xx_HAL_Driver/Src/stm32f4xx_hal_tim.o
LOAD ./Drivers/STM32F4xx_HAL_Driver/Src/stm32f4xx_hal_tim_ex.o
LOAD ./Drivers/STM32F4xx_HAL_Driver/Src/stm32f4xx_hal_uart.o
LOAD ./Middlewares/Third_Party/FreeRTOS/Source/CMSIS_RTOS_V2/cmsis_os2.o
LOAD ./Middlewares/Third_Party/FreeRTOS/Source/croutine.o
LOAD ./Middlewares/Third_Party/FreeRTOS/Source/event_groups.o
LOAD ./Middlewares/Third_Party/FreeRTOS/Source/list.o
LOAD ./Middlewares/Third_Party/FreeRTOS/Source/queue.o
LOAD ./Middlewares/Third_Party/FreeRTOS/Source/stream_buffer.o
LOAD ./Middlewares/Third_Party/FreeRTOS/Source/tasks.o
LOAD ./Middlewares/Third_Party/FreeRTOS/Source/timers.o
LOAD ./Middlewares/Third_Party/FreeRTOS/Source/portable/GCC/ARM_CM4F/port.o
LOAD ./Middlewares/Third_Party/FreeRTOS/Source/portable/MemMang/heap_4.o
START GROUP
LOAD c:/st/stm32cubeide_1.6.1/stm32cubeide/plugins/com.st.stm32cube.ide.mcu.externaltools.gnu-tools-for-stm32.10.3-2021.10.win32_1.0.0.202111181127/tools/bin/../lib/gcc/arm-none-eabi/10.3.1/../../../../arm-none-eabi/lib/thumb/v7e-m+fp/hard\libc_nano.a
LOAD c:/st/stm32cubeide_1.6.1/stm32cubeide/plugins/com.st.stm32cube.ide.mcu.externaltools.gnu-tools-for-stm32.10.3-2021.10.win32_1.0.0.202111181127/tools/bin/../lib/gcc/arm-none-eabi/10.3.1/../../../../arm-none-eabi/lib/thumb/v7e-m+fp/hard\libm.a
END GROUP
START GROUP
LOAD c:/st/stm32cubeide_1.6.1/stm32cubeide/plugins/com.st.stm32cube.ide.mcu.externaltools.gnu-tools-for-stm32.10.3-2021.10.win32_1.0.0.202111181127/tools/bin/../lib/gcc/arm-none-eabi/10.3.1/thumb/v7e-m+fp/hard\libgcc.a
LOAD c:/st/stm32cubeide_1.6.1/stm32cubeide/plugins/com.st.stm32cube.ide.mcu.externaltools.gnu-tools-for-stm32.10.3-2021.10.win32_1.0.0.202111181127/tools/bin/../lib/gcc/arm-none-eabi/10.3.1/../../../../arm-none-eabi/lib/thumb/v7e-m+fp/hard\libc_nano.a
END GROUP
START GROUP
LOAD c:/st/stm32cubeide_1.6.1/stm32cubeide/plugins/com.st.stm32cube.ide.mcu.externaltools.gnu-tools-for-stm32.10.3-2021.10.win32_1.0.0.202111181127/tools/bin/../lib/gcc/arm-none-eabi/10.3.1/thumb/v7e-m+fp/hard\libgcc.a
LOAD c:/st/stm32cubeide_1.6.1/stm32cubeide/plugins/com.st.stm32cube.ide.mcu.externaltools.gnu-tools-for-stm32.10.3-2021.10.win32_1.0.0.202111181127/tools/bin/../lib/gcc/arm-none-eabi/10.3.1/../../../../arm-none-eabi/lib/thumb/v7e-m+fp/hard\libc_nano.a
LOAD c:/st/stm32cubeide_1.6.1/stm32cubeide/plugins/com.st.stm32cube.ide.mcu.externaltools.gnu-tools-for-stm32.10.3-2021.10.win32_1.0.0.202111181127/tools/bin/../lib/gcc/arm-none-eabi/10.3.1/../../../../arm-none-eabi/lib/thumb/v7e-m+fp/hard\libnosys.a
END GROUP
START GROUP
LOAD c:/st/stm32cubeide_1.6.1/stm32cubeide/plugins/com.st.stm32cube.ide.mcu.externaltools.gnu-tools-for-stm32.10.3-2021.10.win32_1.0.0.202111181127/tools/bin/../lib/gcc/arm-none-eabi/10.3.1/thumb/v7e-m+fp/hard\libgcc.a
LOAD c:/st/stm32cubeide_1.6.1/stm32cubeide/plugins/com.st.stm32cube.ide.mcu.externaltools.gnu-tools-for-stm32.10.3-2021.10.win32_1.0.0.202111181127/tools/bin/../lib/gcc/arm-none-eabi/10.3.1/../../../../arm-none-eabi/lib/thumb/v7e-m+fp/hard\libc_nano.a
LOAD c:/st/stm32cubeide_1.6.1/stm32cubeide/plugins/com.st.stm32cube.ide.mcu.externaltools.gnu-tools-for-stm32.10.3-2021.10.win32_1.0.0.202111181127/tools/bin/../lib/gcc/arm-none-eabi/10.3.1/../../../../arm-none-eabi/lib/thumb/v7e-m+fp/hard\libnosys.a
END GROUP
LOAD c:/st/stm32cubeide_1.6.1/stm32cubeide/plugins/com.st.stm32cube.ide.mcu.externaltools.gnu-tools-for-stm32.10.3-2021.10.win32_1.0.0.202111181127/tools/bin/../lib/gcc/arm-none-eabi/10.3.1/thumb/v7e-m+fp/hard/crtend.o
LOAD c:/st/stm32cubeide_1.6.1/stm32cubeide/plugins/com.st.stm32cube.ide.mcu.externaltools.gnu-tools-for-stm32.10.3-2021.10.win32_1.0.0.202111181127/tools/bin/../lib/gcc/arm-none-eabi/10.3.1/thumb/v7e-m+fp/hard/crtn.o
                0x0000000020020000                _estack = (ORIGIN (RAM) + LENGTH (RAM))
                0x0000000000000200                _Min_Heap_Size = 0x200
                0x0000000000000400                _Min_Stack_Size = 0x400

.isr_vector     0x0000000008000000      0x188
                0x0000000008000000                . = ALIGN (0x4)
 *(.isr_vector)
 .isr_vector    0x0000000008000000      0x188 ./Core/Startup/startup_stm32f405rgtx.o
                0x0000000008000000                g_pfnVectors
                0x0000000008000188                . = ALIGN (0x4)

.text           0x0000000008000190    0x11bfc
                0x0000000008000190                . = ALIGN (0x4)
 *(.text)
 .text          0x0000000008000190       0x40 c:/st/stm32cubeide_1.6.1/stm32cubeide/plugins/com.st.stm32cube.ide.mcu.externaltools.gnu-tools-for-stm32.10.3-2021.10.win32_1.0.0.202111181127/tools/bin/../lib/gcc/arm-none-eabi/10.3.1/thumb/v7e-m+fp/hard/crtbegin.o
 .text          0x00000000080001d0       0x10 c:/st/stm32cubeide_1.6.1/stm32cubeide/plugins/com.st.stm32cube.ide.mcu.externaltools.gnu-tools-for-stm32.10.3-2021.10.win32_1.0.0.202111181127/tools/bin/../lib/gcc/arm-none-eabi/10.3.1/../../../../arm-none-eabi/lib/thumb/v7e-m+fp/hard\libc_nano.a(lib_a-strlen.o)
                0x00000000080001d0                strlen
 .text          0x00000000080001e0       0xa0 c:/st/stm32cubeide_1.6.1/stm32cubeide/plugins/com.st.stm32cube.ide.mcu.externaltools.gnu-tools-for-stm32.10.3-2021.10.win32_1.0.0.202111181127/tools/bin/../lib/gcc/arm-none-eabi/10.3.1/../../../../arm-none-eabi/lib/thumb/v7e-m+fp/hard\libc_nano.a(lib_a-memchr.o)
                0x00000000080001e0                memchr
 .text          0x0000000008000280      0x378 c:/st/stm32cubeide_1.6.1/stm32cubeide/plugins/com.st.stm32cube.ide.mcu.externaltools.gnu-tools-for-stm32.10.3-2021.10.win32_1.0.0.202111181127/tools/bin/../lib/gcc/arm-none-eabi/10.3.1/thumb/v7e-m+fp/hard\libgcc.a(_arm_addsubdf3.o)
                0x0000000008000280                __aeabi_drsub
                0x0000000008000288                __aeabi_dsub
                0x0000000008000288                __subdf3
                0x000000000800028c                __aeabi_dadd
                0x000000000800028c                __adddf3
                0x0000000008000504                __floatunsidf
                0x0000000008000504                __aeabi_ui2d
                0x0000000008000524                __floatsidf
                0x0000000008000524                __aeabi_i2d
                0x0000000008000548                __aeabi_f2d
                0x0000000008000548                __extendsfdf2
                0x000000000800058c                __floatundidf
                0x000000000800058c                __aeabi_ul2d
                0x000000000800059c                __floatdidf
                0x000000000800059c                __aeabi_l2d
 .text          0x00000000080005f8      0x424 c:/st/stm32cubeide_1.6.1/stm32cubeide/plugins/com.st.stm32cube.ide.mcu.externaltools.gnu-tools-for-stm32.10.3-2021.10.win32_1.0.0.202111181127/tools/bin/../lib/gcc/arm-none-eabi/10.3.1/thumb/v7e-m+fp/hard\libgcc.a(_arm_muldivdf3.o)
                0x00000000080005f8                __aeabi_dmul
                0x00000000080005f8                __muldf3
                0x000000000800084c                __divdf3
                0x000000000800084c                __aeabi_ddiv
 .text          0x0000000008000a1c      0x110 c:/st/stm32cubeide_1.6.1/stm32cubeide/plugins/com.st.stm32cube.ide.mcu.externaltools.gnu-tools-for-stm32.10.3-2021.10.win32_1.0.0.202111181127/tools/bin/../lib/gcc/arm-none-eabi/10.3.1/thumb/v7e-m+fp/hard\libgcc.a(_arm_cmpdf2.o)
                0x0000000008000a1c                __gtdf2
                0x0000000008000a1c                __gedf2
                0x0000000008000a24                __ltdf2
                0x0000000008000a24                __ledf2
                0x0000000008000a2c                __nedf2
                0x0000000008000a2c                __eqdf2
                0x0000000008000a2c                __cmpdf2
                0x0000000008000aa8                __aeabi_cdrcmple
                0x0000000008000ab8                __aeabi_cdcmpeq
                0x0000000008000ab8                __aeabi_cdcmple
                0x0000000008000ac8                __aeabi_dcmpeq
                0x0000000008000adc                __aeabi_dcmplt
                0x0000000008000af0                __aeabi_dcmple
                0x0000000008000b04                __aeabi_dcmpge
                0x0000000008000b18                __aeabi_dcmpgt
 .text          0x0000000008000b2c       0x2c c:/st/stm32cubeide_1.6.1/stm32cubeide/plugins/com.st.stm32cube.ide.mcu.externaltools.gnu-tools-for-stm32.10.3-2021.10.win32_1.0.0.202111181127/tools/bin/../lib/gcc/arm-none-eabi/10.3.1/thumb/v7e-m+fp/hard\libgcc.a(_arm_unorddf2.o)
                0x0000000008000b2c                __unorddf2
                0x0000000008000b2c                __aeabi_dcmpun
 .text          0x0000000008000b58       0x50 c:/st/stm32cubeide_1.6.1/stm32cubeide/plugins/com.st.stm32cube.ide.mcu.externaltools.gnu-tools-for-stm32.10.3-2021.10.win32_1.0.0.202111181127/tools/bin/../lib/gcc/arm-none-eabi/10.3.1/thumb/v7e-m+fp/hard\libgcc.a(_arm_fixdfsi.o)
                0x0000000008000b58                __aeabi_d2iz
                0x0000000008000b58                __fixdfsi
 .text          0x0000000008000ba8       0x30 c:/st/stm32cubeide_1.6.1/stm32cubeide/plugins/com.st.stm32cube.ide.mcu.externaltools.gnu-tools-for-stm32.10.3-2021.10.win32_1.0.0.202111181127/tools/bin/../lib/gcc/arm-none-eabi/10.3.1/thumb/v7e-m+fp/hard\libgcc.a(_aeabi_uldivmod.o)
                0x0000000008000ba8                __aeabi_uldivmod
 .text          0x0000000008000bd8      0x2d0 c:/st/stm32cubeide_1.6.1/stm32cubeide/plugins/com.st.stm32cube.ide.mcu.externaltools.gnu-tools-for-stm32.10.3-2021.10.win32_1.0.0.202111181127/tools/bin/../lib/gcc/arm-none-eabi/10.3.1/thumb/v7e-m+fp/hard\libgcc.a(_udivmoddi4.o)
                0x0000000008000bd8                __udivmoddi4
 .text          0x0000000008000ea8        0x4 c:/st/stm32cubeide_1.6.1/stm32cubeide/plugins/com.st.stm32cube.ide.mcu.externaltools.gnu-tools-for-stm32.10.3-2021.10.win32_1.0.0.202111181127/tools/bin/../lib/gcc/arm-none-eabi/10.3.1/thumb/v7e-m+fp/hard\libgcc.a(_dvmd_tls.o)
                0x0000000008000ea8                __aeabi_idiv0
                0x0000000008000ea8                __aeabi_ldiv0
 *(.text*)
 .text.ws2812NumOn
                0x0000000008000eac       0x28 ./Core/Src/app_ws2812b.o
                0x0000000008000eac                ws2812NumOn
 .text.ws2812SetColor
                0x0000000008000ed4       0xb0 ./Core/Src/app_ws2812b.o
                0x0000000008000ed4                ws2812SetColor
 .text.ws2812AllColor
                0x0000000008000f84       0x9c ./Core/Src/app_ws2812b.o
                0x0000000008000f84                ws2812AllColor
 .text.MX_CAN1_Init
                0x0000000008001020       0x6c ./Core/Src/can.o
                0x0000000008001020                MX_CAN1_Init
 .text.HAL_CAN_MspInit
                0x000000000800108c       0xa0 ./Core/Src/can.o
                0x000000000800108c                HAL_CAN_MspInit
 .text.CAN_disableirq
                0x000000000800112c       0x14 ./Core/Src/can.o
                0x000000000800112c                CAN_disableirq
 .text.CAN_enableirq
                0x0000000008001140        0xe ./Core/Src/can.o
                0x0000000008001140                CAN_enableirq
 *fill*         0x000000000800114e        0x2 
 .text.CanInit  0x0000000008001150       0x90 ./Core/Src/can.o
                0x0000000008001150                CanInit
 .text.sendCan  0x00000000080011e0       0x78 ./Core/Src/can.o
                0x00000000080011e0                sendCan
 .text.SDOMsg   0x0000000008001258       0x90 ./Core/Src/can.o
                0x0000000008001258                SDOMsg
 .text.NMT_Mode
                0x00000000080012e8       0x42 ./Core/Src/can.o
                0x00000000080012e8                NMT_Mode
 *fill*         0x000000000800132a        0x2 
 .text.PDOMapping
                0x000000000800132c      0x19c ./Core/Src/can.o
                0x000000000800132c                PDOMapping
 .text.PDOMsg   0x00000000080014c8       0x34 ./Core/Src/can.o
                0x00000000080014c8                PDOMsg
 .text.Vel_PDOMsg
                0x00000000080014fc       0x54 ./Core/Src/can.o
                0x00000000080014fc                Vel_PDOMsg
 .text.Tor_OnOff
                0x0000000008001550       0xb6 ./Core/Src/can.o
                0x0000000008001550                Tor_OnOff
 *fill*         0x0000000008001606        0x2 
 .text.HAL_CAN_RxFifo0MsgPendingCallback
                0x0000000008001608      0x120 ./Core/Src/can.o
                0x0000000008001608                HAL_CAN_RxFifo0MsgPendingCallback
 .text.MX_DMA_Init
                0x0000000008001728       0x7c ./Core/Src/dma.o
                0x0000000008001728                MX_DMA_Init
 .text.fanInit  0x00000000080017a4       0x14 ./Core/Src/fan.o
                0x00000000080017a4                fanInit
 .text.fanOn    0x00000000080017b8       0x3c ./Core/Src/fan.o
                0x00000000080017b8                fanOn
 .text.__NVIC_SystemReset
                0x00000000080017f4       0x2c ./Core/Src/freertos.o
 .text.Stopflagcheck
                0x0000000008001820       0x80 ./Core/Src/freertos.o
                0x0000000008001820                Stopflagcheck
 .text.Deg2Ste  0x00000000080018a0       0x8c ./Core/Src/freertos.o
                0x00000000080018a0                Deg2Ste
 *fill*         0x000000000800192c        0x4 
 .text.rad2deg  0x0000000008001930       0x54 ./Core/Src/freertos.o
                0x0000000008001930                rad2deg
 .text.HAL_GPIO_EXTI_Callback
                0x0000000008001984       0x90 ./Core/Src/freertos.o
                0x0000000008001984                HAL_GPIO_EXTI_Callback
 .text.MX_FREERTOS_Init
                0x0000000008001a14      0x178 ./Core/Src/freertos.o
                0x0000000008001a14                MX_FREERTOS_Init
 .text.StartDefaultTask
                0x0000000008001b8c       0x2c ./Core/Src/freertos.o
                0x0000000008001b8c                StartDefaultTask
 .text.StartTask02
                0x0000000008001bb8      0xa54 ./Core/Src/freertos.o
                0x0000000008001bb8                StartTask02
 *fill*         0x000000000800260c        0x4 
 .text.StartTask03
                0x0000000008002610      0x75c ./Core/Src/freertos.o
                0x0000000008002610                StartTask03
 .text.StartTask04
                0x0000000008002d6c      0x3cc ./Core/Src/freertos.o
                0x0000000008002d6c                StartTask04
 .text.StartTask05
                0x0000000008003138       0x28 ./Core/Src/freertos.o
                0x0000000008003138                StartTask05
 .text.StartTask06
                0x0000000008003160      0x1ac ./Core/Src/freertos.o
                0x0000000008003160                StartTask06
 .text.VelStopTimerCallback
                0x000000000800330c       0x14 ./Core/Src/freertos.o
                0x000000000800330c                VelStopTimerCallback
 .text.EndModeDTimerCallback
                0x0000000008003320       0x28 ./Core/Src/freertos.o
                0x0000000008003320                EndModeDTimerCallback
 .text.SendCanTimerCallback
                0x0000000008003348       0x84 ./Core/Src/freertos.o
                0x0000000008003348                SendCanTimerCallback
 .text.MX_GPIO_Init
                0x00000000080033cc      0x1a4 ./Core/Src/gpio.o
                0x00000000080033cc                MX_GPIO_Init
 .text.GPIO_disableirq
                0x0000000008003570       0x14 ./Core/Src/gpio.o
                0x0000000008003570                GPIO_disableirq
 .text.GPIO_enableirq
                0x0000000008003584       0x28 ./Core/Src/gpio.o
                0x0000000008003584                GPIO_enableirq
 .text.MX_I2C1_SMBUS_Init
                0x00000000080035ac       0x74 ./Core/Src/i2c.o
                0x00000000080035ac                MX_I2C1_SMBUS_Init
 .text.HAL_SMBUS_MspInit
                0x0000000008003620       0x90 ./Core/Src/i2c.o
                0x0000000008003620                HAL_SMBUS_MspInit
 .text.ITM_SendChar
                0x00000000080036b0       0x4e ./Core/Src/main.o
 .text._write   0x00000000080036fe       0x38 ./Core/Src/main.o
                0x00000000080036fe                _write
 .text.main     0x0000000008003736       0x4e ./Core/Src/main.o
                0x0000000008003736                main
 .text.SystemClock_Config
                0x0000000008003784       0xd4 ./Core/Src/main.o
                0x0000000008003784                SystemClock_Config
 .text.HAL_TIM_PeriodElapsedCallback
                0x0000000008003858       0x24 ./Core/Src/main.o
                0x0000000008003858                HAL_TIM_PeriodElapsedCallback
 .text.Error_Handler
                0x000000000800387c        0xa ./Core/Src/main.o
                0x000000000800387c                Error_Handler
 *fill*         0x0000000008003886        0x2 
 .text.HAL_UART_RxCpltCallback
                0x0000000008003888       0x54 ./Core/Src/servo_motor.o
                0x0000000008003888                HAL_UART_RxCpltCallback
 .text.ServoMotor_writeDMA
                0x00000000080038dc       0x4c ./Core/Src/servo_motor.o
                0x00000000080038dc                ServoMotor_writeDMA
 .text.DataSetSteering
                0x0000000008003928       0xf8 ./Core/Src/servo_motor.o
                0x0000000008003928                DataSetSteering
 .text.HAL_MspInit
                0x0000000008003a20       0x58 ./Core/Src/stm32f4xx_hal_msp.o
                0x0000000008003a20                HAL_MspInit
 .text.HAL_InitTick
                0x0000000008003a78       0xb4 ./Core/Src/stm32f4xx_hal_timebase_tim.o
                0x0000000008003a78                HAL_InitTick
 .text.NMI_Handler
                0x0000000008003b2c        0x6 ./Core/Src/stm32f4xx_it.o
                0x0000000008003b2c                NMI_Handler
 .text.HardFault_Handler
                0x0000000008003b32        0x6 ./Core/Src/stm32f4xx_it.o
                0x0000000008003b32                HardFault_Handler
 .text.MemManage_Handler
                0x0000000008003b38        0x6 ./Core/Src/stm32f4xx_it.o
                0x0000000008003b38                MemManage_Handler
 .text.BusFault_Handler
                0x0000000008003b3e        0x6 ./Core/Src/stm32f4xx_it.o
                0x0000000008003b3e                BusFault_Handler
 .text.UsageFault_Handler
                0x0000000008003b44        0x6 ./Core/Src/stm32f4xx_it.o
                0x0000000008003b44                UsageFault_Handler
 .text.DebugMon_Handler
                0x0000000008003b4a        0xe ./Core/Src/stm32f4xx_it.o
                0x0000000008003b4a                DebugMon_Handler
 .text.EXTI4_IRQHandler
                0x0000000008003b58        0xe ./Core/Src/stm32f4xx_it.o
                0x0000000008003b58                EXTI4_IRQHandler
 *fill*         0x0000000008003b66        0x2 
 .text.DMA1_Stream3_IRQHandler
                0x0000000008003b68       0x14 ./Core/Src/stm32f4xx_it.o
                0x0000000008003b68                DMA1_Stream3_IRQHandler
 .text.DMA1_Stream6_IRQHandler
                0x0000000008003b7c       0x14 ./Core/Src/stm32f4xx_it.o
                0x0000000008003b7c                DMA1_Stream6_IRQHandler
 .text.CAN1_RX0_IRQHandler
                0x0000000008003b90       0x14 ./Core/Src/stm32f4xx_it.o
                0x0000000008003b90                CAN1_RX0_IRQHandler
 .text.EXTI9_5_IRQHandler
                0x0000000008003ba4       0x1a ./Core/Src/stm32f4xx_it.o
                0x0000000008003ba4                EXTI9_5_IRQHandler
 *fill*         0x0000000008003bbe        0x2 
 .text.USART2_IRQHandler
                0x0000000008003bc0       0x14 ./Core/Src/stm32f4xx_it.o
                0x0000000008003bc0                USART2_IRQHandler
 .text.USART3_IRQHandler
                0x0000000008003bd4       0x14 ./Core/Src/stm32f4xx_it.o
                0x0000000008003bd4                USART3_IRQHandler
 .text.TIM6_DAC_IRQHandler
                0x0000000008003be8       0x14 ./Core/Src/stm32f4xx_it.o
                0x0000000008003be8                TIM6_DAC_IRQHandler
 .text.DMA2_Stream2_IRQHandler
                0x0000000008003bfc       0x14 ./Core/Src/stm32f4xx_it.o
                0x0000000008003bfc                DMA2_Stream2_IRQHandler
 .text._getpid  0x0000000008003c10       0x10 ./Core/Src/syscalls.o
                0x0000000008003c10                _getpid
 .text._kill    0x0000000008003c20       0x20 ./Core/Src/syscalls.o
                0x0000000008003c20                _kill
 .text._exit    0x0000000008003c40       0x14 ./Core/Src/syscalls.o
                0x0000000008003c40                _exit
 .text._read    0x0000000008003c54       0x3a ./Core/Src/syscalls.o
                0x0000000008003c54                _read
 .text._close   0x0000000008003c8e       0x18 ./Core/Src/syscalls.o
                0x0000000008003c8e                _close
 .text._fstat   0x0000000008003ca6       0x20 ./Core/Src/syscalls.o
                0x0000000008003ca6                _fstat
 .text._isatty  0x0000000008003cc6       0x16 ./Core/Src/syscalls.o
                0x0000000008003cc6                _isatty
 .text._lseek   0x0000000008003cdc       0x1a ./Core/Src/syscalls.o
                0x0000000008003cdc                _lseek
 *fill*         0x0000000008003cf6        0x2 
 .text._sbrk    0x0000000008003cf8       0x6c ./Core/Src/sysmem.o
                0x0000000008003cf8                _sbrk
 .text.SystemInit
                0x0000000008003d64       0x24 ./Core/Src/system_stm32f4xx.o
                0x0000000008003d64                SystemInit
 .text.MX_TIM1_Init
                0x0000000008003d88      0x164 ./Core/Src/tim.o
                0x0000000008003d88                MX_TIM1_Init
 .text.MX_TIM3_Init
                0x0000000008003eec       0xf8 ./Core/Src/tim.o
                0x0000000008003eec                MX_TIM3_Init
 .text.MX_TIM8_Init
                0x0000000008003fe4      0x188 ./Core/Src/tim.o
                0x0000000008003fe4                MX_TIM8_Init
 .text.HAL_TIM_PWM_MspInit
                0x000000000800416c       0x90 ./Core/Src/tim.o
                0x000000000800416c                HAL_TIM_PWM_MspInit
 .text.HAL_TIM_Base_MspInit
                0x00000000080041fc      0x124 ./Core/Src/tim.o
                0x00000000080041fc                HAL_TIM_Base_MspInit
 .text.HAL_TIM_MspPostInit
                0x0000000008004320       0xc8 ./Core/Src/tim.o
                0x0000000008004320                HAL_TIM_MspPostInit
 .text.MX_USART2_UART_Init
                0x00000000080043e8       0x54 ./Core/Src/usart.o
                0x00000000080043e8                MX_USART2_UART_Init
 .text.MX_USART3_UART_Init
                0x000000000800443c       0x54 ./Core/Src/usart.o
                0x000000000800443c                MX_USART3_UART_Init
 .text.HAL_UART_MspInit
                0x0000000008004490      0x1e4 ./Core/Src/usart.o
                0x0000000008004490                HAL_UART_MspInit
 .text.Reset_Handler
                0x0000000008004674       0x50 ./Core/Startup/startup_stm32f405rgtx.o
                0x0000000008004674                Reset_Handler
 .text.Default_Handler
                0x00000000080046c4        0x2 ./Core/Startup/startup_stm32f405rgtx.o
                0x00000000080046c4                RTC_Alarm_IRQHandler
                0x00000000080046c4                HASH_RNG_IRQHandler
                0x00000000080046c4                EXTI2_IRQHandler
                0x00000000080046c4                TIM8_CC_IRQHandler
                0x00000000080046c4                TIM1_CC_IRQHandler
                0x00000000080046c4                DMA2_Stream5_IRQHandler
                0x00000000080046c4                DMA1_Stream5_IRQHandler
                0x00000000080046c4                PVD_IRQHandler
                0x00000000080046c4                SDIO_IRQHandler
                0x00000000080046c4                TAMP_STAMP_IRQHandler
                0x00000000080046c4                CAN2_RX1_IRQHandler
                0x00000000080046c4                EXTI3_IRQHandler
                0x00000000080046c4                TIM8_TRG_COM_TIM14_IRQHandler
                0x00000000080046c4                TIM1_UP_TIM10_IRQHandler
                0x00000000080046c4                TIM8_UP_TIM13_IRQHandler
                0x00000000080046c4                I2C3_ER_IRQHandler
                0x00000000080046c4                EXTI0_IRQHandler
                0x00000000080046c4                I2C2_EV_IRQHandler
                0x00000000080046c4                DMA1_Stream2_IRQHandler
                0x00000000080046c4                FPU_IRQHandler
                0x00000000080046c4                OTG_HS_WKUP_IRQHandler
                0x00000000080046c4                CAN2_SCE_IRQHandler
                0x00000000080046c4                SPI1_IRQHandler
                0x00000000080046c4                TIM1_BRK_TIM9_IRQHandler
                0x00000000080046c4                CAN2_RX0_IRQHandler
                0x00000000080046c4                DMA2_Stream3_IRQHandler
                0x00000000080046c4                USART6_IRQHandler
                0x00000000080046c4                CAN1_RX1_IRQHandler
                0x00000000080046c4                UART5_IRQHandler
                0x00000000080046c4                DMA2_Stream0_IRQHandler
                0x00000000080046c4                TIM4_IRQHandler
                0x00000000080046c4                I2C1_EV_IRQHandler
                0x00000000080046c4                DMA1_Stream1_IRQHandler
                0x00000000080046c4                UART4_IRQHandler
                0x00000000080046c4                TIM3_IRQHandler
                0x00000000080046c4                RCC_IRQHandler
                0x00000000080046c4                TIM8_BRK_TIM12_IRQHandler
                0x00000000080046c4                Default_Handler
                0x00000000080046c4                EXTI15_10_IRQHandler
                0x00000000080046c4                ADC_IRQHandler
                0x00000000080046c4                DMA1_Stream7_IRQHandler
                0x00000000080046c4                TIM7_IRQHandler
                0x00000000080046c4                CAN2_TX_IRQHandler
                0x00000000080046c4                TIM5_IRQHandler
                0x00000000080046c4                DMA2_Stream7_IRQHandler
                0x00000000080046c4                I2C3_EV_IRQHandler
                0x00000000080046c4                RTC_WKUP_IRQHandler
                0x00000000080046c4                SPI2_IRQHandler
                0x00000000080046c4                OTG_HS_EP1_IN_IRQHandler
                0x00000000080046c4                DMA1_Stream0_IRQHandler
                0x00000000080046c4                CAN1_TX_IRQHandler
                0x00000000080046c4                FSMC_IRQHandler
                0x00000000080046c4                OTG_HS_EP1_OUT_IRQHandler
                0x00000000080046c4                WWDG_IRQHandler
                0x00000000080046c4                TIM2_IRQHandler
                0x00000000080046c4                OTG_FS_WKUP_IRQHandler
                0x00000000080046c4                TIM1_TRG_COM_TIM11_IRQHandler
                0x00000000080046c4                OTG_HS_IRQHandler
                0x00000000080046c4                EXTI1_IRQHandler
                0x00000000080046c4                I2C2_ER_IRQHandler
                0x00000000080046c4                DMA2_Stream1_IRQHandler
                0x00000000080046c4                CAN1_SCE_IRQHandler
                0x00000000080046c4                FLASH_IRQHandler
                0x00000000080046c4                DMA2_Stream4_IRQHandler
                0x00000000080046c4                USART1_IRQHandler
                0x00000000080046c4                OTG_FS_IRQHandler
                0x00000000080046c4                SPI3_IRQHandler
                0x00000000080046c4                DMA1_Stream4_IRQHandler
                0x00000000080046c4                I2C1_ER_IRQHandler
                0x00000000080046c4                DMA2_Stream6_IRQHandler
 *fill*         0x00000000080046c6        0x2 
 .text.HAL_Init
                0x00000000080046c8       0x44 ./Drivers/STM32F4xx_HAL_Driver/Src/stm32f4xx_hal.o
                0x00000000080046c8                HAL_Init
 .text.HAL_IncTick
                0x000000000800470c       0x28 ./Drivers/STM32F4xx_HAL_Driver/Src/stm32f4xx_hal.o
                0x000000000800470c                HAL_IncTick
 .text.HAL_GetTick
                0x0000000008004734       0x18 ./Drivers/STM32F4xx_HAL_Driver/Src/stm32f4xx_hal.o
                0x0000000008004734                HAL_GetTick
 .text.HAL_Delay
                0x000000000800474c       0x48 ./Drivers/STM32F4xx_HAL_Driver/Src/stm32f4xx_hal.o
                0x000000000800474c                HAL_Delay
 .text.HAL_CAN_Init
                0x0000000008004794      0x1f6 ./Drivers/STM32F4xx_HAL_Driver/Src/stm32f4xx_hal_can.o
                0x0000000008004794                HAL_CAN_Init
 *fill*         0x000000000800498a        0x2 
 .text.HAL_CAN_ConfigFilter
                0x000000000800498c      0x1c0 ./Drivers/STM32F4xx_HAL_Driver/Src/stm32f4xx_hal_can.o
                0x000000000800498c                HAL_CAN_ConfigFilter
 .text.HAL_CAN_Start
                0x0000000008004b4c       0x88 ./Drivers/STM32F4xx_HAL_Driver/Src/stm32f4xx_hal_can.o
                0x0000000008004b4c                HAL_CAN_Start
 .text.HAL_CAN_AddTxMessage
                0x0000000008004bd4      0x1b6 ./Drivers/STM32F4xx_HAL_Driver/Src/stm32f4xx_hal_can.o
                0x0000000008004bd4                HAL_CAN_AddTxMessage
 .text.HAL_CAN_GetTxMailboxesFreeLevel
                0x0000000008004d8a       0x6a ./Drivers/STM32F4xx_HAL_Driver/Src/stm32f4xx_hal_can.o
                0x0000000008004d8a                HAL_CAN_GetTxMailboxesFreeLevel
 .text.HAL_CAN_GetRxMessage
                0x0000000008004df4      0x224 ./Drivers/STM32F4xx_HAL_Driver/Src/stm32f4xx_hal_can.o
                0x0000000008004df4                HAL_CAN_GetRxMessage
 .text.HAL_CAN_ActivateNotification
                0x0000000008005018       0x4c ./Drivers/STM32F4xx_HAL_Driver/Src/stm32f4xx_hal_can.o
                0x0000000008005018                HAL_CAN_ActivateNotification
 .text.HAL_CAN_IRQHandler
                0x0000000008005064      0x36e ./Drivers/STM32F4xx_HAL_Driver/Src/stm32f4xx_hal_can.o
                0x0000000008005064                HAL_CAN_IRQHandler
 .text.HAL_CAN_TxMailbox0CompleteCallback
                0x00000000080053d2       0x14 ./Drivers/STM32F4xx_HAL_Driver/Src/stm32f4xx_hal_can.o
                0x00000000080053d2                HAL_CAN_TxMailbox0CompleteCallback
 .text.HAL_CAN_TxMailbox1CompleteCallback
                0x00000000080053e6       0x14 ./Drivers/STM32F4xx_HAL_Driver/Src/stm32f4xx_hal_can.o
                0x00000000080053e6                HAL_CAN_TxMailbox1CompleteCallback
 .text.HAL_CAN_TxMailbox2CompleteCallback
                0x00000000080053fa       0x14 ./Drivers/STM32F4xx_HAL_Driver/Src/stm32f4xx_hal_can.o
                0x00000000080053fa                HAL_CAN_TxMailbox2CompleteCallback
 .text.HAL_CAN_TxMailbox0AbortCallback
                0x000000000800540e       0x14 ./Drivers/STM32F4xx_HAL_Driver/Src/stm32f4xx_hal_can.o
                0x000000000800540e                HAL_CAN_TxMailbox0AbortCallback
 .text.HAL_CAN_TxMailbox1AbortCallback
                0x0000000008005422       0x14 ./Drivers/STM32F4xx_HAL_Driver/Src/stm32f4xx_hal_can.o
                0x0000000008005422                HAL_CAN_TxMailbox1AbortCallback
 .text.HAL_CAN_TxMailbox2AbortCallback
                0x0000000008005436       0x14 ./Drivers/STM32F4xx_HAL_Driver/Src/stm32f4xx_hal_can.o
                0x0000000008005436                HAL_CAN_TxMailbox2AbortCallback
 .text.HAL_CAN_RxFifo0FullCallback
                0x000000000800544a       0x14 ./Drivers/STM32F4xx_HAL_Driver/Src/stm32f4xx_hal_can.o
                0x000000000800544a                HAL_CAN_RxFifo0FullCallback
 .text.HAL_CAN_RxFifo1MsgPendingCallback
                0x000000000800545e       0x14 ./Drivers/STM32F4xx_HAL_Driver/Src/stm32f4xx_hal_can.o
                0x000000000800545e                HAL_CAN_RxFifo1MsgPendingCallback
 .text.HAL_CAN_RxFifo1FullCallback
                0x0000000008005472       0x14 ./Drivers/STM32F4xx_HAL_Driver/Src/stm32f4xx_hal_can.o
                0x0000000008005472                HAL_CAN_RxFifo1FullCallback
 .text.HAL_CAN_SleepCallback
                0x0000000008005486       0x14 ./Drivers/STM32F4xx_HAL_Driver/Src/stm32f4xx_hal_can.o
                0x0000000008005486                HAL_CAN_SleepCallback
 .text.HAL_CAN_WakeUpFromRxMsgCallback
                0x000000000800549a       0x14 ./Drivers/STM32F4xx_HAL_Driver/Src/stm32f4xx_hal_can.o
                0x000000000800549a                HAL_CAN_WakeUpFromRxMsgCallback
 .text.HAL_CAN_ErrorCallback
                0x00000000080054ae       0x14 ./Drivers/STM32F4xx_HAL_Driver/Src/stm32f4xx_hal_can.o
                0x00000000080054ae                HAL_CAN_ErrorCallback
 *fill*         0x00000000080054c2        0x2 
 .text.__NVIC_SetPriorityGrouping
                0x00000000080054c4       0x48 ./Drivers/STM32F4xx_HAL_Driver/Src/stm32f4xx_hal_cortex.o
 .text.__NVIC_GetPriorityGrouping
                0x000000000800550c       0x1c ./Drivers/STM32F4xx_HAL_Driver/Src/stm32f4xx_hal_cortex.o
 .text.__NVIC_EnableIRQ
                0x0000000008005528       0x3c ./Drivers/STM32F4xx_HAL_Driver/Src/stm32f4xx_hal_cortex.o
 .text.__NVIC_DisableIRQ
                0x0000000008005564       0x48 ./Drivers/STM32F4xx_HAL_Driver/Src/stm32f4xx_hal_cortex.o
 .text.__NVIC_SetPriority
                0x00000000080055ac       0x54 ./Drivers/STM32F4xx_HAL_Driver/Src/stm32f4xx_hal_cortex.o
 .text.NVIC_EncodePriority
                0x0000000008005600       0x66 ./Drivers/STM32F4xx_HAL_Driver/Src/stm32f4xx_hal_cortex.o
 .text.HAL_NVIC_SetPriorityGrouping
                0x0000000008005666       0x16 ./Drivers/STM32F4xx_HAL_Driver/Src/stm32f4xx_hal_cortex.o
                0x0000000008005666                HAL_NVIC_SetPriorityGrouping
 .text.HAL_NVIC_SetPriority
                0x000000000800567c       0x38 ./Drivers/STM32F4xx_HAL_Driver/Src/stm32f4xx_hal_cortex.o
                0x000000000800567c                HAL_NVIC_SetPriority
 .text.HAL_NVIC_EnableIRQ
                0x00000000080056b4       0x1c ./Drivers/STM32F4xx_HAL_Driver/Src/stm32f4xx_hal_cortex.o
                0x00000000080056b4                HAL_NVIC_EnableIRQ
 .text.HAL_NVIC_DisableIRQ
                0x00000000080056d0       0x1c ./Drivers/STM32F4xx_HAL_Driver/Src/stm32f4xx_hal_cortex.o
                0x00000000080056d0                HAL_NVIC_DisableIRQ
 .text.HAL_DMA_Init
                0x00000000080056ec      0x15c ./Drivers/STM32F4xx_HAL_Driver/Src/stm32f4xx_hal_dma.o
                0x00000000080056ec                HAL_DMA_Init
 .text.HAL_DMA_Start_IT
                0x0000000008005848       0xb0 ./Drivers/STM32F4xx_HAL_Driver/Src/stm32f4xx_hal_dma.o
                0x0000000008005848                HAL_DMA_Start_IT
 .text.HAL_DMA_Abort
                0x00000000080058f8       0xe0 ./Drivers/STM32F4xx_HAL_Driver/Src/stm32f4xx_hal_dma.o
                0x00000000080058f8                HAL_DMA_Abort
 .text.HAL_DMA_Abort_IT
                0x00000000080059d8       0x44 ./Drivers/STM32F4xx_HAL_Driver/Src/stm32f4xx_hal_dma.o
                0x00000000080059d8                HAL_DMA_Abort_IT
 .text.HAL_DMA_IRQHandler
                0x0000000008005a1c      0x314 ./Drivers/STM32F4xx_HAL_Driver/Src/stm32f4xx_hal_dma.o
                0x0000000008005a1c                HAL_DMA_IRQHandler
 .text.DMA_SetConfig
                0x0000000008005d30       0x5c ./Drivers/STM32F4xx_HAL_Driver/Src/stm32f4xx_hal_dma.o
 .text.DMA_CalcBaseAndBitshift
                0x0000000008005d8c       0x6c ./Drivers/STM32F4xx_HAL_Driver/Src/stm32f4xx_hal_dma.o
 .text.DMA_CheckFifoParam
                0x0000000008005df8       0xf8 ./Drivers/STM32F4xx_HAL_Driver/Src/stm32f4xx_hal_dma.o
 .text.HAL_GPIO_Init
                0x0000000008005ef0      0x338 ./Drivers/STM32F4xx_HAL_Driver/Src/stm32f4xx_hal_gpio.o
                0x0000000008005ef0                HAL_GPIO_Init
 .text.HAL_GPIO_ReadPin
                0x0000000008006228       0x30 ./Drivers/STM32F4xx_HAL_Driver/Src/stm32f4xx_hal_gpio.o
                0x0000000008006228                HAL_GPIO_ReadPin
 .text.HAL_GPIO_WritePin
                0x0000000008006258       0x32 ./Drivers/STM32F4xx_HAL_Driver/Src/stm32f4xx_hal_gpio.o
                0x0000000008006258                HAL_GPIO_WritePin
 .text.HAL_GPIO_TogglePin
                0x000000000800628a       0x34 ./Drivers/STM32F4xx_HAL_Driver/Src/stm32f4xx_hal_gpio.o
                0x000000000800628a                HAL_GPIO_TogglePin
 *fill*         0x00000000080062be        0x2 
 .text.HAL_GPIO_EXTI_IRQHandler
                0x00000000080062c0       0x30 ./Drivers/STM32F4xx_HAL_Driver/Src/stm32f4xx_hal_gpio.o
                0x00000000080062c0                HAL_GPIO_EXTI_IRQHandler
 .text.HAL_RCC_OscConfig
                0x00000000080062f0      0x4f0 ./Drivers/STM32F4xx_HAL_Driver/Src/stm32f4xx_hal_rcc.o
                0x00000000080062f0                HAL_RCC_OscConfig
 .text.HAL_RCC_ClockConfig
                0x00000000080067e0      0x1cc ./Drivers/STM32F4xx_HAL_Driver/Src/stm32f4xx_hal_rcc.o
                0x00000000080067e0                HAL_RCC_ClockConfig
 .text.HAL_RCC_GetSysClockFreq
                0x00000000080069ac      0x18c ./Drivers/STM32F4xx_HAL_Driver/Src/stm32f4xx_hal_rcc.o
                0x00000000080069ac                HAL_RCC_GetSysClockFreq
 .text.HAL_RCC_GetHCLKFreq
                0x0000000008006b38       0x18 ./Drivers/STM32F4xx_HAL_Driver/Src/stm32f4xx_hal_rcc.o
                0x0000000008006b38                HAL_RCC_GetHCLKFreq
 .text.HAL_RCC_GetPCLK1Freq
                0x0000000008006b50       0x28 ./Drivers/STM32F4xx_HAL_Driver/Src/stm32f4xx_hal_rcc.o
                0x0000000008006b50                HAL_RCC_GetPCLK1Freq
 .text.HAL_RCC_GetPCLK2Freq
                0x0000000008006b78       0x28 ./Drivers/STM32F4xx_HAL_Driver/Src/stm32f4xx_hal_rcc.o
                0x0000000008006b78                HAL_RCC_GetPCLK2Freq
 .text.HAL_RCC_GetClockConfig
                0x0000000008006ba0       0x64 ./Drivers/STM32F4xx_HAL_Driver/Src/stm32f4xx_hal_rcc.o
                0x0000000008006ba0                HAL_RCC_GetClockConfig
 .text.HAL_SMBUS_Init
                0x0000000008006c04      0x16c ./Drivers/STM32F4xx_HAL_Driver/Src/stm32f4xx_hal_smbus.o
                0x0000000008006c04                HAL_SMBUS_Init
 .text.HAL_SMBUS_EnableAlert_IT
                0x0000000008006d70       0x40 ./Drivers/STM32F4xx_HAL_Driver/Src/stm32f4xx_hal_smbus.o
                0x0000000008006d70                HAL_SMBUS_EnableAlert_IT
 .text.HAL_TIM_Base_Init
                0x0000000008006db0       0x9e ./Drivers/STM32F4xx_HAL_Driver/Src/stm32f4xx_hal_tim.o
                0x0000000008006db0                HAL_TIM_Base_Init
 *fill*         0x0000000008006e4e        0x2 
 .text.HAL_TIM_Base_Start_IT
                0x0000000008006e50       0xe0 ./Drivers/STM32F4xx_HAL_Driver/Src/stm32f4xx_hal_tim.o
                0x0000000008006e50                HAL_TIM_Base_Start_IT
 .text.HAL_TIM_PWM_Init
                0x0000000008006f30       0x9e ./Drivers/STM32F4xx_HAL_Driver/Src/stm32f4xx_hal_tim.o
                0x0000000008006f30                HAL_TIM_PWM_Init
 *fill*         0x0000000008006fce        0x2 
 .text.HAL_TIM_PWM_Start
                0x0000000008006fd0      0x190 ./Drivers/STM32F4xx_HAL_Driver/Src/stm32f4xx_hal_tim.o
                0x0000000008006fd0                HAL_TIM_PWM_Start
 .text.HAL_TIM_PWM_Start_DMA
                0x0000000008007160      0x390 ./Drivers/STM32F4xx_HAL_Driver/Src/stm32f4xx_hal_tim.o
                0x0000000008007160                HAL_TIM_PWM_Start_DMA
 .text.HAL_TIM_IC_Init
                0x00000000080074f0       0x9e ./Drivers/STM32F4xx_HAL_Driver/Src/stm32f4xx_hal_tim.o
                0x00000000080074f0                HAL_TIM_IC_Init
 .text.HAL_TIM_IC_MspInit
                0x000000000800758e       0x14 ./Drivers/STM32F4xx_HAL_Driver/Src/stm32f4xx_hal_tim.o
                0x000000000800758e                HAL_TIM_IC_MspInit
 .text.HAL_TIM_IRQHandler
                0x00000000080075a2      0x210 ./Drivers/STM32F4xx_HAL_Driver/Src/stm32f4xx_hal_tim.o
                0x00000000080075a2                HAL_TIM_IRQHandler
 .text.HAL_TIM_IC_ConfigChannel
                0x00000000080077b2      0x138 ./Drivers/STM32F4xx_HAL_Driver/Src/stm32f4xx_hal_tim.o
                0x00000000080077b2                HAL_TIM_IC_ConfigChannel
 *fill*         0x00000000080078ea        0x2 
 .text.HAL_TIM_PWM_ConfigChannel
                0x00000000080078ec      0x184 ./Drivers/STM32F4xx_HAL_Driver/Src/stm32f4xx_hal_tim.o
                0x00000000080078ec                HAL_TIM_PWM_ConfigChannel
 .text.HAL_TIM_ConfigClockSource
                0x0000000008007a70      0x18e ./Drivers/STM32F4xx_HAL_Driver/Src/stm32f4xx_hal_tim.o
                0x0000000008007a70                HAL_TIM_ConfigClockSource
 .text.HAL_TIM_OC_DelayElapsedCallback
                0x0000000008007bfe       0x14 ./Drivers/STM32F4xx_HAL_Driver/Src/stm32f4xx_hal_tim.o
                0x0000000008007bfe                HAL_TIM_OC_DelayElapsedCallback
 .text.HAL_TIM_IC_CaptureCallback
                0x0000000008007c12       0x14 ./Drivers/STM32F4xx_HAL_Driver/Src/stm32f4xx_hal_tim.o
                0x0000000008007c12                HAL_TIM_IC_CaptureCallback
 .text.HAL_TIM_PWM_PulseFinishedCallback
                0x0000000008007c26       0x14 ./Drivers/STM32F4xx_HAL_Driver/Src/stm32f4xx_hal_tim.o
                0x0000000008007c26                HAL_TIM_PWM_PulseFinishedCallback
 .text.HAL_TIM_PWM_PulseFinishedHalfCpltCallback
                0x0000000008007c3a       0x14 ./Drivers/STM32F4xx_HAL_Driver/Src/stm32f4xx_hal_tim.o
                0x0000000008007c3a                HAL_TIM_PWM_PulseFinishedHalfCpltCallback
 .text.HAL_TIM_TriggerCallback
                0x0000000008007c4e       0x14 ./Drivers/STM32F4xx_HAL_Driver/Src/stm32f4xx_hal_tim.o
                0x0000000008007c4e                HAL_TIM_TriggerCallback
 .text.HAL_TIM_ErrorCallback
                0x0000000008007c62       0x14 ./Drivers/STM32F4xx_HAL_Driver/Src/stm32f4xx_hal_tim.o
                0x0000000008007c62                HAL_TIM_ErrorCallback
 .text.TIM_DMAError
                0x0000000008007c76       0x92 ./Drivers/STM32F4xx_HAL_Driver/Src/stm32f4xx_hal_tim.o
                0x0000000008007c76                TIM_DMAError
 .text.TIM_DMADelayPulseCplt
                0x0000000008007d08       0xa8 ./Drivers/STM32F4xx_HAL_Driver/Src/stm32f4xx_hal_tim.o
 .text.TIM_DMADelayPulseHalfCplt
                0x0000000008007db0       0x68 ./Drivers/STM32F4xx_HAL_Driver/Src/stm32f4xx_hal_tim.o
                0x0000000008007db0                TIM_DMADelayPulseHalfCplt
 .text.TIM_Base_SetConfig
                0x0000000008007e18      0x140 ./Drivers/STM32F4xx_HAL_Driver/Src/stm32f4xx_hal_tim.o
                0x0000000008007e18                TIM_Base_SetConfig
 .text.TIM_OC1_SetConfig
                0x0000000008007f58       0xe0 ./Drivers/STM32F4xx_HAL_Driver/Src/stm32f4xx_hal_tim.o
 .text.TIM_OC2_SetConfig
                0x0000000008008038       0xec ./Drivers/STM32F4xx_HAL_Driver/Src/stm32f4xx_hal_tim.o
                0x0000000008008038                TIM_OC2_SetConfig
 .text.TIM_OC3_SetConfig
                0x0000000008008124       0xe8 ./Drivers/STM32F4xx_HAL_Driver/Src/stm32f4xx_hal_tim.o
 .text.TIM_OC4_SetConfig
                0x000000000800820c       0xac ./Drivers/STM32F4xx_HAL_Driver/Src/stm32f4xx_hal_tim.o
 .text.TIM_TI1_SetConfig
                0x00000000080082b8       0xe8 ./Drivers/STM32F4xx_HAL_Driver/Src/stm32f4xx_hal_tim.o
                0x00000000080082b8                TIM_TI1_SetConfig
 .text.TIM_TI1_ConfigInputStage
                0x00000000080083a0       0x5e ./Drivers/STM32F4xx_HAL_Driver/Src/stm32f4xx_hal_tim.o
 .text.TIM_TI2_SetConfig
                0x00000000080083fe       0x7a ./Drivers/STM32F4xx_HAL_Driver/Src/stm32f4xx_hal_tim.o
 .text.TIM_TI2_ConfigInputStage
                0x0000000008008478       0x60 ./Drivers/STM32F4xx_HAL_Driver/Src/stm32f4xx_hal_tim.o
 .text.TIM_TI3_SetConfig
                0x00000000080084d8       0x78 ./Drivers/STM32F4xx_HAL_Driver/Src/stm32f4xx_hal_tim.o
 .text.TIM_TI4_SetConfig
                0x0000000008008550       0x7a ./Drivers/STM32F4xx_HAL_Driver/Src/stm32f4xx_hal_tim.o
 .text.TIM_ITRx_SetConfig
                0x00000000080085ca       0x36 ./Drivers/STM32F4xx_HAL_Driver/Src/stm32f4xx_hal_tim.o
 .text.TIM_ETR_SetConfig
                0x0000000008008600       0x40 ./Drivers/STM32F4xx_HAL_Driver/Src/stm32f4xx_hal_tim.o
                0x0000000008008600                TIM_ETR_SetConfig
 .text.TIM_CCxChannelCmd
                0x0000000008008640       0x4a ./Drivers/STM32F4xx_HAL_Driver/Src/stm32f4xx_hal_tim.o
                0x0000000008008640                TIM_CCxChannelCmd
 *fill*         0x000000000800868a        0x2 
 .text.HAL_TIMEx_MasterConfigSynchronization
                0x000000000800868c       0xf8 ./Drivers/STM32F4xx_HAL_Driver/Src/stm32f4xx_hal_tim_ex.o
                0x000000000800868c                HAL_TIMEx_MasterConfigSynchronization
 .text.HAL_TIMEx_ConfigBreakDeadTime
                0x0000000008008784       0xa4 ./Drivers/STM32F4xx_HAL_Driver/Src/stm32f4xx_hal_tim_ex.o
                0x0000000008008784                HAL_TIMEx_ConfigBreakDeadTime
 .text.HAL_TIMEx_CommutCallback
                0x0000000008008828       0x14 ./Drivers/STM32F4xx_HAL_Driver/Src/stm32f4xx_hal_tim_ex.o
                0x0000000008008828                HAL_TIMEx_CommutCallback
 .text.HAL_TIMEx_BreakCallback
                0x000000000800883c       0x14 ./Drivers/STM32F4xx_HAL_Driver/Src/stm32f4xx_hal_tim_ex.o
                0x000000000800883c                HAL_TIMEx_BreakCallback
 .text.HAL_UART_Init
                0x0000000008008850       0x9a ./Drivers/STM32F4xx_HAL_Driver/Src/stm32f4xx_hal_uart.o
                0x0000000008008850                HAL_UART_Init
 .text.HAL_UART_Receive_IT
                0x00000000080088ea       0x60 ./Drivers/STM32F4xx_HAL_Driver/Src/stm32f4xx_hal_uart.o
                0x00000000080088ea                HAL_UART_Receive_IT
 *fill*         0x000000000800894a        0x2 
 .text.HAL_UART_Transmit_DMA
                0x000000000800894c       0xfc ./Drivers/STM32F4xx_HAL_Driver/Src/stm32f4xx_hal_uart.o
                0x000000000800894c                HAL_UART_Transmit_DMA
 .text.HAL_UART_IRQHandler
                0x0000000008008a48      0x51c ./Drivers/STM32F4xx_HAL_Driver/Src/stm32f4xx_hal_uart.o
                0x0000000008008a48                HAL_UART_IRQHandler
 .text.HAL_UART_TxCpltCallback
                0x0000000008008f64       0x14 ./Drivers/STM32F4xx_HAL_Driver/Src/stm32f4xx_hal_uart.o
                0x0000000008008f64                HAL_UART_TxCpltCallback
 .text.HAL_UART_TxHalfCpltCallback
                0x0000000008008f78       0x14 ./Drivers/STM32F4xx_HAL_Driver/Src/stm32f4xx_hal_uart.o
                0x0000000008008f78                HAL_UART_TxHalfCpltCallback
 .text.HAL_UART_ErrorCallback
                0x0000000008008f8c       0x14 ./Drivers/STM32F4xx_HAL_Driver/Src/stm32f4xx_hal_uart.o
                0x0000000008008f8c                HAL_UART_ErrorCallback
 .text.HAL_UARTEx_RxEventCallback
                0x0000000008008fa0       0x18 ./Drivers/STM32F4xx_HAL_Driver/Src/stm32f4xx_hal_uart.o
                0x0000000008008fa0                HAL_UARTEx_RxEventCallback
 .text.UART_DMATransmitCplt
                0x0000000008008fb8       0x9a ./Drivers/STM32F4xx_HAL_Driver/Src/stm32f4xx_hal_uart.o
 .text.UART_DMATxHalfCplt
                0x0000000008009052       0x1c ./Drivers/STM32F4xx_HAL_Driver/Src/stm32f4xx_hal_uart.o
 .text.UART_DMAError
                0x000000000800906e       0x94 ./Drivers/STM32F4xx_HAL_Driver/Src/stm32f4xx_hal_uart.o
 .text.UART_Start_Receive_IT
                0x0000000008009102       0x7c ./Drivers/STM32F4xx_HAL_Driver/Src/stm32f4xx_hal_uart.o
                0x0000000008009102                UART_Start_Receive_IT
 .text.UART_EndTxTransfer
                0x000000000800917e       0x50 ./Drivers/STM32F4xx_HAL_Driver/Src/stm32f4xx_hal_uart.o
 .text.UART_EndRxTransfer
                0x00000000080091ce       0xc6 ./Drivers/STM32F4xx_HAL_Driver/Src/stm32f4xx_hal_uart.o
 .text.UART_DMAAbortOnError
                0x0000000008009294       0x28 ./Drivers/STM32F4xx_HAL_Driver/Src/stm32f4xx_hal_uart.o
 .text.UART_Transmit_IT
                0x00000000080092bc       0xa0 ./Drivers/STM32F4xx_HAL_Driver/Src/stm32f4xx_hal_uart.o
 .text.UART_EndTransmit_IT
                0x000000000800935c       0x30 ./Drivers/STM32F4xx_HAL_Driver/Src/stm32f4xx_hal_uart.o
 .text.UART_Receive_IT
                0x000000000800938c      0x176 ./Drivers/STM32F4xx_HAL_Driver/Src/stm32f4xx_hal_uart.o
 *fill*         0x0000000008009502        0x2 
 .text.UART_SetConfig
                0x0000000008009504      0x4e8 ./Drivers/STM32F4xx_HAL_Driver/Src/stm32f4xx_hal_uart.o
 .text.__NVIC_SetPriority
                0x00000000080099ec       0x54 ./Middlewares/Third_Party/FreeRTOS/Source/CMSIS_RTOS_V2/cmsis_os2.o
 .text.SysTick_Handler
                0x0000000008009a40       0x20 ./Middlewares/Third_Party/FreeRTOS/Source/CMSIS_RTOS_V2/cmsis_os2.o
                0x0000000008009a40                SysTick_Handler
 .text.SVC_Setup
                0x0000000008009a60       0x12 ./Middlewares/Third_Party/FreeRTOS/Source/CMSIS_RTOS_V2/cmsis_os2.o
 *fill*         0x0000000008009a72        0x2 
 .text.osKernelInitialize
                0x0000000008009a74       0x48 ./Middlewares/Third_Party/FreeRTOS/Source/CMSIS_RTOS_V2/cmsis_os2.o
                0x0000000008009a74                osKernelInitialize
 .text.osKernelStart
                0x0000000008009abc       0x4c ./Middlewares/Third_Party/FreeRTOS/Source/CMSIS_RTOS_V2/cmsis_os2.o
                0x0000000008009abc                osKernelStart
 .text.osKernelGetTickCount
                0x0000000008009b08       0x2a ./Middlewares/Third_Party/FreeRTOS/Source/CMSIS_RTOS_V2/cmsis_os2.o
                0x0000000008009b08                osKernelGetTickCount
 .text.osThreadNew
                0x0000000008009b32      0x124 ./Middlewares/Third_Party/FreeRTOS/Source/CMSIS_RTOS_V2/cmsis_os2.o
                0x0000000008009b32                osThreadNew
 *fill*         0x0000000008009c56        0x2 
 .text.osThreadFlagsSet
                0x0000000008009c58       0x9c ./Middlewares/Third_Party/FreeRTOS/Source/CMSIS_RTOS_V2/cmsis_os2.o
                0x0000000008009c58                osThreadFlagsSet
 .text.osThreadFlagsGet
                0x0000000008009cf4       0x42 ./Middlewares/Third_Party/FreeRTOS/Source/CMSIS_RTOS_V2/cmsis_os2.o
                0x0000000008009cf4                osThreadFlagsGet
 .text.osThreadFlagsWait
                0x0000000008009d36      0x102 ./Middlewares/Third_Party/FreeRTOS/Source/CMSIS_RTOS_V2/cmsis_os2.o
                0x0000000008009d36                osThreadFlagsWait
 .text.osDelay  0x0000000008009e38       0x36 ./Middlewares/Third_Party/FreeRTOS/Source/CMSIS_RTOS_V2/cmsis_os2.o
                0x0000000008009e38                osDelay
 .text.osDelayUntil
                0x0000000008009e6e       0x5a ./Middlewares/Third_Party/FreeRTOS/Source/CMSIS_RTOS_V2/cmsis_os2.o
                0x0000000008009e6e                osDelayUntil
 .text.TimerCallback
                0x0000000008009ec8       0x2a ./Middlewares/Third_Party/FreeRTOS/Source/CMSIS_RTOS_V2/cmsis_os2.o
 *fill*         0x0000000008009ef2        0x2 
 .text.osTimerNew
                0x0000000008009ef4       0xf8 ./Middlewares/Third_Party/FreeRTOS/Source/CMSIS_RTOS_V2/cmsis_os2.o
                0x0000000008009ef4                osTimerNew
 .text.osTimerStart
                0x0000000008009fec       0x5c ./Middlewares/Third_Party/FreeRTOS/Source/CMSIS_RTOS_V2/cmsis_os2.o
                0x0000000008009fec                osTimerStart
 .text.osMutexNew
                0x000000000800a048      0x10c ./Middlewares/Third_Party/FreeRTOS/Source/CMSIS_RTOS_V2/cmsis_os2.o
                0x000000000800a048                osMutexNew
 .text.osMutexAcquire
                0x000000000800a154       0x96 ./Middlewares/Third_Party/FreeRTOS/Source/CMSIS_RTOS_V2/cmsis_os2.o
                0x000000000800a154                osMutexAcquire
 .text.osMutexRelease
                0x000000000800a1ea       0x7a ./Middlewares/Third_Party/FreeRTOS/Source/CMSIS_RTOS_V2/cmsis_os2.o
                0x000000000800a1ea                osMutexRelease
 .text.osSemaphoreNew
                0x000000000800a264      0x112 ./Middlewares/Third_Party/FreeRTOS/Source/CMSIS_RTOS_V2/cmsis_os2.o
                0x000000000800a264                osSemaphoreNew
 *fill*         0x000000000800a376        0x2 
 .text.vApplicationGetIdleTaskMemory
                0x000000000800a378       0x34 ./Middlewares/Third_Party/FreeRTOS/Source/CMSIS_RTOS_V2/cmsis_os2.o
                0x000000000800a378                vApplicationGetIdleTaskMemory
 .text.vApplicationGetTimerTaskMemory
                0x000000000800a3ac       0x34 ./Middlewares/Third_Party/FreeRTOS/Source/CMSIS_RTOS_V2/cmsis_os2.o
                0x000000000800a3ac                vApplicationGetTimerTaskMemory
 .text.vListInitialise
                0x000000000800a3e0       0x40 ./Middlewares/Third_Party/FreeRTOS/Source/list.o
                0x000000000800a3e0                vListInitialise
 .text.vListInitialiseItem
                0x000000000800a420       0x1a ./Middlewares/Third_Party/FreeRTOS/Source/list.o
                0x000000000800a420                vListInitialiseItem
 .text.vListInsertEnd
                0x000000000800a43a       0x48 ./Middlewares/Third_Party/FreeRTOS/Source/list.o
                0x000000000800a43a                vListInsertEnd
 .text.vListInsert
                0x000000000800a482       0x72 ./Middlewares/Third_Party/FreeRTOS/Source/list.o
                0x000000000800a482                vListInsert
 .text.uxListRemove
                0x000000000800a4f4       0x54 ./Middlewares/Third_Party/FreeRTOS/Source/list.o
                0x000000000800a4f4                uxListRemove
 .text.xQueueGenericReset
                0x000000000800a548       0xd0 ./Middlewares/Third_Party/FreeRTOS/Source/queue.o
                0x000000000800a548                xQueueGenericReset
 .text.xQueueGenericCreateStatic
                0x000000000800a618       0xf0 ./Middlewares/Third_Party/FreeRTOS/Source/queue.o
                0x000000000800a618                xQueueGenericCreateStatic
 .text.xQueueGenericCreate
                0x000000000800a708       0x74 ./Middlewares/Third_Party/FreeRTOS/Source/queue.o
                0x000000000800a708                xQueueGenericCreate
 .text.prvInitialiseNewQueue
                0x000000000800a77c       0x46 ./Middlewares/Third_Party/FreeRTOS/Source/queue.o
 .text.prvInitialiseMutex
                0x000000000800a7c2       0x34 ./Middlewares/Third_Party/FreeRTOS/Source/queue.o
 .text.xQueueCreateMutex
                0x000000000800a7f6       0x30 ./Middlewares/Third_Party/FreeRTOS/Source/queue.o
                0x000000000800a7f6                xQueueCreateMutex
 .text.xQueueCreateMutexStatic
                0x000000000800a826       0x36 ./Middlewares/Third_Party/FreeRTOS/Source/queue.o
                0x000000000800a826                xQueueCreateMutexStatic
 .text.xQueueGiveMutexRecursive
                0x000000000800a85c       0x68 ./Middlewares/Third_Party/FreeRTOS/Source/queue.o
                0x000000000800a85c                xQueueGiveMutexRecursive
 .text.xQueueTakeMutexRecursive
                0x000000000800a8c4       0x6c ./Middlewares/Third_Party/FreeRTOS/Source/queue.o
                0x000000000800a8c4                xQueueTakeMutexRecursive
 .text.xQueueCreateCountingSemaphoreStatic
                0x000000000800a930       0x6e ./Middlewares/Third_Party/FreeRTOS/Source/queue.o
                0x000000000800a930                xQueueCreateCountingSemaphoreStatic
 .text.xQueueCreateCountingSemaphore
                0x000000000800a99e       0x66 ./Middlewares/Third_Party/FreeRTOS/Source/queue.o
                0x000000000800a99e                xQueueCreateCountingSemaphore
 .text.xQueueGenericSend
                0x000000000800aa04      0x1fc ./Middlewares/Third_Party/FreeRTOS/Source/queue.o
                0x000000000800aa04                xQueueGenericSend
 .text.xQueueGenericSendFromISR
                0x000000000800ac00      0x136 ./Middlewares/Third_Party/FreeRTOS/Source/queue.o
                0x000000000800ac00                xQueueGenericSendFromISR
 *fill*         0x000000000800ad36        0x2 
 .text.xQueueReceive
                0x000000000800ad38      0x1c0 ./Middlewares/Third_Party/FreeRTOS/Source/queue.o
                0x000000000800ad38                xQueueReceive
 .text.xQueueSemaphoreTake
                0x000000000800aef8      0x218 ./Middlewares/Third_Party/FreeRTOS/Source/queue.o
                0x000000000800aef8                xQueueSemaphoreTake
 .text.vQueueDelete
                0x000000000800b110       0x46 ./Middlewares/Third_Party/FreeRTOS/Source/queue.o
                0x000000000800b110                vQueueDelete
 .text.prvGetDisinheritPriorityAfterTimeout
                0x000000000800b156       0x30 ./Middlewares/Third_Party/FreeRTOS/Source/queue.o
 .text.prvCopyDataToQueue
                0x000000000800b186       0xd4 ./Middlewares/Third_Party/FreeRTOS/Source/queue.o
 .text.prvCopyDataFromQueue
                0x000000000800b25a       0x4c ./Middlewares/Third_Party/FreeRTOS/Source/queue.o
 .text.prvUnlockQueue
                0x000000000800b2a6       0xa4 ./Middlewares/Third_Party/FreeRTOS/Source/queue.o
 .text.prvIsQueueEmpty
                0x000000000800b34a       0x2c ./Middlewares/Third_Party/FreeRTOS/Source/queue.o
 .text.prvIsQueueFull
                0x000000000800b376       0x30 ./Middlewares/Third_Party/FreeRTOS/Source/queue.o
 *fill*         0x000000000800b3a6        0x2 
 .text.vQueueAddToRegistry
                0x000000000800b3a8       0x54 ./Middlewares/Third_Party/FreeRTOS/Source/queue.o
                0x000000000800b3a8                vQueueAddToRegistry
 .text.vQueueUnregisterQueue
                0x000000000800b3fc       0x54 ./Middlewares/Third_Party/FreeRTOS/Source/queue.o
                0x000000000800b3fc                vQueueUnregisterQueue
 .text.vQueueWaitForMessageRestricted
                0x000000000800b450       0x68 ./Middlewares/Third_Party/FreeRTOS/Source/queue.o
                0x000000000800b450                vQueueWaitForMessageRestricted
 .text.xTaskCreateStatic
                0x000000000800b4b8       0xba ./Middlewares/Third_Party/FreeRTOS/Source/tasks.o
                0x000000000800b4b8                xTaskCreateStatic
 .text.xTaskCreate
                0x000000000800b572       0x8a ./Middlewares/Third_Party/FreeRTOS/Source/tasks.o
                0x000000000800b572                xTaskCreate
 .text.prvInitialiseNewTask
                0x000000000800b5fc      0x14c ./Middlewares/Third_Party/FreeRTOS/Source/tasks.o
 .text.prvAddNewTaskToReadyList
                0x000000000800b748       0xe0 ./Middlewares/Third_Party/FreeRTOS/Source/tasks.o
 .text.vTaskDelayUntil
                0x000000000800b828       0xfc ./Middlewares/Third_Party/FreeRTOS/Source/tasks.o
                0x000000000800b828                vTaskDelayUntil
 .text.vTaskDelay
                0x000000000800b924       0x68 ./Middlewares/Third_Party/FreeRTOS/Source/tasks.o
                0x000000000800b924                vTaskDelay
 .text.vTaskStartScheduler
                0x000000000800b98c       0xe0 ./Middlewares/Third_Party/FreeRTOS/Source/tasks.o
                0x000000000800b98c                vTaskStartScheduler
 .text.vTaskSuspendAll
                0x000000000800ba6c       0x1c ./Middlewares/Third_Party/FreeRTOS/Source/tasks.o
                0x000000000800ba6c                vTaskSuspendAll
 .text.xTaskResumeAll
                0x000000000800ba88      0x13c ./Middlewares/Third_Party/FreeRTOS/Source/tasks.o
                0x000000000800ba88                xTaskResumeAll
 .text.xTaskGetTickCount
                0x000000000800bbc4       0x20 ./Middlewares/Third_Party/FreeRTOS/Source/tasks.o
                0x000000000800bbc4                xTaskGetTickCount
 .text.xTaskGetTickCountFromISR
                0x000000000800bbe4       0x24 ./Middlewares/Third_Party/FreeRTOS/Source/tasks.o
                0x000000000800bbe4                xTaskGetTickCountFromISR
 .text.xTaskIncrementTick
                0x000000000800bc08      0x174 ./Middlewares/Third_Party/FreeRTOS/Source/tasks.o
                0x000000000800bc08                xTaskIncrementTick
 .text.vTaskSwitchContext
                0x000000000800bd7c       0xc8 ./Middlewares/Third_Party/FreeRTOS/Source/tasks.o
                0x000000000800bd7c                vTaskSwitchContext
 .text.vTaskPlaceOnEventList
                0x000000000800be44       0x48 ./Middlewares/Third_Party/FreeRTOS/Source/tasks.o
                0x000000000800be44                vTaskPlaceOnEventList
 .text.vTaskPlaceOnEventListRestricted
                0x000000000800be8c       0x58 ./Middlewares/Third_Party/FreeRTOS/Source/tasks.o
                0x000000000800be8c                vTaskPlaceOnEventListRestricted
 .text.xTaskRemoveFromEventList
                0x000000000800bee4       0xc8 ./Middlewares/Third_Party/FreeRTOS/Source/tasks.o
                0x000000000800bee4                xTaskRemoveFromEventList
 .text.vTaskInternalSetTimeOutState
                0x000000000800bfac       0x2c ./Middlewares/Third_Party/FreeRTOS/Source/tasks.o
                0x000000000800bfac                vTaskInternalSetTimeOutState
 .text.xTaskCheckForTimeOut
                0x000000000800bfd8       0xc4 ./Middlewares/Third_Party/FreeRTOS/Source/tasks.o
                0x000000000800bfd8                xTaskCheckForTimeOut
 .text.vTaskMissedYield
                0x000000000800c09c       0x18 ./Middlewares/Third_Party/FreeRTOS/Source/tasks.o
                0x000000000800c09c                vTaskMissedYield
 .text.prvIdleTask
                0x000000000800c0b4       0x30 ./Middlewares/Third_Party/FreeRTOS/Source/tasks.o
 .text.prvInitialiseTaskLists
                0x000000000800c0e4       0x80 ./Middlewares/Third_Party/FreeRTOS/Source/tasks.o
 .text.prvCheckTasksWaitingTermination
                0x000000000800c164       0x5c ./Middlewares/Third_Party/FreeRTOS/Source/tasks.o
 .text.prvDeleteTCB
                0x000000000800c1c0       0x68 ./Middlewares/Third_Party/FreeRTOS/Source/tasks.o
 .text.prvResetNextTaskUnblockTime
                0x000000000800c228       0x40 ./Middlewares/Third_Party/FreeRTOS/Source/tasks.o
 .text.xTaskGetCurrentTaskHandle
                0x000000000800c268       0x20 ./Middlewares/Third_Party/FreeRTOS/Source/tasks.o
                0x000000000800c268                xTaskGetCurrentTaskHandle
 .text.xTaskGetSchedulerState
                0x000000000800c288       0x3c ./Middlewares/Third_Party/FreeRTOS/Source/tasks.o
                0x000000000800c288                xTaskGetSchedulerState
 .text.xTaskPriorityInherit
                0x000000000800c2c4       0xd0 ./Middlewares/Third_Party/FreeRTOS/Source/tasks.o
                0x000000000800c2c4                xTaskPriorityInherit
 .text.xTaskPriorityDisinherit
                0x000000000800c394       0xdc ./Middlewares/Third_Party/FreeRTOS/Source/tasks.o
                0x000000000800c394                xTaskPriorityDisinherit
 .text.vTaskPriorityDisinheritAfterTimeout
                0x000000000800c470      0x104 ./Middlewares/Third_Party/FreeRTOS/Source/tasks.o
                0x000000000800c470                vTaskPriorityDisinheritAfterTimeout
 .text.pvTaskIncrementMutexHeldCount
                0x000000000800c574       0x28 ./Middlewares/Third_Party/FreeRTOS/Source/tasks.o
                0x000000000800c574                pvTaskIncrementMutexHeldCount
 .text.xTaskNotifyWait
                0x000000000800c59c       0xc0 ./Middlewares/Third_Party/FreeRTOS/Source/tasks.o
                0x000000000800c59c                xTaskNotifyWait
 .text.xTaskGenericNotify
                0x000000000800c65c      0x17c ./Middlewares/Third_Party/FreeRTOS/Source/tasks.o
                0x000000000800c65c                xTaskGenericNotify
 .text.xTaskGenericNotifyFromISR
                0x000000000800c7d8      0x1c8 ./Middlewares/Third_Party/FreeRTOS/Source/tasks.o
                0x000000000800c7d8                xTaskGenericNotifyFromISR
 .text.prvAddCurrentTaskToDelayedList
                0x000000000800c9a0       0xa8 ./Middlewares/Third_Party/FreeRTOS/Source/tasks.o
 .text.xTimerCreateTimerTask
                0x000000000800ca48       0x90 ./Middlewares/Third_Party/FreeRTOS/Source/timers.o
                0x000000000800ca48                xTimerCreateTimerTask
 .text.xTimerCreate
                0x000000000800cad8       0x42 ./Middlewares/Third_Party/FreeRTOS/Source/timers.o
                0x000000000800cad8                xTimerCreate
 .text.xTimerCreateStatic
                0x000000000800cb1a       0x7c ./Middlewares/Third_Party/FreeRTOS/Source/timers.o
                0x000000000800cb1a                xTimerCreateStatic
 .text.prvInitialiseNewTimer
                0x000000000800cb96       0x76 ./Middlewares/Third_Party/FreeRTOS/Source/timers.o
 .text.xTimerGenericCommand
                0x000000000800cc0c       0x9c ./Middlewares/Third_Party/FreeRTOS/Source/timers.o
                0x000000000800cc0c                xTimerGenericCommand
 .text.prvProcessExpiredTimer
                0x000000000800cca8       0x98 ./Middlewares/Third_Party/FreeRTOS/Source/timers.o
 .text.prvTimerTask
                0x000000000800cd40       0x24 ./Middlewares/Third_Party/FreeRTOS/Source/timers.o
 .text.prvProcessTimerOrBlockTask
                0x000000000800cd64       0x9c ./Middlewares/Third_Party/FreeRTOS/Source/timers.o
 .text.prvGetNextExpireTime
                0x000000000800ce00       0x48 ./Middlewares/Third_Party/FreeRTOS/Source/timers.o
 .text.prvSampleTimeNow
                0x000000000800ce48       0x40 ./Middlewares/Third_Party/FreeRTOS/Source/timers.o
 .text.prvInsertTimerInActiveList
                0x000000000800ce88       0x84 ./Middlewares/Third_Party/FreeRTOS/Source/timers.o
 .text.prvProcessReceivedCommands
                0x000000000800cf0c      0x1c4 ./Middlewares/Third_Party/FreeRTOS/Source/timers.o
 .text.prvSwitchTimerLists
                0x000000000800d0d0       0xc8 ./Middlewares/Third_Party/FreeRTOS/Source/timers.o
 .text.prvCheckForValidListAndQueue
                0x000000000800d198       0x80 ./Middlewares/Third_Party/FreeRTOS/Source/timers.o
 .text.pvTimerGetTimerID
                0x000000000800d218       0x40 ./Middlewares/Third_Party/FreeRTOS/Source/timers.o
                0x000000000800d218                pvTimerGetTimerID
 .text.pxPortInitialiseStack
                0x000000000800d258       0x68 ./Middlewares/Third_Party/FreeRTOS/Source/portable/GCC/ARM_CM4F/port.o
                0x000000000800d258                pxPortInitialiseStack
 .text.prvTaskExitError
                0x000000000800d2c0       0x58 ./Middlewares/Third_Party/FreeRTOS/Source/portable/GCC/ARM_CM4F/port.o
 *fill*         0x000000000800d318        0x8 
 .text.SVC_Handler
                0x000000000800d320       0x28 ./Middlewares/Third_Party/FreeRTOS/Source/portable/GCC/ARM_CM4F/port.o
                0x000000000800d320                SVC_Handler
 .text.prvPortStartFirstTask
                0x000000000800d348       0x28 ./Middlewares/Third_Party/FreeRTOS/Source/portable/GCC/ARM_CM4F/port.o
 .text.xPortStartScheduler
                0x000000000800d370      0x144 ./Middlewares/Third_Party/FreeRTOS/Source/portable/GCC/ARM_CM4F/port.o
                0x000000000800d370                xPortStartScheduler
 .text.vPortEnterCritical
                0x000000000800d4b4       0x60 ./Middlewares/Third_Party/FreeRTOS/Source/portable/GCC/ARM_CM4F/port.o
                0x000000000800d4b4                vPortEnterCritical
 .text.vPortExitCritical
                0x000000000800d514       0x54 ./Middlewares/Third_Party/FreeRTOS/Source/portable/GCC/ARM_CM4F/port.o
                0x000000000800d514                vPortExitCritical
 *fill*         0x000000000800d568        0x8 
 .text.PendSV_Handler
                0x000000000800d570       0x68 ./Middlewares/Third_Party/FreeRTOS/Source/portable/GCC/ARM_CM4F/port.o
                0x000000000800d570                PendSV_Handler
 .text.xPortSysTickHandler
                0x000000000800d5d8       0x44 ./Middlewares/Third_Party/FreeRTOS/Source/portable/GCC/ARM_CM4F/port.o
                0x000000000800d5d8                xPortSysTickHandler
 .text.vPortSetupTimerInterrupt
                0x000000000800d61c       0x48 ./Middlewares/Third_Party/FreeRTOS/Source/portable/GCC/ARM_CM4F/port.o
                0x000000000800d61c                vPortSetupTimerInterrupt
 .text.vPortEnableVFP
                0x000000000800d664       0x14 ./Middlewares/Third_Party/FreeRTOS/Source/portable/GCC/ARM_CM4F/port.o
 .text.vPortValidateInterruptPriority
                0x000000000800d678       0x80 ./Middlewares/Third_Party/FreeRTOS/Source/portable/GCC/ARM_CM4F/port.o
                0x000000000800d678                vPortValidateInterruptPriority
 .text.pvPortMalloc
                0x000000000800d6f8      0x198 ./Middlewares/Third_Party/FreeRTOS/Source/portable/MemMang/heap_4.o
                0x000000000800d6f8                pvPortMalloc
 .text.vPortFree
                0x000000000800d890       0xc4 ./Middlewares/Third_Party/FreeRTOS/Source/portable/MemMang/heap_4.o
                0x000000000800d890                vPortFree
 .text.prvHeapInit
                0x000000000800d954       0xc4 ./Middlewares/Third_Party/FreeRTOS/Source/portable/MemMang/heap_4.o
 .text.prvInsertBlockIntoFreeList
                0x000000000800da18       0xb4 ./Middlewares/Third_Party/FreeRTOS/Source/portable/MemMang/heap_4.o
 .text.__errno  0x000000000800dacc        0xc c:/st/stm32cubeide_1.6.1/stm32cubeide/plugins/com.st.stm32cube.ide.mcu.externaltools.gnu-tools-for-stm32.10.3-2021.10.win32_1.0.0.202111181127/tools/bin/../lib/gcc/arm-none-eabi/10.3.1/../../../../arm-none-eabi/lib/thumb/v7e-m+fp/hard\libc_nano.a(lib_a-errno.o)
                0x000000000800dacc                __errno
 .text.std      0x000000000800dad8       0x48 c:/st/stm32cubeide_1.6.1/stm32cubeide/plugins/com.st.stm32cube.ide.mcu.externaltools.gnu-tools-for-stm32.10.3-2021.10.win32_1.0.0.202111181127/tools/bin/../lib/gcc/arm-none-eabi/10.3.1/../../../../arm-none-eabi/lib/thumb/v7e-m+fp/hard\libc_nano.a(lib_a-findfp.o)
 .text._cleanup_r
                0x000000000800db20        0xc c:/st/stm32cubeide_1.6.1/stm32cubeide/plugins/com.st.stm32cube.ide.mcu.externaltools.gnu-tools-for-stm32.10.3-2021.10.win32_1.0.0.202111181127/tools/bin/../lib/gcc/arm-none-eabi/10.3.1/../../../../arm-none-eabi/lib/thumb/v7e-m+fp/hard\libc_nano.a(lib_a-findfp.o)
                0x000000000800db20                _cleanup_r
 .text.__sfmoreglue
                0x000000000800db2c       0x2c c:/st/stm32cubeide_1.6.1/stm32cubeide/plugins/com.st.stm32cube.ide.mcu.externaltools.gnu-tools-for-stm32.10.3-2021.10.win32_1.0.0.202111181127/tools/bin/../lib/gcc/arm-none-eabi/10.3.1/../../../../arm-none-eabi/lib/thumb/v7e-m+fp/hard\libc_nano.a(lib_a-findfp.o)
                0x000000000800db2c                __sfmoreglue
 .text.__sfp_lock_acquire
                0x000000000800db58        0xc c:/st/stm32cubeide_1.6.1/stm32cubeide/plugins/com.st.stm32cube.ide.mcu.externaltools.gnu-tools-for-stm32.10.3-2021.10.win32_1.0.0.202111181127/tools/bin/../lib/gcc/arm-none-eabi/10.3.1/../../../../arm-none-eabi/lib/thumb/v7e-m+fp/hard\libc_nano.a(lib_a-findfp.o)
                0x000000000800db58                __sfp_lock_acquire
 .text.__sfp_lock_release
                0x000000000800db64        0xc c:/st/stm32cubeide_1.6.1/stm32cubeide/plugins/com.st.stm32cube.ide.mcu.externaltools.gnu-tools-for-stm32.10.3-2021.10.win32_1.0.0.202111181127/tools/bin/../lib/gcc/arm-none-eabi/10.3.1/../../../../arm-none-eabi/lib/thumb/v7e-m+fp/hard\libc_nano.a(lib_a-findfp.o)
                0x000000000800db64                __sfp_lock_release
 .text.__sinit_lock_acquire
                0x000000000800db70        0xc c:/st/stm32cubeide_1.6.1/stm32cubeide/plugins/com.st.stm32cube.ide.mcu.externaltools.gnu-tools-for-stm32.10.3-2021.10.win32_1.0.0.202111181127/tools/bin/../lib/gcc/arm-none-eabi/10.3.1/../../../../arm-none-eabi/lib/thumb/v7e-m+fp/hard\libc_nano.a(lib_a-findfp.o)
                0x000000000800db70                __sinit_lock_acquire
 .text.__sinit_lock_release
                0x000000000800db7c        0xc c:/st/stm32cubeide_1.6.1/stm32cubeide/plugins/com.st.stm32cube.ide.mcu.externaltools.gnu-tools-for-stm32.10.3-2021.10.win32_1.0.0.202111181127/tools/bin/../lib/gcc/arm-none-eabi/10.3.1/../../../../arm-none-eabi/lib/thumb/v7e-m+fp/hard\libc_nano.a(lib_a-findfp.o)
                0x000000000800db7c                __sinit_lock_release
 .text.__sinit  0x000000000800db88       0x70 c:/st/stm32cubeide_1.6.1/stm32cubeide/plugins/com.st.stm32cube.ide.mcu.externaltools.gnu-tools-for-stm32.10.3-2021.10.win32_1.0.0.202111181127/tools/bin/../lib/gcc/arm-none-eabi/10.3.1/../../../../arm-none-eabi/lib/thumb/v7e-m+fp/hard\libc_nano.a(lib_a-findfp.o)
                0x000000000800db88                __sinit
 .text.__sfp    0x000000000800dbf8       0x8c c:/st/stm32cubeide_1.6.1/stm32cubeide/plugins/com.st.stm32cube.ide.mcu.externaltools.gnu-tools-for-stm32.10.3-2021.10.win32_1.0.0.202111181127/tools/bin/../lib/gcc/arm-none-eabi/10.3.1/../../../../arm-none-eabi/lib/thumb/v7e-m+fp/hard\libc_nano.a(lib_a-findfp.o)
                0x000000000800dbf8                __sfp
 .text._fwalk_reent
                0x000000000800dc84       0x3e c:/st/stm32cubeide_1.6.1/stm32cubeide/plugins/com.st.stm32cube.ide.mcu.externaltools.gnu-tools-for-stm32.10.3-2021.10.win32_1.0.0.202111181127/tools/bin/../lib/gcc/arm-none-eabi/10.3.1/../../../../arm-none-eabi/lib/thumb/v7e-m+fp/hard\libc_nano.a(lib_a-fwalk.o)
                0x000000000800dc84                _fwalk_reent
 *fill*         0x000000000800dcc2        0x2 
 .text.__libc_init_array
                0x000000000800dcc4       0x48 c:/st/stm32cubeide_1.6.1/stm32cubeide/plugins/com.st.stm32cube.ide.mcu.externaltools.gnu-tools-for-stm32.10.3-2021.10.win32_1.0.0.202111181127/tools/bin/../lib/gcc/arm-none-eabi/10.3.1/../../../../arm-none-eabi/lib/thumb/v7e-m+fp/hard\libc_nano.a(lib_a-init.o)
                0x000000000800dcc4                __libc_init_array
 .text.__retarget_lock_init_recursive
                0x000000000800dd0c        0x2 c:/st/stm32cubeide_1.6.1/stm32cubeide/plugins/com.st.stm32cube.ide.mcu.externaltools.gnu-tools-for-stm32.10.3-2021.10.win32_1.0.0.202111181127/tools/bin/../lib/gcc/arm-none-eabi/10.3.1/../../../../arm-none-eabi/lib/thumb/v7e-m+fp/hard\libc_nano.a(lib_a-lock.o)
                0x000000000800dd0c                __retarget_lock_init_recursive
 .text.__retarget_lock_acquire_recursive
                0x000000000800dd0e        0x2 c:/st/stm32cubeide_1.6.1/stm32cubeide/plugins/com.st.stm32cube.ide.mcu.externaltools.gnu-tools-for-stm32.10.3-2021.10.win32_1.0.0.202111181127/tools/bin/../lib/gcc/arm-none-eabi/10.3.1/../../../../arm-none-eabi/lib/thumb/v7e-m+fp/hard\libc_nano.a(lib_a-lock.o)
                0x000000000800dd0e                __retarget_lock_acquire_recursive
 .text.__retarget_lock_release_recursive
                0x000000000800dd10        0x2 c:/st/stm32cubeide_1.6.1/stm32cubeide/plugins/com.st.stm32cube.ide.mcu.externaltools.gnu-tools-for-stm32.10.3-2021.10.win32_1.0.0.202111181127/tools/bin/../lib/gcc/arm-none-eabi/10.3.1/../../../../arm-none-eabi/lib/thumb/v7e-m+fp/hard\libc_nano.a(lib_a-lock.o)
                0x000000000800dd10                __retarget_lock_release_recursive
 .text.memcpy   0x000000000800dd12       0x1c c:/st/stm32cubeide_1.6.1/stm32cubeide/plugins/com.st.stm32cube.ide.mcu.externaltools.gnu-tools-for-stm32.10.3-2021.10.win32_1.0.0.202111181127/tools/bin/../lib/gcc/arm-none-eabi/10.3.1/../../../../arm-none-eabi/lib/thumb/v7e-m+fp/hard\libc_nano.a(lib_a-memcpy-stub.o)
                0x000000000800dd12                memcpy
 .text.memset   0x000000000800dd2e       0x10 c:/st/stm32cubeide_1.6.1/stm32cubeide/plugins/com.st.stm32cube.ide.mcu.externaltools.gnu-tools-for-stm32.10.3-2021.10.win32_1.0.0.202111181127/tools/bin/../lib/gcc/arm-none-eabi/10.3.1/../../../../arm-none-eabi/lib/thumb/v7e-m+fp/hard\libc_nano.a(lib_a-memset.o)
                0x000000000800dd2e                memset
 *fill*         0x000000000800dd3e        0x2 
 .text.sbrk_aligned
                0x000000000800dd40       0x40 c:/st/stm32cubeide_1.6.1/stm32cubeide/plugins/com.st.stm32cube.ide.mcu.externaltools.gnu-tools-for-stm32.10.3-2021.10.win32_1.0.0.202111181127/tools/bin/../lib/gcc/arm-none-eabi/10.3.1/../../../../arm-none-eabi/lib/thumb/v7e-m+fp/hard\libc_nano.a(lib_a-nano-mallocr.o)
 .text._malloc_r
                0x000000000800dd80       0xe8 c:/st/stm32cubeide_1.6.1/stm32cubeide/plugins/com.st.stm32cube.ide.mcu.externaltools.gnu-tools-for-stm32.10.3-2021.10.win32_1.0.0.202111181127/tools/bin/../lib/gcc/arm-none-eabi/10.3.1/../../../../arm-none-eabi/lib/thumb/v7e-m+fp/hard\libc_nano.a(lib_a-nano-mallocr.o)
                0x000000000800dd80                _malloc_r
 .text.__cvt    0x000000000800de68       0xc4 c:/st/stm32cubeide_1.6.1/stm32cubeide/plugins/com.st.stm32cube.ide.mcu.externaltools.gnu-tools-for-stm32.10.3-2021.10.win32_1.0.0.202111181127/tools/bin/../lib/gcc/arm-none-eabi/10.3.1/../../../../arm-none-eabi/lib/thumb/v7e-m+fp/hard\libc_nano.a(lib_a-nano-vfprintf_float.o)
                0x000000000800de68                __cvt
 .text.__exponent
                0x000000000800df2c       0x7c c:/st/stm32cubeide_1.6.1/stm32cubeide/plugins/com.st.stm32cube.ide.mcu.externaltools.gnu-tools-for-stm32.10.3-2021.10.win32_1.0.0.202111181127/tools/bin/../lib/gcc/arm-none-eabi/10.3.1/../../../../arm-none-eabi/lib/thumb/v7e-m+fp/hard\libc_nano.a(lib_a-nano-vfprintf_float.o)
                0x000000000800df2c                __exponent
 .text._printf_float
                0x000000000800dfa8      0x46c c:/st/stm32cubeide_1.6.1/stm32cubeide/plugins/com.st.stm32cube.ide.mcu.externaltools.gnu-tools-for-stm32.10.3-2021.10.win32_1.0.0.202111181127/tools/bin/../lib/gcc/arm-none-eabi/10.3.1/../../../../arm-none-eabi/lib/thumb/v7e-m+fp/hard\libc_nano.a(lib_a-nano-vfprintf_float.o)
                0x000000000800dfa8                _printf_float
 .text._printf_common
                0x000000000800e414       0xda c:/st/stm32cubeide_1.6.1/stm32cubeide/plugins/com.st.stm32cube.ide.mcu.externaltools.gnu-tools-for-stm32.10.3-2021.10.win32_1.0.0.202111181127/tools/bin/../lib/gcc/arm-none-eabi/10.3.1/../../../../arm-none-eabi/lib/thumb/v7e-m+fp/hard\libc_nano.a(lib_a-nano-vfprintf_i.o)
                0x000000000800e414                _printf_common
 *fill*         0x000000000800e4ee        0x2 
 .text._printf_i
                0x000000000800e4f0      0x24c c:/st/stm32cubeide_1.6.1/stm32cubeide/plugins/com.st.stm32cube.ide.mcu.externaltools.gnu-tools-for-stm32.10.3-2021.10.win32_1.0.0.202111181127/tools/bin/../lib/gcc/arm-none-eabi/10.3.1/../../../../arm-none-eabi/lib/thumb/v7e-m+fp/hard\libc_nano.a(lib_a-nano-vfprintf_i.o)
                0x000000000800e4f0                _printf_i
 .text.printf   0x000000000800e73c       0x30 c:/st/stm32cubeide_1.6.1/stm32cubeide/plugins/com.st.stm32cube.ide.mcu.externaltools.gnu-tools-for-stm32.10.3-2021.10.win32_1.0.0.202111181127/tools/bin/../lib/gcc/arm-none-eabi/10.3.1/../../../../arm-none-eabi/lib/thumb/v7e-m+fp/hard\libc_nano.a(lib_a-printf.o)
                0x000000000800e73c                iprintf
                0x000000000800e73c                printf
 .text._puts_r  0x000000000800e76c       0xdc c:/st/stm32cubeide_1.6.1/stm32cubeide/plugins/com.st.stm32cube.ide.mcu.externaltools.gnu-tools-for-stm32.10.3-2021.10.win32_1.0.0.202111181127/tools/bin/../lib/gcc/arm-none-eabi/10.3.1/../../../../arm-none-eabi/lib/thumb/v7e-m+fp/hard\libc_nano.a(lib_a-puts.o)
                0x000000000800e76c                _puts_r
 .text.puts     0x000000000800e848       0x10 c:/st/stm32cubeide_1.6.1/stm32cubeide/plugins/com.st.stm32cube.ide.mcu.externaltools.gnu-tools-for-stm32.10.3-2021.10.win32_1.0.0.202111181127/tools/bin/../lib/gcc/arm-none-eabi/10.3.1/../../../../arm-none-eabi/lib/thumb/v7e-m+fp/hard\libc_nano.a(lib_a-puts.o)
                0x000000000800e848                puts
 .text.cleanup_glue
                0x000000000800e858       0x1a c:/st/stm32cubeide_1.6.1/stm32cubeide/plugins/com.st.stm32cube.ide.mcu.externaltools.gnu-tools-for-stm32.10.3-2021.10.win32_1.0.0.202111181127/tools/bin/../lib/gcc/arm-none-eabi/10.3.1/../../../../arm-none-eabi/lib/thumb/v7e-m+fp/hard\libc_nano.a(lib_a-reent.o)
                0x000000000800e858                cleanup_glue
 *fill*         0x000000000800e872        0x2 
 .text._reclaim_reent
                0x000000000800e874       0xb8 c:/st/stm32cubeide_1.6.1/stm32cubeide/plugins/com.st.stm32cube.ide.mcu.externaltools.gnu-tools-for-stm32.10.3-2021.10.win32_1.0.0.202111181127/tools/bin/../lib/gcc/arm-none-eabi/10.3.1/../../../../arm-none-eabi/lib/thumb/v7e-m+fp/hard\libc_nano.a(lib_a-reent.o)
                0x000000000800e874                _reclaim_reent
 .text._sbrk_r  0x000000000800e92c       0x20 c:/st/stm32cubeide_1.6.1/stm32cubeide/plugins/com.st.stm32cube.ide.mcu.externaltools.gnu-tools-for-stm32.10.3-2021.10.win32_1.0.0.202111181127/tools/bin/../lib/gcc/arm-none-eabi/10.3.1/../../../../arm-none-eabi/lib/thumb/v7e-m+fp/hard\libc_nano.a(lib_a-sbrkr.o)
                0x000000000800e92c                _sbrk_r
 .text.__sread  0x000000000800e94c       0x22 c:/st/stm32cubeide_1.6.1/stm32cubeide/plugins/com.st.stm32cube.ide.mcu.externaltools.gnu-tools-for-stm32.10.3-2021.10.win32_1.0.0.202111181127/tools/bin/../lib/gcc/arm-none-eabi/10.3.1/../../../../arm-none-eabi/lib/thumb/v7e-m+fp/hard\libc_nano.a(lib_a-stdio.o)
                0x000000000800e94c                __sread
 .text.__swrite
                0x000000000800e96e       0x38 c:/st/stm32cubeide_1.6.1/stm32cubeide/plugins/com.st.stm32cube.ide.mcu.externaltools.gnu-tools-for-stm32.10.3-2021.10.win32_1.0.0.202111181127/tools/bin/../lib/gcc/arm-none-eabi/10.3.1/../../../../arm-none-eabi/lib/thumb/v7e-m+fp/hard\libc_nano.a(lib_a-stdio.o)
                0x000000000800e96e                __swrite
 .text.__sseek  0x000000000800e9a6       0x24 c:/st/stm32cubeide_1.6.1/stm32cubeide/plugins/com.st.stm32cube.ide.mcu.externaltools.gnu-tools-for-stm32.10.3-2021.10.win32_1.0.0.202111181127/tools/bin/../lib/gcc/arm-none-eabi/10.3.1/../../../../arm-none-eabi/lib/thumb/v7e-m+fp/hard\libc_nano.a(lib_a-stdio.o)
                0x000000000800e9a6                __sseek
 .text.__sclose
                0x000000000800e9ca        0x8 c:/st/stm32cubeide_1.6.1/stm32cubeide/plugins/com.st.stm32cube.ide.mcu.externaltools.gnu-tools-for-stm32.10.3-2021.10.win32_1.0.0.202111181127/tools/bin/../lib/gcc/arm-none-eabi/10.3.1/../../../../arm-none-eabi/lib/thumb/v7e-m+fp/hard\libc_nano.a(lib_a-stdio.o)
                0x000000000800e9ca                __sclose
 *fill*         0x000000000800e9d2        0x2 
 .text.__swbuf_r
                0x000000000800e9d4       0xa4 c:/st/stm32cubeide_1.6.1/stm32cubeide/plugins/com.st.stm32cube.ide.mcu.externaltools.gnu-tools-for-stm32.10.3-2021.10.win32_1.0.0.202111181127/tools/bin/../lib/gcc/arm-none-eabi/10.3.1/../../../../arm-none-eabi/lib/thumb/v7e-m+fp/hard\libc_nano.a(lib_a-wbuf.o)
                0x000000000800e9d4                __swbuf_r
 .text._write_r
                0x000000000800ea78       0x24 c:/st/stm32cubeide_1.6.1/stm32cubeide/plugins/com.st.stm32cube.ide.mcu.externaltools.gnu-tools-for-stm32.10.3-2021.10.win32_1.0.0.202111181127/tools/bin/../lib/gcc/arm-none-eabi/10.3.1/../../../../arm-none-eabi/lib/thumb/v7e-m+fp/hard\libc_nano.a(lib_a-writer.o)
                0x000000000800ea78                _write_r
 .text.__swsetup_r
                0x000000000800ea9c       0xdc c:/st/stm32cubeide_1.6.1/stm32cubeide/plugins/com.st.stm32cube.ide.mcu.externaltools.gnu-tools-for-stm32.10.3-2021.10.win32_1.0.0.202111181127/tools/bin/../lib/gcc/arm-none-eabi/10.3.1/../../../../arm-none-eabi/lib/thumb/v7e-m+fp/hard\libc_nano.a(lib_a-wsetup.o)
                0x000000000800ea9c                __swsetup_r
 .text._close_r
                0x000000000800eb78       0x20 c:/st/stm32cubeide_1.6.1/stm32cubeide/plugins/com.st.stm32cube.ide.mcu.externaltools.gnu-tools-for-stm32.10.3-2021.10.win32_1.0.0.202111181127/tools/bin/../lib/gcc/arm-none-eabi/10.3.1/../../../../arm-none-eabi/lib/thumb/v7e-m+fp/hard\libc_nano.a(lib_a-closer.o)
                0x000000000800eb78                _close_r
 .text.quorem   0x000000000800eb98      0x116 c:/st/stm32cubeide_1.6.1/stm32cubeide/plugins/com.st.stm32cube.ide.mcu.externaltools.gnu-tools-for-stm32.10.3-2021.10.win32_1.0.0.202111181127/tools/bin/../lib/gcc/arm-none-eabi/10.3.1/../../../../arm-none-eabi/lib/thumb/v7e-m+fp/hard\libc_nano.a(lib_a-dtoa.o)
 *fill*         0x000000000800ecae        0x2 
 .text._dtoa_r  0x000000000800ecb0      0xbdc c:/st/stm32cubeide_1.6.1/stm32cubeide/plugins/com.st.stm32cube.ide.mcu.externaltools.gnu-tools-for-stm32.10.3-2021.10.win32_1.0.0.202111181127/tools/bin/../lib/gcc/arm-none-eabi/10.3.1/../../../../arm-none-eabi/lib/thumb/v7e-m+fp/hard\libc_nano.a(lib_a-dtoa.o)
                0x000000000800ecb0                _dtoa_r
 .text.__sflush_r
                0x000000000800f88c      0x10c c:/st/stm32cubeide_1.6.1/stm32cubeide/plugins/com.st.stm32cube.ide.mcu.externaltools.gnu-tools-for-stm32.10.3-2021.10.win32_1.0.0.202111181127/tools/bin/../lib/gcc/arm-none-eabi/10.3.1/../../../../arm-none-eabi/lib/thumb/v7e-m+fp/hard\libc_nano.a(lib_a-fflush.o)
                0x000000000800f88c                __sflush_r
 .text._fflush_r
                0x000000000800f998       0x78 c:/st/stm32cubeide_1.6.1/stm32cubeide/plugins/com.st.stm32cube.ide.mcu.externaltools.gnu-tools-for-stm32.10.3-2021.10.win32_1.0.0.202111181127/tools/bin/../lib/gcc/arm-none-eabi/10.3.1/../../../../arm-none-eabi/lib/thumb/v7e-m+fp/hard\libc_nano.a(lib_a-fflush.o)
                0x000000000800f998                _fflush_r
 .text._localeconv_r
                0x000000000800fa10        0x8 c:/st/stm32cubeide_1.6.1/stm32cubeide/plugins/com.st.stm32cube.ide.mcu.externaltools.gnu-tools-for-stm32.10.3-2021.10.win32_1.0.0.202111181127/tools/bin/../lib/gcc/arm-none-eabi/10.3.1/../../../../arm-none-eabi/lib/thumb/v7e-m+fp/hard\libc_nano.a(lib_a-localeconv.o)
                0x000000000800fa10                _localeconv_r
 .text._lseek_r
                0x000000000800fa18       0x24 c:/st/stm32cubeide_1.6.1/stm32cubeide/plugins/com.st.stm32cube.ide.mcu.externaltools.gnu-tools-for-stm32.10.3-2021.10.win32_1.0.0.202111181127/tools/bin/../lib/gcc/arm-none-eabi/10.3.1/../../../../arm-none-eabi/lib/thumb/v7e-m+fp/hard\libc_nano.a(lib_a-lseekr.o)
                0x000000000800fa18                _lseek_r
 .text.__swhatbuf_r
                0x000000000800fa3c       0x4a c:/st/stm32cubeide_1.6.1/stm32cubeide/plugins/com.st.stm32cube.ide.mcu.externaltools.gnu-tools-for-stm32.10.3-2021.10.win32_1.0.0.202111181127/tools/bin/../lib/gcc/arm-none-eabi/10.3.1/../../../../arm-none-eabi/lib/thumb/v7e-m+fp/hard\libc_nano.a(lib_a-makebuf.o)
                0x000000000800fa3c                __swhatbuf_r
 *fill*         0x000000000800fa86        0x2 
 .text.__smakebuf_r
                0x000000000800fa88       0x80 c:/st/stm32cubeide_1.6.1/stm32cubeide/plugins/com.st.stm32cube.ide.mcu.externaltools.gnu-tools-for-stm32.10.3-2021.10.win32_1.0.0.202111181127/tools/bin/../lib/gcc/arm-none-eabi/10.3.1/../../../../arm-none-eabi/lib/thumb/v7e-m+fp/hard\libc_nano.a(lib_a-makebuf.o)
                0x000000000800fa88                __smakebuf_r
 .text.malloc   0x000000000800fb08       0x10 c:/st/stm32cubeide_1.6.1/stm32cubeide/plugins/com.st.stm32cube.ide.mcu.externaltools.gnu-tools-for-stm32.10.3-2021.10.win32_1.0.0.202111181127/tools/bin/../lib/gcc/arm-none-eabi/10.3.1/../../../../arm-none-eabi/lib/thumb/v7e-m+fp/hard\libc_nano.a(lib_a-malloc.o)
                0x000000000800fb08                malloc
 .text.__malloc_lock
                0x000000000800fb18        0xc c:/st/stm32cubeide_1.6.1/stm32cubeide/plugins/com.st.stm32cube.ide.mcu.externaltools.gnu-tools-for-stm32.10.3-2021.10.win32_1.0.0.202111181127/tools/bin/../lib/gcc/arm-none-eabi/10.3.1/../../../../arm-none-eabi/lib/thumb/v7e-m+fp/hard\libc_nano.a(lib_a-mlock.o)
                0x000000000800fb18                __malloc_lock
 .text.__malloc_unlock
                0x000000000800fb24        0xc c:/st/stm32cubeide_1.6.1/stm32cubeide/plugins/com.st.stm32cube.ide.mcu.externaltools.gnu-tools-for-stm32.10.3-2021.10.win32_1.0.0.202111181127/tools/bin/../lib/gcc/arm-none-eabi/10.3.1/../../../../arm-none-eabi/lib/thumb/v7e-m+fp/hard\libc_nano.a(lib_a-mlock.o)
                0x000000000800fb24                __malloc_unlock
 .text._Balloc  0x000000000800fb30       0x80 c:/st/stm32cubeide_1.6.1/stm32cubeide/plugins/com.st.stm32cube.ide.mcu.externaltools.gnu-tools-for-stm32.10.3-2021.10.win32_1.0.0.202111181127/tools/bin/../lib/gcc/arm-none-eabi/10.3.1/../../../../arm-none-eabi/lib/thumb/v7e-m+fp/hard\libc_nano.a(lib_a-mprec.o)
                0x000000000800fb30                _Balloc
 .text._Bfree   0x000000000800fbb0       0x44 c:/st/stm32cubeide_1.6.1/stm32cubeide/plugins/com.st.stm32cube.ide.mcu.externaltools.gnu-tools-for-stm32.10.3-2021.10.win32_1.0.0.202111181127/tools/bin/../lib/gcc/arm-none-eabi/10.3.1/../../../../arm-none-eabi/lib/thumb/v7e-m+fp/hard\libc_nano.a(lib_a-mprec.o)
                0x000000000800fbb0                _Bfree
 .text.__multadd
                0x000000000800fbf4       0x8c c:/st/stm32cubeide_1.6.1/stm32cubeide/plugins/com.st.stm32cube.ide.mcu.externaltools.gnu-tools-for-stm32.10.3-2021.10.win32_1.0.0.202111181127/tools/bin/../lib/gcc/arm-none-eabi/10.3.1/../../../../arm-none-eabi/lib/thumb/v7e-m+fp/hard\libc_nano.a(lib_a-mprec.o)
                0x000000000800fbf4                __multadd
 .text.__hi0bits
                0x000000000800fc80       0x40 c:/st/stm32cubeide_1.6.1/stm32cubeide/plugins/com.st.stm32cube.ide.mcu.externaltools.gnu-tools-for-stm32.10.3-2021.10.win32_1.0.0.202111181127/tools/bin/../lib/gcc/arm-none-eabi/10.3.1/../../../../arm-none-eabi/lib/thumb/v7e-m+fp/hard\libc_nano.a(lib_a-mprec.o)
                0x000000000800fc80                __hi0bits
 .text.__lo0bits
                0x000000000800fcc0       0x5e c:/st/stm32cubeide_1.6.1/stm32cubeide/plugins/com.st.stm32cube.ide.mcu.externaltools.gnu-tools-for-stm32.10.3-2021.10.win32_1.0.0.202111181127/tools/bin/../lib/gcc/arm-none-eabi/10.3.1/../../../../arm-none-eabi/lib/thumb/v7e-m+fp/hard\libc_nano.a(lib_a-mprec.o)
                0x000000000800fcc0                __lo0bits
 *fill*         0x000000000800fd1e        0x2 
 .text.__i2b    0x000000000800fd20       0x2c c:/st/stm32cubeide_1.6.1/stm32cubeide/plugins/com.st.stm32cube.ide.mcu.externaltools.gnu-tools-for-stm32.10.3-2021.10.win32_1.0.0.202111181127/tools/bin/../lib/gcc/arm-none-eabi/10.3.1/../../../../arm-none-eabi/lib/thumb/v7e-m+fp/hard\libc_nano.a(lib_a-mprec.o)
                0x000000000800fd20                __i2b
 .text.__multiply