Archive member included to satisfy reference by file (symbol)

c:/st/stm32cubeide_1.6.1/stm32cubeide/plugins/com.st.stm32cube.ide.mcu.externaltools.gnu-tools-for-stm32.10.3-2021.10.win32_1.0.0.202111181127/tools/bin/../lib/gcc/arm-none-eabi/10.3.1/../../../../arm-none-eabi/lib/thumb/v7e-m+fp/hard\libc_nano.a(lib_a-errno.o)
                              ./Core/Src/syscalls.o (__errno)
c:/st/stm32cubeide_1.6.1/stm32cubeide/plugins/com.st.stm32cube.ide.mcu.externaltools.gnu-tools-for-stm32.10.3-2021.10.win32_1.0.0.202111181127/tools/bin/../lib/gcc/arm-none-eabi/10.3.1/../../../../arm-none-eabi/lib/thumb/v7e-m+fp/hard\libc_nano.a(lib_a-exit.o)
                              c:/st/stm32cubeide_1.6.1/stm32cubeide/plugins/com.st.stm32cube.ide.mcu.externaltools.gnu-tools-for-stm32.10.3-2021.10.win32_1.0.0.202111181127/tools/bin/../lib/gcc/arm-none-eabi/10.3.1/../../../../arm-none-eabi/lib/thumb/v7e-m+fp/hard/crt0.o (exit)
c:/st/stm32cubeide_1.6.1/stm32cubeide/plugins/com.st.stm32cube.ide.mcu.externaltools.gnu-tools-for-stm32.10.3-2021.10.win32_1.0.0.202111181127/tools/bin/../lib/gcc/arm-none-eabi/10.3.1/../../../../arm-none-eabi/lib/thumb/v7e-m+fp/hard\libc_nano.a(lib_a-findfp.o)
                              ./Middlewares/Third_Party/FreeRTOS/Source/tasks.o (__sf_fake_stderr)
c:/st/stm32cubeide_1.6.1/stm32cubeide/plugins/com.st.stm32cube.ide.mcu.externaltools.gnu-tools-for-stm32.10.3-2021.10.win32_1.0.0.202111181127/tools/bin/../lib/gcc/arm-none-eabi/10.3.1/../../../../arm-none-eabi/lib/thumb/v7e-m+fp/hard\libc_nano.a(lib_a-fwalk.o)
                              c:/st/stm32cubeide_1.6.1/stm32cubeide/plugins/com.st.stm32cube.ide.mcu.externaltools.gnu-tools-for-stm32.10.3-2021.10.win32_1.0.0.202111181127/tools/bin/../lib/gcc/arm-none-eabi/10.3.1/../../../../arm-none-eabi/lib/thumb/v7e-m+fp/hard\libc_nano.a(lib_a-findfp.o) (_fwalk)
c:/st/stm32cubeide_1.6.1/stm32cubeide/plugins/com.st.stm32cube.ide.mcu.externaltools.gnu-tools-for-stm32.10.3-2021.10.win32_1.0.0.202111181127/tools/bin/../lib/gcc/arm-none-eabi/10.3.1/../../../../arm-none-eabi/lib/thumb/v7e-m+fp/hard\libc_nano.a(lib_a-impure.o)
                              c:/st/stm32cubeide_1.6.1/stm32cubeide/plugins/com.st.stm32cube.ide.mcu.externaltools.gnu-tools-for-stm32.10.3-2021.10.win32_1.0.0.202111181127/tools/bin/../lib/gcc/arm-none-eabi/10.3.1/../../../../arm-none-eabi/lib/thumb/v7e-m+fp/hard\libc_nano.a(lib_a-exit.o) (_global_impure_ptr)
c:/st/stm32cubeide_1.6.1/stm32cubeide/plugins/com.st.stm32cube.ide.mcu.externaltools.gnu-tools-for-stm32.10.3-2021.10.win32_1.0.0.202111181127/tools/bin/../lib/gcc/arm-none-eabi/10.3.1/../../../../arm-none-eabi/lib/thumb/v7e-m+fp/hard\libc_nano.a(lib_a-init.o)
                              c:/st/stm32cubeide_1.6.1/stm32cubeide/plugins/com.st.stm32cube.ide.mcu.externaltools.gnu-tools-for-stm32.10.3-2021.10.win32_1.0.0.202111181127/tools/bin/../lib/gcc/arm-none-eabi/10.3.1/../../../../arm-none-eabi/lib/thumb/v7e-m+fp/hard/crt0.o (__libc_init_array)
c:/st/stm32cubeide_1.6.1/stm32cubeide/plugins/com.st.stm32cube.ide.mcu.externaltools.gnu-tools-for-stm32.10.3-2021.10.win32_1.0.0.202111181127/tools/bin/../lib/gcc/arm-none-eabi/10.3.1/../../../../arm-none-eabi/lib/thumb/v7e-m+fp/hard\libc_nano.a(lib_a-lock.o)
                              c:/st/stm32cubeide_1.6.1/stm32cubeide/plugins/com.st.stm32cube.ide.mcu.externaltools.gnu-tools-for-stm32.10.3-2021.10.win32_1.0.0.202111181127/tools/bin/../lib/gcc/arm-none-eabi/10.3.1/../../../../arm-none-eabi/lib/thumb/v7e-m+fp/hard\libc_nano.a(lib_a-findfp.o) (__retarget_lock_init_recursive)
c:/st/stm32cubeide_1.6.1/stm32cubeide/plugins/com.st.stm32cube.ide.mcu.externaltools.gnu-tools-for-stm32.10.3-2021.10.win32_1.0.0.202111181127/tools/bin/../lib/gcc/arm-none-eabi/10.3.1/../../../../arm-none-eabi/lib/thumb/v7e-m+fp/hard\libc_nano.a(lib_a-memcpy-stub.o)
                              ./Middlewares/Third_Party/FreeRTOS/Source/CMSIS_RTOS_V2/cmsis_os2.o (memcpy)
c:/st/stm32cubeide_1.6.1/stm32cubeide/plugins/com.st.stm32cube.ide.mcu.externaltools.gnu-tools-for-stm32.10.3-2021.10.win32_1.0.0.202111181127/tools/bin/../lib/gcc/arm-none-eabi/10.3.1/../../../../arm-none-eabi/lib/thumb/v7e-m+fp/hard\libc_nano.a(lib_a-memset.o)
                              c:/st/stm32cubeide_1.6.1/stm32cubeide/plugins/com.st.stm32cube.ide.mcu.externaltools.gnu-tools-for-stm32.10.3-2021.10.win32_1.0.0.202111181127/tools/bin/../lib/gcc/arm-none-eabi/10.3.1/../../../../arm-none-eabi/lib/thumb/v7e-m+fp/hard/crt0.o (memset)
c:/st/stm32cubeide_1.6.1/stm32cubeide/plugins/com.st.stm32cube.ide.mcu.externaltools.gnu-tools-for-stm32.10.3-2021.10.win32_1.0.0.202111181127/tools/bin/../lib/gcc/arm-none-eabi/10.3.1/../../../../arm-none-eabi/lib/thumb/v7e-m+fp/hard\libc_nano.a(lib_a-nano-mallocr.o)
[...]
Memory Configuration

Name             Origin             Length             Attributes
CCMRAM           0x0000000010000000 0x0000000000010000 xrw
RAM              0x0000000020000000 0x0000000000020000 xrw
FLASH            0x0000000008000000 0x0000000000100000 xr
*default*        0x0000000000000000 0xffffffffffffffff

Linker script and memory map

LOAD c:/st/stm32cubeide_1.6.1/stm32cubeide/plugins/com.st.stm32cube.ide.mcu.externaltools.gnu-tools-for-stm32.10.3-2021.10.win32_1.0.0.202111181127/tools/bin/../lib/gcc/arm-none-eabi/10.3.1/thumb/v7e-m+fp/hard/crti.o
LOAD c:/st/stm32cubeide_1.6.1/stm32cubeide/plugins/com.st.stm32cube.ide.mcu.externaltools.gnu-tools-for-stm32.10.3-2021.10.win32_1.0.0.202111181127/tools/bin/../lib/gcc/arm-none-eabi/10.3.1/thumb/v7e-m+fp/hard/crtbegin.o
LOAD c:/st/stm32cubeide_1.6.1/stm32cubeide/plugins/com.st.stm32cube.ide.mcu.externaltools.gnu-tools-for-stm32.10.3-2021.10.win32_1.0.0.202111181127/tools/bin/../lib/gcc/arm-none-eabi/10.3.1/../../../../arm-none-eabi/lib/thumb/v7e-m+fp/hard/crt0.o
LOAD ./Core/Src/app.o
LOAD ./Core/Src/app_ws2812b.o
LOAD ./Core/Src/can.o
LOAD ./Core/Src/dma.o
LOAD ./Core/Src/freertos.o
LOAD ./Core/Src/gpio.o
LOAD ./Core/Src/i2c.o
LOAD ./Core/Src/main.o
LOAD ./Core/Src/servo_motor.o
LOAD ./Core/Src/stm32f4xx_hal_msp.o
LOAD ./Core/Src/stm32f4xx_hal_timebase_tim.o
LOAD ./Core/Src/stm32f4xx_it.o
LOAD ./Core/Src/syscalls.o
LOAD ./Core/Src/sysmem.o
LOAD ./Core/Src/system_stm32f4xx.o
LOAD ./Core/Src/tim.o
LOAD ./Core/Src/usart.o
LOAD ./Core/Startup/startup_stm32f405rgtx.o
LOAD ./Drivers/STM32F4xx_HAL_Driver/Src/stm32f4xx_hal.o
LOAD ./Drivers/STM32F4xx_HAL_Driver/Src/stm32f4xx_hal_can.o
LOAD ./Drivers/STM32F4xx_HAL_Driver/Src/stm32f4xx_hal_cortex.o
LOAD ./Drivers/STM32F4xx_HAL_Driver/Src/stm32f4xx_hal_dma.o
LOAD ./Drivers/STM32F4xx_HAL_Driver/Src/stm32f4xx_hal_dma_ex.o
LOAD ./Drivers/STM32F4xx_HAL_Driver/Src/stm32f4xx_hal_exti.o
LOAD ./Drivers/STM32F4xx_HAL_Driver/Src/stm32f4xx_hal_flash.o
LOAD ./Drivers/STM32F4xx_HAL_Driver/Src/stm32f4xx_hal_flash_ex.o
LOAD ./Drivers/STM32F4xx_HAL_Driver/Src/stm32f4xx_hal_flash_ramfunc.o
LOAD ./Drivers/STM32F4xx_HAL_Driver/Src/stm32f4xx_hal_gpio.o
LOAD ./Drivers/STM32F4xx_HAL_Driver/Src/stm32f4xx_hal_pwr.o
LOAD ./Drivers/STM32F4xx_HAL_Driver/Src/stm32f4xx_hal_pwr_ex.o
LOAD ./Drivers/STM32F4xx_HAL_Driver/Src/stm32f4xx_hal_rcc.o
LOAD ./Drivers/STM32F4xx_HAL_Driver/Src/stm32f4xx_hal_rcc_ex.o
LOAD ./Drivers/STM32F4xx_HAL_Driver/Src/stm32f4xx_hal_smbus.o
LOAD ./Drivers/STM32F4xx_HAL_Driver/Src/stm32f4xx_hal_tim.o
LOAD ./Drivers/STM32F4xx_HAL_Driver/Src/stm32f4xx_hal_tim_ex.o
LOAD ./Drivers/STM32F4xx_HAL_Driver/Src/stm32f4xx_hal_uart.o
LOAD ./Middlewares/Third_Party/FreeRTOS/Source/CMSIS_RTOS_V2/cmsis_os2.o
LOAD ./Middlewares/Third_Party/FreeRTOS/Source/croutine.o
LOAD ./Middlewares/Third_Party/FreeRTOS/Source/event_groups.o
LOAD ./Middlewares/Third_Party/FreeRTOS/Source/list.o
LOAD ./Middlewares/Third_Party/FreeRTOS/Source/queue.o
LOAD ./Middlewares/Third_Party/FreeRTOS/Source/stream_buffer.o
LOAD ./Middlewares/Third_Party/FreeRTOS/Source/tasks.o
LOAD ./Middlewares/Third_Party/FreeRTOS/Source/timers.o
LOAD ./Middlewares/Third_Party/FreeRTOS/Source/portable/GCC/ARM_CM4F/port.o
LOAD ./Middlewares/Third_Party/FreeRTOS/Source/portable/MemMang/heap_4.o
START GROUP
LOAD c:/st/stm32cubeide_1.6.1/stm32cubeide/plugins/com.st.stm32cube.ide.mcu.externaltools.gnu-tools-for-stm32.10.3-2021.10.win32_1.0.0.202111181127/tools/bin/../lib/gcc/arm-none-eabi/10.3.1/../../../../arm-none-eabi/lib/thumb/v7e-m+fp/hard\libc_nano.a
LOAD c:/st/stm32cubeide_1.6.1/stm32cubeide/plugins/com.st.stm32cube.ide.mcu.externaltools.gnu-tools-for-stm32.10.3-2021.10.win32_1.0.0.202111181127/tools/bin/../lib/gcc/arm-none-eabi/10.3.1/../../../../arm-none-eabi/lib/thumb/v7e-m+fp/hard\libm.a
END GROUP
START GROUP
LOAD c:/st/stm32cubeide_1.6.1/stm32cubeide/plugins/com.st.stm32cube.ide.mcu.externaltools.gnu-tools-for-stm32.10.3-2021.10.win32_1.0.0.202111181127/tools/bin/../lib/gcc/arm-none-eabi/10.3.1/thumb/v7e-m+fp/hard\libgcc.a
LOAD c:/st/stm32cubeide_1.6.1/stm32cubeide/plugins/com.st.stm32cube.ide.mcu.externaltools.gnu-tools-for-stm32.10.3-2021.10.win32_1.0.0.202111181127/tools/bin/../lib/gcc/arm-none-eabi/10.3.1/../../../../arm-none-eabi/lib/thumb/v7e-m+fp/hard\libc_nano.a
END GROUP
START GROUP
LOAD c:/st/stm32cubeide_1.6.1/stm32cubeide/plugins/com.st.stm32cube.ide.mcu.externaltools.gnu-tools-for-stm32.10.3-2021.10.win32_1.0.0.202111181127/tools/bin/../lib/gcc/arm-none-eabi/10.3.1/thumb/v7e-m+fp/hard\libgcc.a
LOAD c:/st/stm32cubeide_1.6.1/stm32cubeide/plugins/com.st.stm32cube.ide.mcu.externaltools.gnu-tools-for-stm32.10.3-2021.10.win32_1.0.0.202111181127/tools/bin/../lib/gcc/arm-none-eabi/10.3.1/../../../../arm-none-eabi/lib/thumb/v7e-m+fp/hard\libc_nano.a
LOAD c:/st/stm32cubeide_1.6.1/stm32cubeide/plugins/com.st.stm32cube.ide.mcu.externaltools.gnu-tools-for-stm32.10.3-2021.10.win32_1.0.0.202111181127/tools/bin/../lib/gcc/arm-none-eabi/10.3.1/../../../../arm-none-eabi/lib/thumb/v7e-m+fp/hard\libnosys.a
END GROUP
START GROUP
LOAD c:/st/stm32cubeide_1.6.1/stm32cubeide/plugins/com.st.stm32cube.ide.mcu.externaltools.gnu-tools-for-stm32.10.3-2021.10.win32_1.0.0.202111181127/tools/bin/../lib/gcc/arm-none-eabi/10.3.1/thumb/v7e-m+fp/hard\libgcc.a
LOAD c:/st/stm32cubeide_1.6.1/stm32cubeide/plugins/com.st.stm32cube.ide.mcu.externaltools.gnu-tools-for-stm32.10.3-2021.10.win32_1.0.0.202111181127/tools/bin/../lib/gcc/arm-none-eabi/10.3.1/../../../../arm-none-eabi/lib/thumb/v7e-m+fp/hard\libc_nano.a
LOAD c:/st/stm32cubeide_1.6.1/stm32cubeide/plugins/com.st.stm32cube.ide.mcu.externaltools.gnu-tools-for-stm32.10.3-2021.10.win32_1.0.0.202111181127/tools/bin/../lib/gcc/arm-none-eabi/10.3.1/../../../../arm-none-eabi/lib/thumb/v7e-m+fp/hard\libnosys.a
END GROUP
LOAD c:/st/stm32cubeide_1.6.1/stm32cubeide/plugins/com.st.stm32cube.ide.mcu.externaltools.gnu-tools-for-stm32.10.3-2021.10.win32_1.0.0.202111181127/tools/bin/../lib/gcc/arm-none-eabi/10.3.1/thumb/v7e-m+fp/hard/crtend.o
LOAD c:/st/stm32cubeide_1.6.1/stm32cubeide/plugins/com.st.stm32cube.ide.mcu.externaltools.gnu-tools-for-stm32.10.3-2021.10.win32_1.0.0.202111181127/tools/bin/../lib/gcc/arm-none-eabi/10.3.1/thumb/v7e-m+fp/hard/crtn.o
                0x0000000020020000                _estack = (ORIGIN (RAM) + LENGTH (RAM))
                0x0000000000000200                _Min_Heap_Size = 0x200
                0x0000000000000400                _Min_Stack_Size = 0x400

.isr_vector     0x0000000008000000      0x188
                0x0000000008000000                . = ALIGN (0x4)
 *(.isr_vector)
 .isr_vector    0x0000000008000000      0x188 ./Core/Startup/startup_stm32f405rgtx.o
                0x0000000008000000                g_pfnVectors
                0x0000000008000188                . = ALIGN (0x4)

.text           0x0000000008000190     0xacd4
                0x0000000008000190                . = ALIGN (0x4)
 *(.text)
 .text          0x0000000008000190       0x40 c:/st/stm32cubeide_1.6.1/stm32cubeide/plugins/com.st.stm32cube.ide.mcu.externaltools.gnu-tools-for-stm32.10.3-2021.10.win32_1.0.0.202111181127/tools/bin/../lib/gcc/arm-none-eabi/10.3.1/thumb/v7e-m+fp/hard/crtbegin.o
 .text          0x00000000080001d0       0xa0 c:/st/stm32cubeide_1.6.1/stm32cubeide/plugins/com.st.stm32cube.ide.mcu.externaltools.gnu-tools-for-stm32.10.3-2021.10.win32_1.0.0.202111181127/tools/bin/../lib/gcc/arm-none-eabi/10.3.1/../../../../arm-none-eabi/lib/thumb/v7e-m+fp/hard\libc_nano.a(lib_a-memchr.o)
                0x00000000080001d0                memchr
 .text          0x0000000008000270       0x30 c:/st/stm32cubeide_1.6.1/stm32cubeide/plugins/com.st.stm32cube.ide.mcu.externaltools.gnu-tools-for-stm32.10.3-2021.10.win32_1.0.0.202111181127/tools/bin/../lib/gcc/arm-none-eabi/10.3.1/thumb/v7e-m+fp/hard\libgcc.a(_aeabi_uldivmod.o)
                0x0000000008000270                __aeabi_uldivmod
 .text          0x00000000080002a0      0x2d0 c:/st/stm32cubeide_1.6.1/stm32cubeide/plugins/com.st.stm32cube.ide.mcu.externaltools.gnu-tools-for-stm32.10.3-2021.10.win32_1.0.0.202111181127/tools/bin/../lib/gcc/arm-none-eabi/10.3.1/thumb/v7e-m+fp/hard\libgcc.a(_udivmoddi4.o)
                0x00000000080002a0                __udivmoddi4
 .text          0x0000000008000570        0x4 c:/st/stm32cubeide_1.6.1/stm32cubeide/plugins/com.st.stm32cube.ide.mcu.externaltools.gnu-tools-for-stm32.10.3-2021.10.win32_1.0.0.202111181127/tools/bin/../lib/gcc/arm-none-eabi/10.3.1/thumb/v7e-m+fp/hard\libgcc.a(_dvmd_tls.o)
                0x0000000008000570                __aeabi_idiv0
                0x0000000008000570                __aeabi_ldiv0
 *(.text*)
 .text.ws2812Init
                0x0000000008000574       0x24 ./Core/Src/app_ws2812b.o
                0x0000000008000574                ws2812Init
 .text.ws2812SetColor
                0x0000000008000598       0xac ./Core/Src/app_ws2812b.o
                0x0000000008000598                ws2812SetColor
 .text.ws2812AllColor
                0x0000000008000644       0x9c ./Core/Src/app_ws2812b.o
                0x0000000008000644                ws2812AllColor
 .text.MX_CAN1_Init
                0x00000000080006e0       0x6c ./Core/Src/can.o
                0x00000000080006e0                MX_CAN1_Init
 .text.HAL_CAN_MspInit
                0x000000000800074c       0xa0 ./Core/Src/can.o
                0x000000000800074c                HAL_CAN_MspInit
 .text.CanInit  0x00000000080007ec       0xa0 ./Core/Src/can.o
                0x00000000080007ec                CanInit
 .text.sendCan  0x000000000800088c       0x74 ./Core/Src/can.o
                0x000000000800088c                sendCan
 .text.HAL_CAN_RxFifo0MsgPendingCallback
                0x0000000008000900       0x40 ./Core/Src/can.o
                0x0000000008000900                HAL_CAN_RxFifo0MsgPendingCallback
 .text.MX_DMA_Init
                0x0000000008000940       0x40 ./Core/Src/dma.o
                0x0000000008000940                MX_DMA_Init
 .text.MX_FREERTOS_Init
                0x0000000008000980       0x94 ./Core/Src/freertos.o
                0x0000000008000980                MX_FREERTOS_Init
 .text.StartDefaultTask
                0x0000000008000a14       0x2c ./Core/Src/freertos.o
                0x0000000008000a14                StartDefaultTask
 .text.StartTask02
                0x0000000008000a40       0x48 ./Core/Src/freertos.o
                0x0000000008000a40                StartTask02
 .text.StartTask03
                0x0000000008000a88       0x38 ./Core/Src/freertos.o
                0x0000000008000a88                StartTask03
 .text.StartTask04
                0x0000000008000ac0      0x3e0 ./Core/Src/freertos.o
                0x0000000008000ac0                StartTask04
 .text.StartTask05
                0x0000000008000ea0       0x3c ./Core/Src/freertos.o
                0x0000000008000ea0                StartTask05
 .text.MX_GPIO_Init
                0x0000000008000edc      0x16c ./Core/Src/gpio.o
                0x0000000008000edc                MX_GPIO_Init
 .text.MX_I2C1_SMBUS_Init
                0x0000000008001048       0x74 ./Core/Src/i2c.o
                0x0000000008001048                MX_I2C1_SMBUS_Init
 .text.HAL_SMBUS_MspInit
                0x00000000080010bc       0x90 ./Core/Src/i2c.o
                0x00000000080010bc                HAL_SMBUS_MspInit
 .text._write   0x000000000800114c       0x28 ./Core/Src/main.o
                0x000000000800114c                _write
 .text.main     0x0000000008001174       0x3e ./Core/Src/main.o
                0x0000000008001174                main
 *fill*         0x00000000080011b2        0x2 
 .text.SystemClock_Config
                0x00000000080011b4       0xd4 ./Core/Src/main.o
                0x00000000080011b4                SystemClock_Config
 .text.HAL_TIM_PeriodElapsedCallback
                0x0000000008001288       0x24 ./Core/Src/main.o
                0x0000000008001288                HAL_TIM_PeriodElapsedCallback
 .text.Error_Handler
                0x00000000080012ac        0xa ./Core/Src/main.o
                0x00000000080012ac                Error_Handler
 *fill*         0x00000000080012b6        0x2 
 .text.HAL_UART_RxCpltCallback
                0x00000000080012b8       0x54 ./Core/Src/servo_motor.o
                0x00000000080012b8                HAL_UART_RxCpltCallback
 .text.ServoMotor_write
                0x000000000800130c       0x70 ./Core/Src/servo_motor.o
                0x000000000800130c                ServoMotor_write
 .text.HAL_MspInit
                0x000000000800137c       0x58 ./Core/Src/stm32f4xx_hal_msp.o
                0x000000000800137c                HAL_MspInit
 .text.HAL_InitTick
                0x00000000080013d4       0xb4 ./Core/Src/stm32f4xx_hal_timebase_tim.o
                0x00000000080013d4                HAL_InitTick
 .text.NMI_Handler
                0x0000000008001488        0x6 ./Core/Src/stm32f4xx_it.o
                0x0000000008001488                NMI_Handler
 .text.HardFault_Handler
                0x000000000800148e        0x6 ./Core/Src/stm32f4xx_it.o
                0x000000000800148e                HardFault_Handler
 .text.MemManage_Handler
                0x0000000008001494        0x6 ./Core/Src/stm32f4xx_it.o
                0x0000000008001494                MemManage_Handler
 .text.BusFault_Handler
                0x000000000800149a        0x6 ./Core/Src/stm32f4xx_it.o
                0x000000000800149a                BusFault_Handler
 .text.UsageFault_Handler
                0x00000000080014a0        0x6 ./Core/Src/stm32f4xx_it.o
                0x00000000080014a0                UsageFault_Handler
 .text.DebugMon_Handler
                0x00000000080014a6        0xe ./Core/Src/stm32f4xx_it.o
                0x00000000080014a6                DebugMon_Handler
 .text.CAN1_RX0_IRQHandler
                0x00000000080014b4       0x14 ./Core/Src/stm32f4xx_it.o
                0x00000000080014b4                CAN1_RX0_IRQHandler
 .text.USART2_IRQHandler
                0x00000000080014c8       0x14 ./Core/Src/stm32f4xx_it.o
                0x00000000080014c8                USART2_IRQHandler
 .text.TIM6_DAC_IRQHandler
                0x00000000080014dc       0x14 ./Core/Src/stm32f4xx_it.o
                0x00000000080014dc                TIM6_DAC_IRQHandler
 .text.DMA2_Stream2_IRQHandler
                0x00000000080014f0       0x14 ./Core/Src/stm32f4xx_it.o
                0x00000000080014f0                DMA2_Stream2_IRQHandler
 .text._read    0x0000000008001504       0x3a ./Core/Src/syscalls.o
                0x0000000008001504                _read
 .text._close   0x000000000800153e       0x18 ./Core/Src/syscalls.o
                0x000000000800153e                _close
 .text._fstat   0x0000000008001556       0x20 ./Core/Src/syscalls.o
                0x0000000008001556                _fstat
 .text._isatty  0x0000000008001576       0x16 ./Core/Src/syscalls.o
                0x0000000008001576                _isatty
 .text._lseek   0x000000000800158c       0x1a ./Core/Src/syscalls.o
                0x000000000800158c                _lseek
 *fill*         0x00000000080015a6        0x2 
 .text._sbrk    0x00000000080015a8       0x6c ./Core/Src/sysmem.o
                0x00000000080015a8                _sbrk
 .text.SystemInit
                0x0000000008001614       0x24 ./Core/Src/system_stm32f4xx.o
                0x0000000008001614                SystemInit
 .text.MX_TIM1_Init
                0x0000000008001638      0x164 ./Core/Src/tim.o
                0x0000000008001638                MX_TIM1_Init
 .text.MX_TIM3_Init
                0x000000000800179c       0xf8 ./Core/Src/tim.o
                0x000000000800179c                MX_TIM3_Init
 .text.MX_TIM8_Init
                0x0000000008001894      0x188 ./Core/Src/tim.o
                0x0000000008001894                MX_TIM8_Init
 .text.HAL_TIM_PWM_MspInit
                0x0000000008001a1c       0x90 ./Core/Src/tim.o
                0x0000000008001a1c                HAL_TIM_PWM_MspInit
 .text.HAL_TIM_Base_MspInit
                0x0000000008001aac      0x124 ./Core/Src/tim.o
                0x0000000008001aac                HAL_TIM_Base_MspInit
 .text.HAL_TIM_MspPostInit
                0x0000000008001bd0       0xc8 ./Core/Src/tim.o
                0x0000000008001bd0                HAL_TIM_MspPostInit
 .text.MX_USART2_UART_Init
                0x0000000008001c98       0x54 ./Core/Src/usart.o
                0x0000000008001c98                MX_USART2_UART_Init
 .text.MX_USART3_UART_Init
                0x0000000008001cec       0x54 ./Core/Src/usart.o
                0x0000000008001cec                MX_USART3_UART_Init
 .text.HAL_UART_MspInit
                0x0000000008001d40      0x10c ./Core/Src/usart.o
                0x0000000008001d40                HAL_UART_MspInit
 .text.Reset_Handler
                0x0000000008001e4c       0x50 ./Core/Startup/startup_stm32f405rgtx.o
                0x0000000008001e4c                Reset_Handler
 .text.Default_Handler
                0x0000000008001e9c        0x2 ./Core/Startup/startup_stm32f405rgtx.o
                0x0000000008001e9c                RTC_Alarm_IRQHandler
                0x0000000008001e9c                HASH_RNG_IRQHandler
                0x0000000008001e9c                EXTI2_IRQHandler
                0x0000000008001e9c                TIM8_CC_IRQHandler
                0x0000000008001e9c                TIM1_CC_IRQHandler
                0x0000000008001e9c                DMA2_Stream5_IRQHandler
                0x0000000008001e9c                DMA1_Stream5_IRQHandler
                0x0000000008001e9c                PVD_IRQHandler
                0x0000000008001e9c                SDIO_IRQHandler
                0x0000000008001e9c                TAMP_STAMP_IRQHandler
                0x0000000008001e9c                CAN2_RX1_IRQHandler
                0x0000000008001e9c                EXTI3_IRQHandler
                0x0000000008001e9c                TIM8_TRG_COM_TIM14_IRQHandler
                0x0000000008001e9c                TIM1_UP_TIM10_IRQHandler
                0x0000000008001e9c                TIM8_UP_TIM13_IRQHandler
                0x0000000008001e9c                I2C3_ER_IRQHandler
                0x0000000008001e9c                EXTI0_IRQHandler
                0x0000000008001e9c                I2C2_EV_IRQHandler
                0x0000000008001e9c                DMA1_Stream2_IRQHandler
                0x0000000008001e9c                FPU_IRQHandler
                0x0000000008001e9c                OTG_HS_WKUP_IRQHandler
                0x0000000008001e9c                CAN2_SCE_IRQHandler
                0x0000000008001e9c                SPI1_IRQHandler
                0x0000000008001e9c                TIM1_BRK_TIM9_IRQHandler
                0x0000000008001e9c                CAN2_RX0_IRQHandler
                0x0000000008001e9c                DMA2_Stream3_IRQHandler
                0x0000000008001e9c                USART6_IRQHandler
                0x0000000008001e9c                USART3_IRQHandler
                0x0000000008001e9c                CAN1_RX1_IRQHandler
                0x0000000008001e9c                UART5_IRQHandler
                0x0000000008001e9c                DMA2_Stream0_IRQHandler
                0x0000000008001e9c                TIM4_IRQHandler
                0x0000000008001e9c                I2C1_EV_IRQHandler
                0x0000000008001e9c                DMA1_Stream6_IRQHandler
                0x0000000008001e9c                DMA1_Stream1_IRQHandler
                0x0000000008001e9c                UART4_IRQHandler
                0x0000000008001e9c                TIM3_IRQHandler
                0x0000000008001e9c                RCC_IRQHandler
                0x0000000008001e9c                TIM8_BRK_TIM12_IRQHandler
                0x0000000008001e9c                Default_Handler
                0x0000000008001e9c                EXTI15_10_IRQHandler
                0x0000000008001e9c                ADC_IRQHandler
                0x0000000008001e9c                DMA1_Stream7_IRQHandler
                0x0000000008001e9c                TIM7_IRQHandler
                0x0000000008001e9c                CAN2_TX_IRQHandler
                0x0000000008001e9c                TIM5_IRQHandler
                0x0000000008001e9c                DMA2_Stream7_IRQHandler
                0x0000000008001e9c                I2C3_EV_IRQHandler
                0x0000000008001e9c                EXTI9_5_IRQHandler
                0x0000000008001e9c                RTC_WKUP_IRQHandler
                0x0000000008001e9c                SPI2_IRQHandler
                0x0000000008001e9c                OTG_HS_EP1_IN_IRQHandler
                0x0000000008001e9c                DMA1_Stream0_IRQHandler
                0x0000000008001e9c                CAN1_TX_IRQHandler
                0x0000000008001e9c                EXTI4_IRQHandler
                0x0000000008001e9c                FSMC_IRQHandler
                0x0000000008001e9c                OTG_HS_EP1_OUT_IRQHandler
                0x0000000008001e9c                WWDG_IRQHandler
                0x0000000008001e9c                TIM2_IRQHandler
                0x0000000008001e9c                OTG_FS_WKUP_IRQHandler
                0x0000000008001e9c                TIM1_TRG_COM_TIM11_IRQHandler
                0x0000000008001e9c                OTG_HS_IRQHandler
                0x0000000008001e9c                EXTI1_IRQHandler
                0x0000000008001e9c                I2C2_ER_IRQHandler
                0x0000000008001e9c                DMA2_Stream1_IRQHandler
                0x0000000008001e9c                CAN1_SCE_IRQHandler
                0x0000000008001e9c                FLASH_IRQHandler
                0x0000000008001e9c                DMA2_Stream4_IRQHandler
                0x0000000008001e9c                USART1_IRQHandler
                0x0000000008001e9c                OTG_FS_IRQHandler
                0x0000000008001e9c                SPI3_IRQHandler
                0x0000000008001e9c                DMA1_Stream4_IRQHandler
                0x0000000008001e9c                I2C1_ER_IRQHandler
                0x0000000008001e9c                DMA2_Stream6_IRQHandler
                0x0000000008001e9c                DMA1_Stream3_IRQHandler
 *fill*         0x0000000008001e9e        0x2 
 .text.HAL_Init
                0x0000000008001ea0       0x44 ./Drivers/STM32F4xx_HAL_Driver/Src/stm32f4xx_hal.o
                0x0000000008001ea0                HAL_Init
 .text.HAL_IncTick
                0x0000000008001ee4       0x28 ./Drivers/STM32F4xx_HAL_Driver/Src/stm32f4xx_hal.o
                0x0000000008001ee4                HAL_IncTick
 .text.HAL_GetTick
                0x0000000008001f0c       0x18 ./Drivers/STM32F4xx_HAL_Driver/Src/stm32f4xx_hal.o
                0x0000000008001f0c                HAL_GetTick
 .text.HAL_CAN_Init
                0x0000000008001f24      0x1f6 ./Drivers/STM32F4xx_HAL_Driver/Src/stm32f4xx_hal_can.o
                0x0000000008001f24                HAL_CAN_Init
 *fill*         0x000000000800211a        0x2 
 .text.HAL_CAN_ConfigFilter
                0x000000000800211c      0x1c0 ./Drivers/STM32F4xx_HAL_Driver/Src/stm32f4xx_hal_can.o
                0x000000000800211c                HAL_CAN_ConfigFilter
 .text.HAL_CAN_Start
                0x00000000080022dc       0x88 ./Drivers/STM32F4xx_HAL_Driver/Src/stm32f4xx_hal_can.o
                0x00000000080022dc                HAL_CAN_Start
 .text.HAL_CAN_AddTxMessage
                0x0000000008002364      0x1b6 ./Drivers/STM32F4xx_HAL_Driver/Src/stm32f4xx_hal_can.o
                0x0000000008002364                HAL_CAN_AddTxMessage
 .text.HAL_CAN_GetTxMailboxesFreeLevel
                0x000000000800251a       0x6a ./Drivers/STM32F4xx_HAL_Driver/Src/stm32f4xx_hal_can.o
                0x000000000800251a                HAL_CAN_GetTxMailboxesFreeLevel
 .text.HAL_CAN_GetRxMessage
                0x0000000008002584      0x224 ./Drivers/STM32F4xx_HAL_Driver/Src/stm32f4xx_hal_can.o
                0x0000000008002584                HAL_CAN_GetRxMessage
 .text.HAL_CAN_ActivateNotification
                0x00000000080027a8       0x4c ./Drivers/STM32F4xx_HAL_Driver/Src/stm32f4xx_hal_can.o
                0x00000000080027a8                HAL_CAN_ActivateNotification
 .text.HAL_CAN_IRQHandler
                0x00000000080027f4      0x36e ./Drivers/STM32F4xx_HAL_Driver/Src/stm32f4xx_hal_can.o
                0x00000000080027f4                HAL_CAN_IRQHandler
 .text.HAL_CAN_TxMailbox0CompleteCallback
                0x0000000008002b62       0x14 ./Drivers/STM32F4xx_HAL_Driver/Src/stm32f4xx_hal_can.o
                0x0000000008002b62                HAL_CAN_TxMailbox0CompleteCallback
 .text.HAL_CAN_TxMailbox1CompleteCallback
                0x0000000008002b76       0x14 ./Drivers/STM32F4xx_HAL_Driver/Src/stm32f4xx_hal_can.o
                0x0000000008002b76                HAL_CAN_TxMailbox1CompleteCallback
 .text.HAL_CAN_TxMailbox2CompleteCallback
                0x0000000008002b8a       0x14 ./Drivers/STM32F4xx_HAL_Driver/Src/stm32f4xx_hal_can.o
                0x0000000008002b8a                HAL_CAN_TxMailbox2CompleteCallback
 .text.HAL_CAN_TxMailbox0AbortCallback
                0x0000000008002b9e       0x14 ./Drivers/STM32F4xx_HAL_Driver/Src/stm32f4xx_hal_can.o
                0x0000000008002b9e                HAL_CAN_TxMailbox0AbortCallback
 .text.HAL_CAN_TxMailbox1AbortCallback
                0x0000000008002bb2       0x14 ./Drivers/STM32F4xx_HAL_Driver/Src/stm32f4xx_hal_can.o
                0x0000000008002bb2                HAL_CAN_TxMailbox1AbortCallback
 .text.HAL_CAN_TxMailbox2AbortCallback
                0x0000000008002bc6       0x14 ./Drivers/STM32F4xx_HAL_Driver/Src/stm32f4xx_hal_can.o
                0x0000000008002bc6                HAL_CAN_TxMailbox2AbortCallback
 .text.HAL_CAN_RxFifo0FullCallback
                0x0000000008002bda       0x14 ./Drivers/STM32F4xx_HAL_Driver/Src/stm32f4xx_hal_can.o
                0x0000000008002bda                HAL_CAN_RxFifo0FullCallback
 .text.HAL_CAN_RxFifo1MsgPendingCallback
                0x0000000008002bee       0x14 ./Drivers/STM32F4xx_HAL_Driver/Src/stm32f4xx_hal_can.o
                0x0000000008002bee                HAL_CAN_RxFifo1MsgPendingCallback
 .text.HAL_CAN_RxFifo1FullCallback
                0x0000000008002c02       0x14 ./Drivers/STM32F4xx_HAL_Driver/Src/stm32f4xx_hal_can.o
                0x0000000008002c02                HAL_CAN_RxFifo1FullCallback
 .text.HAL_CAN_SleepCallback
                0x0000000008002c16       0x14 ./Drivers/STM32F4xx_HAL_Driver/Src/stm32f4xx_hal_can.o
                0x0000000008002c16                HAL_CAN_SleepCallback
 .text.HAL_CAN_WakeUpFromRxMsgCallback
                0x0000000008002c2a       0x14 ./Drivers/STM32F4xx_HAL_Driver/Src/stm32f4xx_hal_can.o
                0x0000000008002c2a                HAL_CAN_WakeUpFromRxMsgCallback
 .text.HAL_CAN_ErrorCallback
                0x0000000008002c3e       0x14 ./Drivers/STM32F4xx_HAL_Driver/Src/stm32f4xx_hal_can.o
                0x0000000008002c3e                HAL_CAN_ErrorCallback
 *fill*         0x0000000008002c52        0x2 
 .text.__NVIC_SetPriorityGrouping
                0x0000000008002c54       0x48 ./Drivers/STM32F4xx_HAL_Driver/Src/stm32f4xx_hal_cortex.o
 .text.__NVIC_GetPriorityGrouping
                0x0000000008002c9c       0x1c ./Drivers/STM32F4xx_HAL_Driver/Src/stm32f4xx_hal_cortex.o
 .text.__NVIC_EnableIRQ
                0x0000000008002cb8       0x3c ./Drivers/STM32F4xx_HAL_Driver/Src/stm32f4xx_hal_cortex.o
 .text.__NVIC_DisableIRQ
                0x0000000008002cf4       0x48 ./Drivers/STM32F4xx_HAL_Driver/Src/stm32f4xx_hal_cortex.o
 .text.__NVIC_SetPriority
                0x0000000008002d3c       0x54 ./Drivers/STM32F4xx_HAL_Driver/Src/stm32f4xx_hal_cortex.o
 .text.NVIC_EncodePriority
                0x0000000008002d90       0x66 ./Drivers/STM32F4xx_HAL_Driver/Src/stm32f4xx_hal_cortex.o
 .text.HAL_NVIC_SetPriorityGrouping
                0x0000000008002df6       0x16 ./Drivers/STM32F4xx_HAL_Driver/Src/stm32f4xx_hal_cortex.o
                0x0000000008002df6                HAL_NVIC_SetPriorityGrouping
 .text.HAL_NVIC_SetPriority
                0x0000000008002e0c       0x38 ./Drivers/STM32F4xx_HAL_Driver/Src/stm32f4xx_hal_cortex.o
                0x0000000008002e0c                HAL_NVIC_SetPriority
 .text.HAL_NVIC_EnableIRQ
                0x0000000008002e44       0x1c ./Drivers/STM32F4xx_HAL_Driver/Src/stm32f4xx_hal_cortex.o
                0x0000000008002e44                HAL_NVIC_EnableIRQ
 .text.HAL_NVIC_DisableIRQ
                0x0000000008002e60       0x1c ./Drivers/STM32F4xx_HAL_Driver/Src/stm32f4xx_hal_cortex.o
                0x0000000008002e60                HAL_NVIC_DisableIRQ
 .text.HAL_DMA_Init
                0x0000000008002e7c      0x15c ./Drivers/STM32F4xx_HAL_Driver/Src/stm32f4xx_hal_dma.o
                0x0000000008002e7c                HAL_DMA_Init
 .text.HAL_DMA_Start_IT
                0x0000000008002fd8       0xb0 ./Drivers/STM32F4xx_HAL_Driver/Src/stm32f4xx_hal_dma.o
                0x0000000008002fd8                HAL_DMA_Start_IT
 .text.HAL_DMA_Abort
                0x0000000008003088       0xe0 ./Drivers/STM32F4xx_HAL_Driver/Src/stm32f4xx_hal_dma.o
                0x0000000008003088                HAL_DMA_Abort
 .text.HAL_DMA_Abort_IT
                0x0000000008003168       0x44 ./Drivers/STM32F4xx_HAL_Driver/Src/stm32f4xx_hal_dma.o
                0x0000000008003168                HAL_DMA_Abort_IT
 .text.HAL_DMA_IRQHandler
                0x00000000080031ac      0x314 ./Drivers/STM32F4xx_HAL_Driver/Src/stm32f4xx_hal_dma.o
                0x00000000080031ac                HAL_DMA_IRQHandler
 .text.DMA_SetConfig
                0x00000000080034c0       0x5c ./Drivers/STM32F4xx_HAL_Driver/Src/stm32f4xx_hal_dma.o
 .text.DMA_CalcBaseAndBitshift
                0x000000000800351c       0x6c ./Drivers/STM32F4xx_HAL_Driver/Src/stm32f4xx_hal_dma.o
 .text.DMA_CheckFifoParam
                0x0000000008003588       0xf8 ./Drivers/STM32F4xx_HAL_Driver/Src/stm32f4xx_hal_dma.o
 .text.HAL_GPIO_Init
                0x0000000008003680      0x338 ./Drivers/STM32F4xx_HAL_Driver/Src/stm32f4xx_hal_gpio.o
                0x0000000008003680                HAL_GPIO_Init
 .text.HAL_GPIO_WritePin
                0x00000000080039b8       0x32 ./Drivers/STM32F4xx_HAL_Driver/Src/stm32f4xx_hal_gpio.o
                0x00000000080039b8                HAL_GPIO_WritePin
 .text.HAL_GPIO_TogglePin
                0x00000000080039ea       0x34 ./Drivers/STM32F4xx_HAL_Driver/Src/stm32f4xx_hal_gpio.o
                0x00000000080039ea                HAL_GPIO_TogglePin
 *fill*         0x0000000008003a1e        0x2 
 .text.HAL_RCC_OscConfig
                0x0000000008003a20      0x4f0 ./Drivers/STM32F4xx_HAL_Driver/Src/stm32f4xx_hal_rcc.o
                0x0000000008003a20                HAL_RCC_OscConfig
 .text.HAL_RCC_ClockConfig
                0x0000000008003f10      0x1cc ./Drivers/STM32F4xx_HAL_Driver/Src/stm32f4xx_hal_rcc.o
                0x0000000008003f10                HAL_RCC_ClockConfig
 .text.HAL_RCC_GetSysClockFreq
                0x00000000080040dc      0x18c ./Drivers/STM32F4xx_HAL_Driver/Src/stm32f4xx_hal_rcc.o
                0x00000000080040dc                HAL_RCC_GetSysClockFreq
 .text.HAL_RCC_GetHCLKFreq
                0x0000000008004268       0x18 ./Drivers/STM32F4xx_HAL_Driver/Src/stm32f4xx_hal_rcc.o
                0x0000000008004268                HAL_RCC_GetHCLKFreq
 .text.HAL_RCC_GetPCLK1Freq
                0x0000000008004280       0x28 ./Drivers/STM32F4xx_HAL_Driver/Src/stm32f4xx_hal_rcc.o
                0x0000000008004280                HAL_RCC_GetPCLK1Freq
 .text.HAL_RCC_GetPCLK2Freq
                0x00000000080042a8       0x28 ./Drivers/STM32F4xx_HAL_Driver/Src/stm32f4xx_hal_rcc.o
                0x00000000080042a8                HAL_RCC_GetPCLK2Freq
 .text.HAL_RCC_GetClockConfig
                0x00000000080042d0       0x64 ./Drivers/STM32F4xx_HAL_Driver/Src/stm32f4xx_hal_rcc.o
                0x00000000080042d0                HAL_RCC_GetClockConfig
 .text.HAL_SMBUS_Init
                0x0000000008004334      0x16c ./Drivers/STM32F4xx_HAL_Driver/Src/stm32f4xx_hal_smbus.o
                0x0000000008004334                HAL_SMBUS_Init
 .text.HAL_SMBUS_EnableAlert_IT
                0x00000000080044a0       0x40 ./Drivers/STM32F4xx_HAL_Driver/Src/stm32f4xx_hal_smbus.o
                0x00000000080044a0                HAL_SMBUS_EnableAlert_IT
 .text.HAL_TIM_Base_Init
                0x00000000080044e0       0x9e ./Drivers/STM32F4xx_HAL_Driver/Src/stm32f4xx_hal_tim.o
                0x00000000080044e0                HAL_TIM_Base_Init
 *fill*         0x000000000800457e        0x2 
 .text.HAL_TIM_Base_Start_IT
                0x0000000008004580       0xe0 ./Drivers/STM32F4xx_HAL_Driver/Src/stm32f4xx_hal_tim.o
                0x0000000008004580                HAL_TIM_Base_Start_IT
 .text.HAL_TIM_PWM_Init
                0x0000000008004660       0x9e ./Drivers/STM32F4xx_HAL_Driver/Src/stm32f4xx_hal_tim.o
                0x0000000008004660                HAL_TIM_PWM_Init
 *fill*         0x00000000080046fe        0x2 
 .text.HAL_TIM_PWM_Start
                0x0000000008004700      0x190 ./Drivers/STM32F4xx_HAL_Driver/Src/stm32f4xx_hal_tim.o
                0x0000000008004700                HAL_TIM_PWM_Start
 .text.HAL_TIM_PWM_Start_DMA
                0x0000000008004890      0x390 ./Drivers/STM32F4xx_HAL_Driver/Src/stm32f4xx_hal_tim.o
                0x0000000008004890                HAL_TIM_PWM_Start_DMA
 .text.HAL_TIM_IC_Init
                0x0000000008004c20       0x9e ./Drivers/STM32F4xx_HAL_Driver/Src/stm32f4xx_hal_tim.o
                0x0000000008004c20                HAL_TIM_IC_Init
 .text.HAL_TIM_IC_MspInit
                0x0000000008004cbe       0x14 ./Drivers/STM32F4xx_HAL_Driver/Src/stm32f4xx_hal_tim.o
                0x0000000008004cbe                HAL_TIM_IC_MspInit
 .text.HAL_TIM_IRQHandler
                0x0000000008004cd2      0x210 ./Drivers/STM32F4xx_HAL_Driver/Src/stm32f4xx_hal_tim.o
                0x0000000008004cd2                HAL_TIM_IRQHandler
 .text.HAL_TIM_IC_ConfigChannel
                0x0000000008004ee2      0x138 ./Drivers/STM32F4xx_HAL_Driver/Src/stm32f4xx_hal_tim.o
                0x0000000008004ee2                HAL_TIM_IC_ConfigChannel
 *fill*         0x000000000800501a        0x2 
 .text.HAL_TIM_PWM_ConfigChannel
                0x000000000800501c      0x184 ./Drivers/STM32F4xx_HAL_Driver/Src/stm32f4xx_hal_tim.o
                0x000000000800501c                HAL_TIM_PWM_ConfigChannel
 .text.HAL_TIM_ConfigClockSource
                0x00000000080051a0      0x18e ./Drivers/STM32F4xx_HAL_Driver/Src/stm32f4xx_hal_tim.o
                0x00000000080051a0                HAL_TIM_ConfigClockSource
 .text.HAL_TIM_OC_DelayElapsedCallback
                0x000000000800532e       0x14 ./Drivers/STM32F4xx_HAL_Driver/Src/stm32f4xx_hal_tim.o
                0x000000000800532e                HAL_TIM_OC_DelayElapsedCallback
 .text.HAL_TIM_IC_CaptureCallback
                0x0000000008005342       0x14 ./Drivers/STM32F4xx_HAL_Driver/Src/stm32f4xx_hal_tim.o
                0x0000000008005342                HAL_TIM_IC_CaptureCallback
 .text.HAL_TIM_PWM_PulseFinishedCallback
                0x0000000008005356       0x14 ./Drivers/STM32F4xx_HAL_Driver/Src/stm32f4xx_hal_tim.o
                0x0000000008005356                HAL_TIM_PWM_PulseFinishedCallback
 .text.HAL_TIM_PWM_PulseFinishedHalfCpltCallback
                0x000000000800536a       0x14 ./Drivers/STM32F4xx_HAL_Driver/Src/stm32f4xx_hal_tim.o
                0x000000000800536a                HAL_TIM_PWM_PulseFinishedHalfCpltCallback
 .text.HAL_TIM_TriggerCallback
                0x000000000800537e       0x14 ./Drivers/STM32F4xx_HAL_Driver/Src/stm32f4xx_hal_tim.o
                0x000000000800537e                HAL_TIM_TriggerCallback
 .text.HAL_TIM_ErrorCallback
                0x0000000008005392       0x14 ./Drivers/STM32F4xx_HAL_Driver/Src/stm32f4xx_hal_tim.o
                0x0000000008005392                HAL_TIM_ErrorCallback
 .text.TIM_DMAError
                0x00000000080053a6       0x92 ./Drivers/STM32F4xx_HAL_Driver/Src/stm32f4xx_hal_tim.o
                0x00000000080053a6                TIM_DMAError
 .text.TIM_DMADelayPulseCplt
                0x0000000008005438       0xa8 ./Drivers/STM32F4xx_HAL_Driver/Src/stm32f4xx_hal_tim.o
 .text.TIM_DMADelayPulseHalfCplt
                0x00000000080054e0       0x68 ./Drivers/STM32F4xx_HAL_Driver/Src/stm32f4xx_hal_tim.o
                0x00000000080054e0                TIM_DMADelayPulseHalfCplt
 .text.TIM_Base_SetConfig
                0x0000000008005548      0x140 ./Drivers/STM32F4xx_HAL_Driver/Src/stm32f4xx_hal_tim.o
                0x0000000008005548                TIM_Base_SetConfig
 .text.TIM_OC1_SetConfig
                0x0000000008005688       0xe0 ./Drivers/STM32F4xx_HAL_Driver/Src/stm32f4xx_hal_tim.o
 .text.TIM_OC2_SetConfig
                0x0000000008005768       0xec ./Drivers/STM32F4xx_HAL_Driver/Src/stm32f4xx_hal_tim.o
                0x0000000008005768                TIM_OC2_SetConfig
 .text.TIM_OC3_SetConfig
                0x0000000008005854       0xe8 ./Drivers/STM32F4xx_HAL_Driver/Src/stm32f4xx_hal_tim.o
 .text.TIM_OC4_SetConfig
                0x000000000800593c       0xac ./Drivers/STM32F4xx_HAL_Driver/Src/stm32f4xx_hal_tim.o
 .text.TIM_TI1_SetConfig
                0x00000000080059e8       0xe8 ./Drivers/STM32F4xx_HAL_Driver/Src/stm32f4xx_hal_tim.o
                0x00000000080059e8                TIM_TI1_SetConfig
 .text.TIM_TI1_ConfigInputStage
                0x0000000008005ad0       0x5e ./Drivers/STM32F4xx_HAL_Driver/Src/stm32f4xx_hal_tim.o
 .text.TIM_TI2_SetConfig
                0x0000000008005b2e       0x7a ./Drivers/STM32F4xx_HAL_Driver/Src/stm32f4xx_hal_tim.o
 .text.TIM_TI2_ConfigInputStage
                0x0000000008005ba8       0x60 ./Drivers/STM32F4xx_HAL_Driver/Src/stm32f4xx_hal_tim.o
 .text.TIM_TI3_SetConfig
                0x0000000008005c08       0x78 ./Drivers/STM32F4xx_HAL_Driver/Src/stm32f4xx_hal_tim.o
 .text.TIM_TI4_SetConfig
                0x0000000008005c80       0x7a ./Drivers/STM32F4xx_HAL_Driver/Src/stm32f4xx_hal_tim.o
 .text.TIM_ITRx_SetConfig
                0x0000000008005cfa       0x36 ./Drivers/STM32F4xx_HAL_Driver/Src/stm32f4xx_hal_tim.o
 .text.TIM_ETR_SetConfig
                0x0000000008005d30       0x40 ./Drivers/STM32F4xx_HAL_Driver/Src/stm32f4xx_hal_tim.o
                0x0000000008005d30                TIM_ETR_SetConfig
 .text.TIM_CCxChannelCmd
                0x0000000008005d70       0x4a ./Drivers/STM32F4xx_HAL_Driver/Src/stm32f4xx_hal_tim.o
                0x0000000008005d70                TIM_CCxChannelCmd
 *fill*         0x0000000008005dba        0x2 
 .text.HAL_TIMEx_MasterConfigSynchronization
                0x0000000008005dbc       0xf8 ./Drivers/STM32F4xx_HAL_Driver/Src/stm32f4xx_hal_tim_ex.o
                0x0000000008005dbc                HAL_TIMEx_MasterConfigSynchronization
 .text.HAL_TIMEx_ConfigBreakDeadTime
                0x0000000008005eb4       0xa4 ./Drivers/STM32F4xx_HAL_Driver/Src/stm32f4xx_hal_tim_ex.o
                0x0000000008005eb4                HAL_TIMEx_ConfigBreakDeadTime
 .text.HAL_TIMEx_CommutCallback
                0x0000000008005f58       0x14 ./Drivers/STM32F4xx_HAL_Driver/Src/stm32f4xx_hal_tim_ex.o
                0x0000000008005f58                HAL_TIMEx_CommutCallback
 .text.HAL_TIMEx_BreakCallback
                0x0000000008005f6c       0x14 ./Drivers/STM32F4xx_HAL_Driver/Src/stm32f4xx_hal_tim_ex.o
                0x0000000008005f6c                HAL_TIMEx_BreakCallback
 .text.HAL_UART_Init
                0x0000000008005f80       0x9a ./Drivers/STM32F4xx_HAL_Driver/Src/stm32f4xx_hal_uart.o
                0x0000000008005f80                HAL_UART_Init
 .text.HAL_UART_Transmit
                0x000000000800601a      0x124 ./Drivers/STM32F4xx_HAL_Driver/Src/stm32f4xx_hal_uart.o
                0x000000000800601a                HAL_UART_Transmit
 .text.HAL_UART_Receive_IT
                0x000000000800613e       0x60 ./Drivers/STM32F4xx_HAL_Driver/Src/stm32f4xx_hal_uart.o
                0x000000000800613e                HAL_UART_Receive_IT
 *fill*         0x000000000800619e        0x2 
 .text.HAL_UART_IRQHandler
                0x00000000080061a0      0x51c ./Drivers/STM32F4xx_HAL_Driver/Src/stm32f4xx_hal_uart.o
                0x00000000080061a0                HAL_UART_IRQHandler
 .text.HAL_UART_TxCpltCallback
                0x00000000080066bc       0x14 ./Drivers/STM32F4xx_HAL_Driver/Src/stm32f4xx_hal_uart.o
                0x00000000080066bc                HAL_UART_TxCpltCallback
 .text.HAL_UART_ErrorCallback
                0x00000000080066d0       0x14 ./Drivers/STM32F4xx_HAL_Driver/Src/stm32f4xx_hal_uart.o
                0x00000000080066d0                HAL_UART_ErrorCallback
 .text.HAL_UARTEx_RxEventCallback
                0x00000000080066e4       0x18 ./Drivers/STM32F4xx_HAL_Driver/Src/stm32f4xx_hal_uart.o
                0x00000000080066e4                HAL_UARTEx_RxEventCallback
 .text.UART_WaitOnFlagUntilTimeout
                0x00000000080066fc       0xdc ./Drivers/STM32F4xx_HAL_Driver/Src/stm32f4xx_hal_uart.o
 .text.UART_Start_Receive_IT
                0x00000000080067d8       0x7c ./Drivers/STM32F4xx_HAL_Driver/Src/stm32f4xx_hal_uart.o
                0x00000000080067d8                UART_Start_Receive_IT
 .text.UART_EndRxTransfer
                0x0000000008006854       0xc6 ./Drivers/STM32F4xx_HAL_Driver/Src/stm32f4xx_hal_uart.o
 .text.UART_DMAAbortOnError
                0x000000000800691a       0x28 ./Drivers/STM32F4xx_HAL_Driver/Src/stm32f4xx_hal_uart.o
 .text.UART_Transmit_IT
                0x0000000008006942       0xa0 ./Drivers/STM32F4xx_HAL_Driver/Src/stm32f4xx_hal_uart.o
 .text.UART_EndTransmit_IT
                0x00000000080069e2       0x30 ./Drivers/STM32F4xx_HAL_Driver/Src/stm32f4xx_hal_uart.o
 .text.UART_Receive_IT
                0x0000000008006a12      0x176 ./Drivers/STM32F4xx_HAL_Driver/Src/stm32f4xx_hal_uart.o
 .text.UART_SetConfig
                0x0000000008006b88      0x4e8 ./Drivers/STM32F4xx_HAL_Driver/Src/stm32f4xx_hal_uart.o
 .text.__NVIC_SetPriority
                0x0000000008007070       0x54 ./Middlewares/Third_Party/FreeRTOS/Source/CMSIS_RTOS_V2/cmsis_os2.o
 .text.SysTick_Handler
                0x00000000080070c4       0x20 ./Middlewares/Third_Party/FreeRTOS/Source/CMSIS_RTOS_V2/cmsis_os2.o
                0x00000000080070c4                SysTick_Handler
 .text.SVC_Setup
                0x00000000080070e4       0x12 ./Middlewares/Third_Party/FreeRTOS/Source/CMSIS_RTOS_V2/cmsis_os2.o
 *fill*         0x00000000080070f6        0x2 
 .text.osKernelInitialize
                0x00000000080070f8       0x48 ./Middlewares/Third_Party/FreeRTOS/Source/CMSIS_RTOS_V2/cmsis_os2.o
                0x00000000080070f8                osKernelInitialize
 .text.osKernelStart
                0x0000000008007140       0x4c ./Middlewares/Third_Party/FreeRTOS/Source/CMSIS_RTOS_V2/cmsis_os2.o
                0x0000000008007140                osKernelStart
 .text.osKernelGetTickCount
                0x000000000800718c       0x2a ./Middlewares/Third_Party/FreeRTOS/Source/CMSIS_RTOS_V2/cmsis_os2.o
                0x000000000800718c                osKernelGetTickCount
 .text.osThreadNew
                0x00000000080071b6      0x124 ./Middlewares/Third_Party/FreeRTOS/Source/CMSIS_RTOS_V2/cmsis_os2.o
                0x00000000080071b6                osThreadNew
 .text.osDelayUntil
                0x00000000080072da       0x5a ./Middlewares/Third_Party/FreeRTOS/Source/CMSIS_RTOS_V2/cmsis_os2.o
                0x00000000080072da                osDelayUntil
 .text.vApplicationGetIdleTaskMemory
                0x0000000008007334       0x34 ./Middlewares/Third_Party/FreeRTOS/Source/CMSIS_RTOS_V2/cmsis_os2.o
                0x0000000008007334                vApplicationGetIdleTaskMemory
 .text.vApplicationGetTimerTaskMemory
                0x0000000008007368       0x34 ./Middlewares/Third_Party/FreeRTOS/Source/CMSIS_RTOS_V2/cmsis_os2.o
                0x0000000008007368                vApplicationGetTimerTaskMemory
 .text.vListInitialise
                0x000000000800739c       0x40 ./Middlewares/Third_Party/FreeRTOS/Source/list.o
                0x000000000800739c                vListInitialise
 .text.vListInitialiseItem
                0x00000000080073dc       0x1a ./Middlewares/Third_Party/FreeRTOS/Source/list.o
                0x00000000080073dc                vListInitialiseItem
 .text.vListInsertEnd
                0x00000000080073f6       0x48 ./Middlewares/Third_Party/FreeRTOS/Source/list.o
                0x00000000080073f6                vListInsertEnd
 .text.vListInsert
                0x000000000800743e       0x72 ./Middlewares/Third_Party/FreeRTOS/Source/list.o
                0x000000000800743e                vListInsert
 .text.uxListRemove
                0x00000000080074b0       0x54 ./Middlewares/Third_Party/FreeRTOS/Source/list.o
                0x00000000080074b0                uxListRemove
 .text.xQueueGenericReset
                0x0000000008007504       0xd0 ./Middlewares/Third_Party/FreeRTOS/Source/queue.o
                0x0000000008007504                xQueueGenericReset
 .text.xQueueGenericCreateStatic
                0x00000000080075d4       0xf0 ./Middlewares/Third_Party/FreeRTOS/Source/queue.o
                0x00000000080075d4                xQueueGenericCreateStatic
 .text.prvInitialiseNewQueue
                0x00000000080076c4       0x46 ./Middlewares/Third_Party/FreeRTOS/Source/queue.o
 *fill*         0x000000000800770a        0x2 
 .text.xQueueGenericSend
                0x000000000800770c      0x1fc ./Middlewares/Third_Party/FreeRTOS/Source/queue.o
                0x000000000800770c                xQueueGenericSend
 .text.xQueueGenericSendFromISR
                0x0000000008007908      0x136 ./Middlewares/Third_Party/FreeRTOS/Source/queue.o
                0x0000000008007908                xQueueGenericSendFromISR
 *fill*         0x0000000008007a3e        0x2 
 .text.xQueueReceive
                0x0000000008007a40      0x1c0 ./Middlewares/Third_Party/FreeRTOS/Source/queue.o
                0x0000000008007a40                xQueueReceive
 .text.prvCopyDataToQueue
                0x0000000008007c00       0xd4 ./Middlewares/Third_Party/FreeRTOS/Source/queue.o
 .text.prvCopyDataFromQueue
                0x0000000008007cd4       0x4c ./Middlewares/Third_Party/FreeRTOS/Source/queue.o
 .text.prvUnlockQueue
                0x0000000008007d20       0xa4 ./Middlewares/Third_Party/FreeRTOS/Source/queue.o
 .text.prvIsQueueEmpty
                0x0000000008007dc4       0x2c ./Middlewares/Third_Party/FreeRTOS/Source/queue.o
 .text.prvIsQueueFull
                0x0000000008007df0       0x30 ./Middlewares/Third_Party/FreeRTOS/Source/queue.o
 .text.vQueueAddToRegistry
                0x0000000008007e20       0x54 ./Middlewares/Third_Party/FreeRTOS/Source/queue.o
                0x0000000008007e20                vQueueAddToRegistry
 .text.vQueueWaitForMessageRestricted
                0x0000000008007e74       0x68 ./Middlewares/Third_Party/FreeRTOS/Source/queue.o
                0x0000000008007e74                vQueueWaitForMessageRestricted
 .text.xTaskCreateStatic
                0x0000000008007edc       0xba ./Middlewares/Third_Party/FreeRTOS/Source/tasks.o
                0x0000000008007edc                xTaskCreateStatic
 .text.xTaskCreate
                0x0000000008007f96       0x8a ./Middlewares/Third_Party/FreeRTOS/Source/tasks.o
                0x0000000008007f96                xTaskCreate
 .text.prvInitialiseNewTask
                0x0000000008008020      0x14c ./Middlewares/Third_Party/FreeRTOS/Source/tasks.o
 .text.prvAddNewTaskToReadyList
                0x000000000800816c       0xe0 ./Middlewares/Third_Party/FreeRTOS/Source/tasks.o
 .text.vTaskDelayUntil
                0x000000000800824c       0xfc ./Middlewares/Third_Party/FreeRTOS/Source/tasks.o
                0x000000000800824c                vTaskDelayUntil
 .text.vTaskStartScheduler
                0x0000000008008348       0xe0 ./Middlewares/Third_Party/FreeRTOS/Source/tasks.o
                0x0000000008008348                vTaskStartScheduler
 .text.vTaskSuspendAll
                0x0000000008008428       0x1c ./Middlewares/Third_Party/FreeRTOS/Source/tasks.o
                0x0000000008008428                vTaskSuspendAll
 .text.xTaskResumeAll
                0x0000000008008444      0x13c ./Middlewares/Third_Party/FreeRTOS/Source/tasks.o
                0x0000000008008444                xTaskResumeAll
 .text.xTaskGetTickCount
                0x0000000008008580       0x20 ./Middlewares/Third_Party/FreeRTOS/Source/tasks.o
                0x0000000008008580                xTaskGetTickCount
 .text.xTaskGetTickCountFromISR
                0x00000000080085a0       0x24 ./Middlewares/Third_Party/FreeRTOS/Source/tasks.o
                0x00000000080085a0                xTaskGetTickCountFromISR
 .text.xTaskIncrementTick
                0x00000000080085c4      0x174 ./Middlewares/Third_Party/FreeRTOS/Source/tasks.o
                0x00000000080085c4                xTaskIncrementTick
 .text.vTaskSwitchContext
                0x0000000008008738       0xc8 ./Middlewares/Third_Party/FreeRTOS/Source/tasks.o
                0x0000000008008738                vTaskSwitchContext
 .text.vTaskPlaceOnEventList
                0x0000000008008800       0x48 ./Middlewares/Third_Party/FreeRTOS/Source/tasks.o
                0x0000000008008800                vTaskPlaceOnEventList
 .text.vTaskPlaceOnEventListRestricted
                0x0000000008008848       0x58 ./Middlewares/Third_Party/FreeRTOS/Source/tasks.o
                0x0000000008008848                vTaskPlaceOnEventListRestricted
 .text.xTaskRemoveFromEventList
                0x00000000080088a0       0xc8 ./Middlewares/Third_Party/FreeRTOS/Source/tasks.o
                0x00000000080088a0                xTaskRemoveFromEventList
 .text.vTaskInternalSetTimeOutState
                0x0000000008008968       0x2c ./Middlewares/Third_Party/FreeRTOS/Source/tasks.o
                0x0000000008008968                vTaskInternalSetTimeOutState
 .text.xTaskCheckForTimeOut
                0x0000000008008994       0xc4 ./Middlewares/Third_Party/FreeRTOS/Source/tasks.o
                0x0000000008008994                xTaskCheckForTimeOut
 .text.vTaskMissedYield
                0x0000000008008a58       0x18 ./Middlewares/Third_Party/FreeRTOS/Source/tasks.o
                0x0000000008008a58                vTaskMissedYield
 .text.prvIdleTask
                0x0000000008008a70       0x30 ./Middlewares/Third_Party/FreeRTOS/Source/tasks.o
 .text.prvInitialiseTaskLists
                0x0000000008008aa0       0x80 ./Middlewares/Third_Party/FreeRTOS/Source/tasks.o
 .text.prvCheckTasksWaitingTermination
                0x0000000008008b20       0x5c ./Middlewares/Third_Party/FreeRTOS/Source/tasks.o
 .text.prvDeleteTCB
                0x0000000008008b7c       0x68 ./Middlewares/Third_Party/FreeRTOS/Source/tasks.o
 .text.prvResetNextTaskUnblockTime
                0x0000000008008be4       0x40 ./Middlewares/Third_Party/FreeRTOS/Source/tasks.o
 .text.xTaskGetSchedulerState
                0x0000000008008c24       0x3c ./Middlewares/Third_Party/FreeRTOS/Source/tasks.o
                0x0000000008008c24                xTaskGetSchedulerState
 .text.xTaskPriorityDisinherit
                0x0000000008008c60       0xdc ./Middlewares/Third_Party/FreeRTOS/Source/tasks.o
                0x0000000008008c60                xTaskPriorityDisinherit
 .text.prvAddCurrentTaskToDelayedList
                0x0000000008008d3c       0xa8 ./Middlewares/Third_Party/FreeRTOS/Source/tasks.o
 .text.xTimerCreateTimerTask
                0x0000000008008de4       0x90 ./Middlewares/Third_Party/FreeRTOS/Source/timers.o
                0x0000000008008de4                xTimerCreateTimerTask
 .text.xTimerGenericCommand
                0x0000000008008e74       0x9c ./Middlewares/Third_Party/FreeRTOS/Source/timers.o
                0x0000000008008e74                xTimerGenericCommand
 .text.prvProcessExpiredTimer
                0x0000000008008f10       0x98 ./Middlewares/Third_Party/FreeRTOS/Source/timers.o
 .text.prvTimerTask
                0x0000000008008fa8       0x24 ./Middlewares/Third_Party/FreeRTOS/Source/timers.o
 .text.prvProcessTimerOrBlockTask
                0x0000000008008fcc       0x9c ./Middlewares/Third_Party/FreeRTOS/Source/timers.o
 .text.prvGetNextExpireTime
                0x0000000008009068       0x48 ./Middlewares/Third_Party/FreeRTOS/Source/timers.o
 .text.prvSampleTimeNow
                0x00000000080090b0       0x40 ./Middlewares/Third_Party/FreeRTOS/Source/timers.o
 .text.prvInsertTimerInActiveList
                0x00000000080090f0       0x84 ./Middlewares/Third_Party/FreeRTOS/Source/timers.o
 .text.prvProcessReceivedCommands
                0x0000000008009174      0x1c4 ./Middlewares/Third_Party/FreeRTOS/Source/timers.o
 .text.prvSwitchTimerLists
                0x0000000008009338       0xc8 ./Middlewares/Third_Party/FreeRTOS/Source/timers.o
 .text.prvCheckForValidListAndQueue
                0x0000000008009400       0x80 ./Middlewares/Third_Party/FreeRTOS/Source/timers.o
 .text.pxPortInitialiseStack
                0x0000000008009480       0x68 ./Middlewares/Third_Party/FreeRTOS/Source/portable/GCC/ARM_CM4F/port.o
                0x0000000008009480                pxPortInitialiseStack
 .text.prvTaskExitError
                0x00000000080094e8       0x58 ./Middlewares/Third_Party/FreeRTOS/Source/portable/GCC/ARM_CM4F/port.o
 .text.SVC_Handler
                0x0000000008009540       0x28 ./Middlewares/Third_Party/FreeRTOS/Source/portable/GCC/ARM_CM4F/port.o
                0x0000000008009540                SVC_Handler
 .text.prvPortStartFirstTask
                0x0000000008009568       0x28 ./Middlewares/Third_Party/FreeRTOS/Source/portable/GCC/ARM_CM4F/port.o
 .text.xPortStartScheduler
                0x0000000008009590      0x144 ./Middlewares/Third_Party/FreeRTOS/Source/portable/GCC/ARM_CM4F/port.o
                0x0000000008009590                xPortStartScheduler
 .text.vPortEnterCritical
                0x00000000080096d4       0x60 ./Middlewares/Third_Party/FreeRTOS/Source/portable/GCC/ARM_CM4F/port.o
                0x00000000080096d4                vPortEnterCritical
 .text.vPortExitCritical
                0x0000000008009734       0x54 ./Middlewares/Third_Party/FreeRTOS/Source/portable/GCC/ARM_CM4F/port.o
                0x0000000008009734                vPortExitCritical
 *fill*         0x0000000008009788        0x8 
 .text.PendSV_Handler
                0x0000000008009790       0x68 ./Middlewares/Third_Party/FreeRTOS/Source/portable/GCC/ARM_CM4F/port.o
                0x0000000008009790                PendSV_Handler
 .text.xPortSysTickHandler
                0x00000000080097f8       0x44 ./Middlewares/Third_Party/FreeRTOS/Source/portable/GCC/ARM_CM4F/port.o
                0x00000000080097f8                xPortSysTickHandler
 .text.vPortSetupTimerInterrupt
                0x000000000800983c       0x48 ./Middlewares/Third_Party/FreeRTOS/Source/portable/GCC/ARM_CM4F/port.o
                0x000000000800983c                vPortSetupTimerInterrupt
 .text.vPortEnableVFP
                0x0000000008009884       0x14 ./Middlewares/Third_Party/FreeRTOS/Source/portable/GCC/ARM_CM4F/port.o
 .text.vPortValidateInterruptPriority
                0x0000000008009898       0x80 ./Middlewares/Third_Party/FreeRTOS/Source/portable/GCC/ARM_CM4F/port.o
                0x0000000008009898                vPortValidateInterruptPriority
 .text.pvPortMalloc
                0x0000000008009918      0x198 ./Middlewares/Third_Party/FreeRTOS/Source/portable/MemMang/heap_4.o
                0x0000000008009918                pvPortMalloc
 .text.vPortFree
                0x0000000008009ab0       0xc4 ./Middlewares/Third_Party/FreeRTOS/Source/portable/MemMang/heap_4.o
                0x0000000008009ab0                vPortFree
 .text.prvHeapInit
                0x0000000008009b74       0xc4 ./Middlewares/Third_Party/FreeRTOS/Source/portable/MemMang/heap_4.o
 .text.prvInsertBlockIntoFreeList
                0x0000000008009c38       0xb4 ./Middlewares/Third_Party/FreeRTOS/Source/portable/MemMang/heap_4.o
 .text.__errno  0x0000000008009cec        0xc c:/st/stm32cubeide_1.6.1/stm32cubeide/plugins/com.st.stm32cube.ide.mcu.externaltools.gnu-tools-for-stm32.10.3-2021.10.win32_1.0.0.202111181127/tools/bin/../lib/gcc/arm-none-eabi/10.3.1/../../../../arm-none-eabi/lib/thumb/v7e-m+fp/hard\libc_nano.a(lib_a-errno.o)
                0x0000000008009cec                __errno
 .text.std      0x0000000008009cf8       0x48 c:/st/stm32cubeide_1.6.1/stm32cubeide/plugins/com.st.stm32cube.ide.mcu.externaltools.gnu-tools-for-stm32.10.3-2021.10.win32_1.0.0.202111181127/tools/bin/../lib/gcc/arm-none-eabi/10.3.1/../../../../arm-none-eabi/lib/thumb/v7e-m+fp/hard\libc_nano.a(lib_a-findfp.o)
 .text._cleanup_r
                0x0000000008009d40        0xc c:/st/stm32cubeide_1.6.1/stm32cubeide/plugins/com.st.stm32cube.ide.mcu.externaltools.gnu-tools-for-stm32.10.3-2021.10.win32_1.0.0.202111181127/tools/bin/../lib/gcc/arm-none-eabi/10.3.1/../../../../arm-none-eabi/lib/thumb/v7e-m+fp/hard\libc_nano.a(lib_a-findfp.o)
                0x0000000008009d40                _cleanup_r
 .text.__sfmoreglue
                0x0000000008009d4c       0x2c c:/st/stm32cubeide_1.6.1/stm32cubeide/plugins/com.st.stm32cube.ide.mcu.externaltools.gnu-tools-for-stm32.10.3-2021.10.win32_1.0.0.202111181127/tools/bin/../lib/gcc/arm-none-eabi/10.3.1/../../../../arm-none-eabi/lib/thumb/v7e-m+fp/hard\libc_nano.a(lib_a-findfp.o)
                0x0000000008009d4c                __sfmoreglue
 .text.__sfp_lock_acquire
                0x0000000008009d78        0xc c:/st/stm32cubeide_1.6.1/stm32cubeide/plugins/com.st.stm32cube.ide.mcu.externaltools.gnu-tools-for-stm32.10.3-2021.10.win32_1.0.0.202111181127/tools/bin/../lib/gcc/arm-none-eabi/10.3.1/../../../../arm-none-eabi/lib/thumb/v7e-m+fp/hard\libc_nano.a(lib_a-findfp.o)
                0x0000000008009d78                __sfp_lock_acquire
 .text.__sfp_lock_release
                0x0000000008009d84        0xc c:/st/stm32cubeide_1.6.1/stm32cubeide/plugins/com.st.stm32cube.ide.mcu.externaltools.gnu-tools-for-stm32.10.3-2021.10.win32_1.0.0.202111181127/tools/bin/../lib/gcc/arm-none-eabi/10.3.1/../../../../arm-none-eabi/lib/thumb/v7e-m+fp/hard\libc_nano.a(lib_a-findfp.o)
                0x0000000008009d84                __sfp_lock_release
 .text.__sinit_lock_acquire
                0x0000000008009d90        0xc c:/st/stm32cubeide_1.6.1/stm32cubeide/plugins/com.st.stm32cube.ide.mcu.externaltools.gnu-tools-for-stm32.10.3-2021.10.win32_1.0.0.202111181127/tools/bin/../lib/gcc/arm-none-eabi/10.3.1/../../../../arm-none-eabi/lib/thumb/v7e-m+fp/hard\libc_nano.a(lib_a-findfp.o)
                0x0000000008009d90                __sinit_lock_acquire
 .text.__sinit_lock_release
                0x0000000008009d9c        0xc c:/st/stm32cubeide_1.6.1/stm32cubeide/plugins/com.st.stm32cube.ide.mcu.externaltools.gnu-tools-for-stm32.10.3-2021.10.win32_1.0.0.202111181127/tools/bin/../lib/gcc/arm-none-eabi/10.3.1/../../../../arm-none-eabi/lib/thumb/v7e-m+fp/hard\libc_nano.a(lib_a-findfp.o)
                0x0000000008009d9c                __sinit_lock_release
 .text.__sinit  0x0000000008009da8       0x70 c:/st/stm32cubeide_1.6.1/stm32cubeide/plugins/com.st.stm32cube.ide.mcu.externaltools.gnu-tools-for-stm32.10.3-2021.10.win32_1.0.0.202111181127/tools/bin/../lib/gcc/arm-none-eabi/10.3.1/../../../../arm-none-eabi/lib/thumb/v7e-m+fp/hard\libc_nano.a(lib_a-findfp.o)
                0x0000000008009da8                __sinit
 .text.__sfp    0x0000000008009e18       0x8c c:/st/stm32cubeide_1.6.1/stm32cubeide/plugins/com.st.stm32cube.ide.mcu.externaltools.gnu-tools-for-stm32.10.3-2021.10.win32_1.0.0.202111181127/tools/bin/../lib/gcc/arm-none-eabi/10.3.1/../../../../arm-none-eabi/lib/thumb/v7e-m+fp/hard\libc_nano.a(lib_a-findfp.o)
                0x0000000008009e18                __sfp
 .text._fwalk_reent
                0x0000000008009ea4       0x3e c:/st/stm32cubeide_1.6.1/stm32cubeide/plugins/com.st.stm32cube.ide.mcu.externaltools.gnu-tools-for-stm32.10.3-2021.10.win32_1.0.0.202111181127/tools/bin/../lib/gcc/arm-none-eabi/10.3.1/../../../../arm-none-eabi/lib/thumb/v7e-m+fp/hard\libc_nano.a(lib_a-fwalk.o)
                0x0000000008009ea4                _fwalk_reent
 *fill*         0x0000000008009ee2        0x2 
 .text.__libc_init_array
                0x0000000008009ee4       0x48 c:/st/stm32cubeide_1.6.1/stm32cubeide/plugins/com.st.stm32cube.ide.mcu.externaltools.gnu-tools-for-stm32.10.3-2021.10.win32_1.0.0.202111181127/tools/bin/../lib/gcc/arm-none-eabi/10.3.1/../../../../arm-none-eabi/lib/thumb/v7e-m+fp/hard\libc_nano.a(lib_a-init.o)
                0x0000000008009ee4                __libc_init_array
 .text.__retarget_lock_init_recursive
                0x0000000008009f2c        0x2 c:/st/stm32cubeide_1.6.1/stm32cubeide/plugins/com.st.stm32cube.ide.mcu.externaltools.gnu-tools-for-stm32.10.3-2021.10.win32_1.0.0.202111181127/tools/bin/../lib/gcc/arm-none-eabi/10.3.1/../../../../arm-none-eabi/lib/thumb/v7e-m+fp/hard\libc_nano.a(lib_a-lock.o)
                0x0000000008009f2c                __retarget_lock_init_recursive
 .text.__retarget_lock_acquire_recursive
                0x0000000008009f2e        0x2 c:/st/stm32cubeide_1.6.1/stm32cubeide/plugins/com.st.stm32cube.ide.mcu.externaltools.gnu-tools-for-stm32.10.3-2021.10.win32_1.0.0.202111181127/tools/bin/../lib/gcc/arm-none-eabi/10.3.1/../../../../arm-none-eabi/lib/thumb/v7e-m+fp/hard\libc_nano.a(lib_a-lock.o)
                0x0000000008009f2e                __retarget_lock_acquire_recursive
 .text.__retarget_lock_release_recursive
                0x0000000008009f30        0x2 c:/st/stm32cubeide_1.6.1/stm32cubeide/plugins/com.st.stm32cube.ide.mcu.externaltools.gnu-tools-for-stm32.10.3-2021.10.win32_1.0.0.202111181127/tools/bin/../lib/gcc/arm-none-eabi/10.3.1/../../../../arm-none-eabi/lib/thumb/v7e-m+fp/hard\libc_nano.a(lib_a-lock.o)
                0x0000000008009f30                __retarget_lock_release_recursive
 .text.memcpy   0x0000000008009f32       0x1c c:/st/stm32cubeide_1.6.1/stm32cubeide/plugins/com.st.stm32cube.ide.mcu.externaltools.gnu-tools-for-stm32.10.3-2021.10.win32_1.0.0.202111181127/tools/bin/../lib/gcc/arm-none-eabi/10.3.1/../../../../arm-none-eabi/lib/thumb/v7e-m+fp/hard\libc_nano.a(lib_a-memcpy-stub.o)
                0x0000000008009f32                memcpy
 .text.memset   0x0000000008009f4e       0x10 c:/st/stm32cubeide_1.6.1/stm32cubeide/plugins/com.st.stm32cube.ide.mcu.externaltools.gnu-tools-for-stm32.10.3-2021.10.win32_1.0.0.202111181127/tools/bin/../lib/gcc/arm-none-eabi/10.3.1/../../../../arm-none-eabi/lib/thumb/v7e-m+fp/hard\libc_nano.a(lib_a-memset.o)
                0x0000000008009f4e                memset
 *fill*         0x0000000008009f5e        0x2 
 .text.sbrk_aligned
                0x0000000008009f60       0x40 c:/st/stm32cubeide_1.6.1/stm32cubeide/plugins/com.st.stm32cube.ide.mcu.externaltools.gnu-tools-for-stm32.10.3-2021.10.win32_1.0.0.202111181127/tools/bin/../lib/gcc/arm-none-eabi/10.3.1/../../../../arm-none-eabi/lib/thumb/v7e-m+fp/hard\libc_nano.a(lib_a-nano-mallocr.o)
 .text._malloc_r
                0x0000000008009fa0       0xe8 c:/st/stm32cubeide_1.6.1/stm32cubeide/plugins/com.st.stm32cube.ide.mcu.externaltools.gnu-tools-for-stm32.10.3-2021.10.win32_1.0.0.202111181127/tools/bin/../lib/gcc/arm-none-eabi/10.3.1/../../../../arm-none-eabi/lib/thumb/v7e-m+fp/hard\libc_nano.a(lib_a-nano-mallocr.o)
                0x0000000008009fa0                _malloc_r
 .text.printf   0x000000000800a088       0x30 c:/st/stm32cubeide_1.6.1/stm32cubeide/plugins/com.st.stm32cube.ide.mcu.externaltools.gnu-tools-for-stm32.10.3-2021.10.win32_1.0.0.202111181127/tools/bin/../lib/gcc/arm-none-eabi/10.3.1/../../../../arm-none-eabi/lib/thumb/v7e-m+fp/hard\libc_nano.a(lib_a-printf.o)
                0x000000000800a088                iprintf
                0x000000000800a088                printf
 .text._puts_r  0x000000000800a0b8       0xdc c:/st/stm32cubeide_1.6.1/stm32cubeide/plugins/com.st.stm32cube.ide.mcu.externaltools.gnu-tools-for-stm32.10.3-2021.10.win32_1.0.0.202111181127/tools/bin/../lib/gcc/arm-none-eabi/10.3.1/../../../../arm-none-eabi/lib/thumb/v7e-m+fp/hard\libc_nano.a(lib_a-puts.o)
                0x000000000800a0b8                _puts_r
 .text.puts     0x000000000800a194       0x10 c:/st/stm32cubeide_1.6.1/stm32cubeide/plugins/com.st.stm32cube.ide.mcu.externaltools.gnu-tools-for-stm32.10.3-2021.10.win32_1.0.0.202111181127/tools/bin/../lib/gcc/arm-none-eabi/10.3.1/../../../../arm-none-eabi/lib/thumb/v7e-m+fp/hard\libc_nano.a(lib_a-puts.o)
                0x000000000800a194                puts
 .text.cleanup_glue
                0x000000000800a1a4       0x1a c:/st/stm32cubeide_1.6.1/stm32cubeide/plugins/com.st.stm32cube.ide.mcu.externaltools.gnu-tools-for-stm32.10.3-2021.10.win32_1.0.0.202111181127/tools/bin/../lib/gcc/arm-none-eabi/10.3.1/../../../../arm-none-eabi/lib/thumb/v7e-m+fp/hard\libc_nano.a(lib_a-reent.o)
                0x000000000800a1a4                cleanup_glue
 *fill*         0x000000000800a1be        0x2 
 .text._reclaim_reent
                0x000000000800a1c0       0xb8 c:/st/stm32cubeide_1.6.1/stm32cubeide/plugins/com.st.stm32cube.ide.mcu.externaltools.gnu-tools-for-stm32.10.3-2021.10.win32_1.0.0.202111181127/tools/bin/../lib/gcc/arm-none-eabi/10.3.1/../../../../arm-none-eabi/lib/thumb/v7e-m+fp/hard\libc_nano.a(lib_a-reent.o)
                0x000000000800a1c0                _reclaim_reent
 .text._sbrk_r  0x000000000800a278       0x20 c:/st/stm32cubeide_1.6.1/stm32cubeide/plugins/com.st.stm32cube.ide.mcu.externaltools.gnu-tools-for-stm32.10.3-2021.10.win32_1.0.0.202111181127/tools/bin/../lib/gcc/arm-none-eabi/10.3.1/../../../../arm-none-eabi/lib/thumb/v7e-m+fp/hard\libc_nano.a(lib_a-sbrkr.o)
                0x000000000800a278                _sbrk_r
 .text.__sread  0x000000000800a298       0x22 c:/st/stm32cubeide_1.6.1/stm32cubeide/plugins/com.st.stm32cube.ide.mcu.externaltools.gnu-tools-for-stm32.10.3-2021.10.win32_1.0.0.202111181127/tools/bin/../lib/gcc/arm-none-eabi/10.3.1/../../../../arm-none-eabi/lib/thumb/v7e-m+fp/hard\libc_nano.a(lib_a-stdio.o)
                0x000000000800a298                __sread
 .text.__swrite
                0x000000000800a2ba       0x38 c:/st/stm32cubeide_1.6.1/stm32cubeide/plugins/com.st.stm32cube.ide.mcu.externaltools.gnu-tools-for-stm32.10.3-2021.10.win32_1.0.0.202111181127/tools/bin/../lib/gcc/arm-none-eabi/10.3.1/../../../../arm-none-eabi/lib/thumb/v7e-m+fp/hard\libc_nano.a(lib_a-stdio.o)
                0x000000000800a2ba                __swrite
 .text.__sseek  0x000000000800a2f2       0x24 c:/st/stm32cubeide_1.6.1/stm32cubeide/plugins/com.st.stm32cube.ide.mcu.externaltools.gnu-tools-for-stm32.10.3-2021.10.win32_1.0.0.202111181127/tools/bin/../lib/gcc/arm-none-eabi/10.3.1/../../../../arm-none-eabi/lib/thumb/v7e-m+fp/hard\libc_nano.a(lib_a-stdio.o)
                0x000000000800a2f2                __sseek
 .text.__sclose
                0x000000000800a316        0x8 c:/st/stm32cubeide_1.6.1/stm32cubeide/plugins/com.st.stm32cube.ide.mcu.externaltools.gnu-tools-for-stm32.10.3-2021.10.win32_1.0.0.202111181127/tools/bin/../lib/gcc/arm-none-eabi/10.3.1/../../../../arm-none-eabi/lib/thumb/v7e-m+fp/hard\libc_nano.a(lib_a-stdio.o)
                0x000000000800a316                __sclose
 *fill*         0x000000000800a31e        0x2 
 .text.__swbuf_r
                0x000000000800a320       0xa4 c:/st/stm32cubeide_1.6.1/stm32cubeide/plugins/com.st.stm32cube.ide.mcu.externaltools.gnu-tools-for-stm32.10.3-2021.10.win32_1.0.0.202111181127/tools/bin/../lib/gcc/arm-none-eabi/10.3.1/../../../../arm-none-eabi/lib/thumb/v7e-m+fp/hard\libc_nano.a(lib_a-wbuf.o)
                0x000000000800a320                __swbuf_r
 .text._write_r
                0x000000000800a3c4       0x24 c:/st/stm32cubeide_1.6.1/stm32cubeide/plugins/com.st.stm32cube.ide.mcu.externaltools.gnu-tools-for-stm32.10.3-2021.10.win32_1.0.0.202111181127/tools/bin/../lib/gcc/arm-none-eabi/10.3.1/../../../../arm-none-eabi/lib/thumb/v7e-m+fp/hard\libc_nano.a(lib_a-writer.o)
                0x000000000800a3c4                _write_r
 .text.__swsetup_r
                0x000000000800a3e8       0xdc c:/st/stm32cubeide_1.6.1/stm32cubeide/plugins/com.st.stm32cube.ide.mcu.externaltools.gnu-tools-for-stm32.10.3-2021.10.win32_1.0.0.202111181127/tools/bin/../lib/gcc/arm-none-eabi/10.3.1/../../../../arm-none-eabi/lib/thumb/v7e-m+fp/hard\libc_nano.a(lib_a-wsetup.o)
                0x000000000800a3e8                __swsetup_r
 .text._close_r
                0x000000000800a4c4       0x20 c:/st/stm32cubeide_1.6.1/stm32cubeide/plugins/com.st.stm32cube.ide.mcu.externaltools.gnu-tools-for-stm32.10.3-2021.10.win32_1.0.0.202111181127/tools/bin/../lib/gcc/arm-none-eabi/10.3.1/../../../../arm-none-eabi/lib/thumb/v7e-m+fp/hard\libc_nano.a(lib_a-closer.o)
                0x000000000800a4c4                _close_r
 .text.__sflush_r
                0x000000000800a4e4      0x10c c:/st/stm32cubeide_1.6.1/stm32cubeide/plugins/com.st.stm32cube.ide.mcu.externaltools.gnu-tools-for-stm32.10.3-2021.10.win32_1.0.0.202111181127/tools/bin/../lib/gcc/arm-none-eabi/10.3.1/../../../../arm-none-eabi/lib/thumb/v7e-m+fp/hard\libc_nano.a(lib_a-fflush.o)
                0x000000000800a4e4                __sflush_r
 .text._fflush_r
                0x000000000800a5f0       0x78 c:/st/stm32cubeide_1.6.1/stm32cubeide/plugins/com.st.stm32cube.ide.mcu.externaltools.gnu-tools-for-stm32.10.3-2021.10.win32_1.0.0.202111181127/tools/bin/../lib/gcc/arm-none-eabi/10.3.1/../../../../arm-none-eabi/lib/thumb/v7e-m+fp/hard\libc_nano.a(lib_a-fflush.o)
                0x000000000800a5f0                _fflush_r
 .text._lseek_r
                0x000000000800a668       0x24 c:/st/stm32cubeide_1.6.1/stm32cubeide/plugins/com.st.stm32cube.ide.mcu.externaltools.gnu-tools-for-stm32.10.3-2021.10.win32_1.0.0.202111181127/tools/bin/../lib/gcc/arm-none-eabi/10.3.1/../../../../arm-none-eabi/lib/thumb/v7e-m+fp/hard\libc_nano.a(lib_a-lseekr.o)
                0x000000000800a668                _lseek_r
 .text.__swhatbuf_r
                0x000000000800a68c       0x4a c:/st/stm32cubeide_1.6.1/stm32cubeide/plugins/com.st.stm32cube.ide.mcu.externaltools.gnu-tools-for-stm32.10.3-2021.10.win32_1.0.0.202111181127/tools/bin/../lib/gcc/arm-none-eabi/10.3.1/../../../../arm-none-eabi/lib/thumb/v7e-m+fp/hard\libc_nano.a(lib_a-makebuf.o)
                0x000000000800a68c                __swhatbuf_r
 *fill*         0x000000000800a6d6        0x2 
 .text.__smakebuf_r
                0x000000000800a6d8       0x80 c:/st/stm32cubeide_1.6.1/stm32cubeide/plugins/com.st.stm32cube.ide.mcu.externaltools.gnu-tools-for-stm32.10.3-2021.10.win32_1.0.0.202111181127/tools/bin/../lib/gcc/arm-none-eabi/10.3.1/../../../../arm-none-eabi/lib/thumb/v7e-m+fp/hard\libc_nano.a(lib_a-makebuf.o)
                0x000000000800a6d8                __smakebuf_r
 .text.__malloc_lock
                0x000000000800a758        0xc c:/st/stm32cubeide_1.6.1/stm32cubeide/plugins/com.st.stm32cube.ide.mcu.externaltools.gnu-tools-for-stm32.10.3-2021.10.win32_1.0.0.202111181127/tools/bin/../lib/gcc/arm-none-eabi/10.3.1/../../../../arm-none-eabi/lib/thumb/v7e-m+fp/hard\libc_nano.a(lib_a-mlock.o)
                0x000000000800a758                __malloc_lock
 .text.__malloc_unlock
                0x000000000800a764        0xc c:/st/stm32cubeide_1.6.1/stm32cubeide/plugins/com.st.stm32cube.ide.mcu.externaltools.gnu-tools-for-stm32.10.3-2021.10.win32_1.0.0.202111181127/tools/bin/../lib/gcc/arm-none-eabi/10.3.1/../../../../arm-none-eabi/lib/thumb/v7e-m+fp/hard\libc_nano.a(lib_a-mlock.o)
                0x000000000800a764                __malloc_unlock
 .text._free_r  0x000000000800a770       0x98 c:/st/stm32cubeide_1.6.1/stm32cubeide/plugins/com.st.stm32cube.ide.mcu.externaltools.gnu-tools-for-stm32.10.3-2021.10.win32_1.0.0.202111181127/tools/bin/../lib/gcc/arm-none-eabi/10.3.1/../../../../arm-none-eabi/lib/thumb/v7e-m+fp/hard\libc_nano.a(lib_a-nano-freer.o)
                0x000000000800a770                _free_r
 .text.__sfputc_r
                0x000000000800a808       0x2e c:/st/stm32cubeide_1.6.1/stm32cubeide/plugins/com.st.stm32cube.ide.mcu.externaltools.gnu-tools-for-stm32.10.3-2021.10.win32_1.0.0.202111181127/tools/bin/../lib/gcc/arm-none-eabi/10.3.1/../../../../arm-none-eabi/lib/thumb/v7e-m+fp/hard\libc_nano.a(lib_a-nano-vfprintf.o)
 .text.__sfputs_r
                0x000000000800a836       0x24 c:/st/stm32cubeide_1.6.1/stm32cubeide/plugins/com.st.stm32cube.ide.mcu.externaltools.gnu-tools-for-stm32.10.3-2021.10.win32_1.0.0.202111181127/tools/bin/../lib/gcc/arm-none-eabi/10.3.1/../../../../arm-none-eabi/lib/thumb/v7e-m+fp/hard\libc_nano.a(lib_a-nano-vfprintf.o)
                0x000000000800a836                __sfputs_r
 *fill*         0x000000000800a85a        0x2 
 .text._vfprintf_r
                0x000000000800a85c      0x260 c:/st/stm32cubeide_1.6.1/stm32cubeide/plugins/com.st.stm32cube.ide.mcu.externaltools.gnu-tools-for-stm32.10.3-2021.10.win32_1.0.0.202111181127/tools/bin/../lib/gcc/arm-none-eabi/10.3.1/../../../../arm-none-eabi/lib/thumb/v7e-m+fp/hard\libc_nano.a(lib_a-nano-vfprintf.o)
                0x000000000800a85c                _vfprintf_r
                0x000000000800a85c                _vfiprintf_r
 .text._printf_common
                0x000000000800aabc       0xda c:/st/stm32cubeide_1.6.1/stm32cubeide/plugins/com.st.stm32cube.ide.mcu.externaltools.gnu-tools-for-stm32.10.3-2021.10.win32_1.0.0.202111181127/tools/bin/../lib/gcc/arm-none-eabi/10.3.1/../../../../arm-none-eabi/lib/thumb/v7e-m+fp/hard\libc_nano.a(lib_a-nano-vfprintf_i.o)
                0x000000000800aabc                _printf_common
 *fill*         0x000000000800ab96        0x2 
 .text._printf_i
                0x000000000800ab98      0x24c c:/st/stm32cubeide_1.6.1/stm32cubeide/plugins/com.st.stm32cube.ide.mcu.externaltools.gnu-tools-for-stm32.10.3-2021.10.win32_1.0.0.202111181127/tools/bin/../lib/gcc/arm-none-eabi/10.3.1/../../../../arm-none-eabi/lib/thumb/v7e-m+fp/hard\libc_nano.a(lib_a-nano-vfprintf_i.o)
                0x000000000800ab98                _printf_i
 .text._read_r  0x000000000800ade4       0x24 c:/st/stm32cubeide_1.6.1/stm32cubeide/plugins/com.st.stm32cube.ide.mcu.externaltools.gnu-tools-for-stm32.10.3-2021.10.win32_1.0.0.202111181127/tools/bin/../lib/gcc/arm-none-eabi/10.3.1/../../../../arm-none-eabi/lib/thumb/v7e-m+fp/hard\libc_nano.a(lib_a-readr.o)
                0x000000000800ade4                _read_r
 .text._fstat_r
                0x000000000800ae08       0x24 c:/st/stm32cubeide_1.6.1/stm32cubeide/plugins/com.st.stm32cube.ide.mcu.externaltools.gnu-tools-for-stm32.10.3-2021.10.win32_1.0.0.202111181127/tools/bin/../lib/gcc/arm-none-eabi/10.3.1/../../../../arm-none-eabi/lib/thumb/v7e-m+fp/hard\libc_nano.a(lib_a-fstatr.o)
                0x000000000800ae08                _fstat_r
 .text._isatty_r
                0x000000000800ae2c       0x20 c:/st/stm32cubeide_1.6.1/stm32cubeide/plugins/com.st.stm32cube.ide.mcu.externaltools.gnu-tools-for-stm32.10.3-2021.10.win32_1.0.0.202111181127/tools/bin/../lib/gcc/arm-none-eabi/10.3.1/../../../../arm-none-eabi/lib/thumb/v7e-m+fp/hard\libc_nano.a(lib_a-isattyr.o)
                0x000000000800ae2c                _isatty_r
 *(.glue_7)
 .glue_7        0x000000000800ae4c        0x0 linker stubs
 *(.glue_7t)
 .glue_7t       0x000000000800ae4c        0x0 linker stubs
 *(.eh_frame)
 .eh_frame      0x000000000800ae4c        0x0 c:/st/stm32cubeide_1.6.1/stm32cubeide/plugins/com.st.stm32cube.ide.mcu.externaltools.gnu-tools-for-stm32.10.3-2021.10.win32_1.0.0.202111181127/tools/bin/../lib/gcc/arm-none-eabi/10.3.1/thumb/v7e-m+fp/hard/crtbegin.o
 *(.init)
 .init          0x000000000800ae4c        0x4 c:/st/stm32cubeide_1.6.1/stm32cubeide/plugins/com.st.stm32cube.ide.mcu.externaltools.gnu-tools-for-stm32.10.3-2021.10.win32_1.0.0.202111181127/tools/bin/../lib/gcc/arm-none-eabi/10.3.1/thumb/v7e-m+fp/hard/crti.o
                0x000000000800ae4c                _init
 .init          0x000000000800ae50        0x8 c:/st/stm32cubeide_1.6.1/stm32cubeide/plugins/com.st.stm32cube.ide.mcu.externaltools.gnu-tools-for-stm32.10.3-2021.10.win32_1.0.0.202111181127/tools/bin/../lib/gcc/arm-none-eabi/10.3.1/thumb/v7e-m+fp/hard/crtn.o
 *(.fini)
 .fini          0x000000000800ae58        0x4 c:/st/stm32cubeide_1.6.1/stm32cubeide/plugins/com.st.stm32cube.ide.mcu.externaltools.gnu-tools-for-stm32.10.3-2021.10.win32_1.0.0.202111181127/tools/bin/../lib/gcc/arm-none-eabi/10.3.1/thumb/v7e-m+fp/hard/crti.o
                0x000000000800ae58                _fini
 .fini          0x000000000800ae5c        0x8 c:/st/stm32cubeide_1.6.1/stm32cubeide/plugins/com.st.stm32cube.ide.mcu.externaltools.gnu-tools-for-stm32.10.3-2021.10.win32_1.0.0.202111181127/tools/bin/../lib/gcc/arm-none-eabi/10.3.1/thumb/v7e-m+fp/hard/crtn.o
                0x000000000800ae64                . = ALIGN (0x4)
                0x000000000800ae64                _etext = .

.vfp11_veneer   0x000000000800ae64        0x0
 .vfp11_veneer  0x000000000800ae64        0x0 linker stubs

.v4_bx          0x000000000800ae64        0x0
 .v4_bx         0x000000000800ae64        0x0 linker stubs

.iplt           0x000000000800ae64        0x0
 .iplt          0x000000000800ae64        0x0 c:/st/stm32cubeide_1.6.1/stm32cubeide/plugins/com.st.stm32cube.ide.mcu.externaltools.gnu-tools-for-stm32.10.3-2021.10.win32_1.0.0.202111181127/tools/bin/../lib/gcc/arm-none-eabi/10.3.1/thumb/v7e-m+fp/hard/crtbegin.o

.rodata         0x000000000800ae64      0x308
                0x000000000800ae64                . = ALIGN (0x4)
 *(.rodata)
 .rodata        0x000000000800ae64       0x92 ./Core/Src/freertos.o
 *fill*         0x000000000800aef6        0x2 
 .rodata        0x000000000800aef8       0xee ./Core/Src/servo_motor.o
 *fill*         0x000000000800afe6        0x2 
 .rodata        0x000000000800afe8        0x5 ./Middlewares/Third_Party/FreeRTOS/Source/tasks.o
 *fill*         0x000000000800afed        0x3 
 .rodata        0x000000000800aff0        0xd ./Middlewares/Third_Party/FreeRTOS/Source/timers.o
 *(.rodata*)
 *fill*         0x000000000800affd        0x3 
 .rodata.defaultTask_attributes
                0x000000000800b000       0x24 ./Core/Src/freertos.o
                0x000000000800b000                defaultTask_attributes
 .rodata.canTask_attributes
                0x000000000800b024       0x24 ./Core/Src/freertos.o
                0x000000000800b024                canTask_attributes
 .rodata.UartComm_attributes
                0x000000000800b048       0x24 ./Core/Src/freertos.o
                0x000000000800b048                UartComm_attributes
 .rodata.NP_LED_attributes
                0x000000000800b06c       0x24 ./Core/Src/freertos.o
                0x000000000800b06c                NP_LED_attributes
 .rodata.fancntl_attributes
                0x000000000800b090       0x24 ./Core/Src/freertos.o
                0x000000000800b090                fancntl_attributes
 .rodata.AHBPrescTable
                0x000000000800b0b4       0x10 ./Core/Src/system_stm32f4xx.o
                0x000000000800b0b4                AHBPrescTable
 .rodata.APBPrescTable
                0x000000000800b0c4        0x8 ./Core/Src/system_stm32f4xx.o
                0x000000000800b0c4                APBPrescTable
 .rodata.flagBitshiftOffset.0
                0x000000000800b0cc        0x8 ./Drivers/STM32F4xx_HAL_Driver/Src/stm32f4xx_hal_dma.o
 .rodata.__sf_fake_stderr
                0x000000000800b0d4       0x20 c:/st/stm32cubeide_1.6.1/stm32cubeide/plugins/com.st.stm32cube.ide.mcu.externaltools.gnu-tools-for-stm32.10.3-2021.10.win32_1.0.0.202111181127/tools/bin/../lib/gcc/arm-none-eabi/10.3.1/../../../../arm-none-eabi/lib/thumb/v7e-m+fp/hard\libc_nano.a(lib_a-findfp.o)
                0x000000000800b0d4                __sf_fake_stderr
 .rodata.__sf_fake_stdin
                0x000000000800b0f4       0x20 c:/st/stm32cubeide_1.6.1/stm32cubeide/plugins/com.st.stm32cube.ide.mcu.externaltools.gnu-tools-for-stm32.10.3-2021.10.win32_1.0.0.202111181127/tools/bin/../lib/gcc/arm-none-eabi/10.3.1/../../../../arm-none-eabi/lib/thumb/v7e-m+fp/hard\libc_nano.a(lib_a-findfp.o)
                0x000000000800b0f4                __sf_fake_stdin
 .rodata.__sf_fake_stdout
                0x000000000800b114       0x20 c:/st/stm32cubeide_1.6.1/stm32cubeide/plugins/com.st.stm32cube.ide.mcu.externaltools.gnu-tools-for-stm32.10.3-2021.10.win32_1.0.0.202111181127/tools/bin/../lib/gcc/arm-none-eabi/10.3.1/../../../../arm-none-eabi/lib/thumb/v7e-m+fp/hard\libc_nano.a(lib_a-findfp.o)
                0x000000000800b114                __sf_fake_stdout
 .rodata._global_impure_ptr
                0x000000000800b134        0x4 c:/st/stm32cubeide_1.6.1/stm32cubeide/plugins/com.st.stm32cube.ide.mcu.externaltools.gnu-tools-for-stm32.10.3-2021.10.win32_1.0.0.202111181127/tools/bin/../lib/gcc/arm-none-eabi/10.3.1/../../../../arm-none-eabi/lib/thumb/v7e-m+fp/hard\libc_nano.a(lib_a-impure.o)
                0x000000000800b134                _global_impure_ptr
 .rodata._vfprintf_r.str1.1
                0x000000000800b138       0x11 c:/st/stm32cubeide_1.6.1/stm32cubeide/plugins/com.st.stm32cube.ide.mcu.externaltools.gnu-tools-for-stm32.10.3-2021.10.win32_1.0.0.202111181127/tools/bin/../lib/gcc/arm-none-eabi/10.3.1/../../../../arm-none-eabi/lib/thumb/v7e-m+fp/hard\libc_nano.a(lib_a-nano-vfprintf.o)
 .rodata._printf_i.str1.1
                0x000000000800b149       0x22 c:/st/stm32cubeide_1.6.1/stm32cubeide/plugins/com.st.stm32cube.ide.mcu.externaltools.gnu-tools-for-stm32.10.3-2021.10.win32_1.0.0.202111181127/tools/bin/../lib/gcc/arm-none-eabi/10.3.1/../../../../arm-none-eabi/lib/thumb/v7e-m+fp/hard\libc_nano.a(lib_a-nano-vfprintf_i.o)
                0x000000000800b16c                . = ALIGN (0x4)
 *fill*         0x000000000800b16b        0x1 

.ARM.extab      0x000000000800b16c        0x0
                0x000000000800b16c                . = ALIGN (0x4)
 *(.ARM.extab* .gnu.linkonce.armextab.*)
                0x000000000800b16c                . = ALIGN (0x4)

.ARM            0x000000000800b16c        0x8
                0x000000000800b16c                . = ALIGN (0x4)
                0x000000000800b16c                __exidx_start = .
 *(.ARM.exidx*)
 .ARM.exidx     0x000000000800b16c        0x8 c:/st/stm32cubeide_1.6.1/stm32cubeide/plugins/com.st.stm32cube.ide.mcu.externaltools.gnu-tools-for-stm32.10.3-2021.10.win32_1.0.0.202111181127/tools/bin/../lib/gcc/arm-none-eabi/10.3.1/thumb/v7e-m+fp/hard\libgcc.a(_udivmoddi4.o)
                0x000000000800b174                __exidx_end = .
                0x000000000800b174                . = ALIGN (0x4)

.rel.dyn        0x000000000800b174        0x0
 .rel.iplt      0x000000000800b174        0x0 c:/st/stm32cubeide_1.6.1/stm32cubeide/plugins/com.st.stm32cube.ide.mcu.externaltools.gnu-tools-for-stm32.10.3-2021.10.win32_1.0.0.202111181127/tools/bin/../lib/gcc/arm-none-eabi/10.3.1/thumb/v7e-m+fp/hard/crtbegin.o

.preinit_array  0x000000000800b174        0x0
                0x000000000800b174                . = ALIGN (0x4)
                0x000000000800b174                PROVIDE (__preinit_array_start = .)
 *(.preinit_array*)
                0x000000000800b174                PROVIDE (__preinit_array_end = .)
                0x000000000800b174                . = ALIGN (0x4)

.init_array     0x000000000800b174        0x4
                0x000000000800b174                . = ALIGN (0x4)
                0x000000000800b174                PROVIDE (__init_array_start = .)
 *(SORT_BY_NAME(.init_array.*))
 *(.init_array*)
 .init_array    0x000000000800b174        0x4 c:/st/stm32cubeide_1.6.1/stm32cubeide/plugins/com.st.stm32cube.ide.mcu.externaltools.gnu-tools-for-stm32.10.3-2021.10.win32_1.0.0.202111181127/tools/bin/../lib/gcc/arm-none-eabi/10.3.1/thumb/v7e-m+fp/hard/crtbegin.o
                0x000000000800b178                PROVIDE (__init_array_end = .)
                0x000000000800b178                . = ALIGN (0x4)

.fini_array     0x000000000800b178        0x4
                0x000000000800b178                . = ALIGN (0x4)
                [!provide]                        PROVIDE (__fini_array_start = .)
 *(SORT_BY_NAME(.fini_array.*))
 *(.fini_array*)
 .fini_array    0x000000000800b178        0x4 c:/st/stm32cubeide_1.6.1/stm32cubeide/plugins/com.st.stm32cube.ide.mcu.externaltools.gnu-tools-for-stm32.10.3-2021.10.win32_1.0.0.202111181127/tools/bin/../lib/gcc/arm-none-eabi/10.3.1/thumb/v7e-m+fp/hard/crtbegin.o
                [!provide]                        PROVIDE (__fini_array_end = .)
                0x000000000800b17c                . = ALIGN (0x4)
                0x000000000800b17c                _sidata = LOADADDR (.data)

.data           0x0000000020000000       0x74 load address 0x000000000800b17c
                0x0000000020000000                . = ALIGN (0x4)
                0x0000000020000000                _sdata = .
 *(.data)
 *(.data*)
 .data.SystemCoreClock
                0x0000000020000000        0x4 ./Core/Src/system_stm32f4xx.o
                0x0000000020000000                SystemCoreClock
 .data.uwTickPrio
                0x0000000020000004        0x4 ./Drivers/STM32F4xx_HAL_Driver/Src/stm32f4xx_hal.o
                0x0000000020000004                uwTickPrio
 .data.uwTickFreq
                0x0000000020000008        0x1 ./Drivers/STM32F4xx_HAL_Driver/Src/stm32f4xx_hal.o
                0x0000000020000008                uwTickFreq
 *fill*         0x0000000020000009        0x3 
 .data.uxCriticalNesting
                0x000000002000000c        0x4 ./Middlewares/Third_Party/FreeRTOS/Source/portable/GCC/ARM_CM4F/port.o
 .data._impure_ptr
                0x0000000020000010        0x4 c:/st/stm32cubeide_1.6.1/stm32cubeide/plugins/com.st.stm32cube.ide.mcu.externaltools.gnu-tools-for-stm32.10.3-2021.10.win32_1.0.0.202111181127/tools/bin/../lib/gcc/arm-none-eabi/10.3.1/../../../../arm-none-eabi/lib/thumb/v7e-m+fp/hard\libc_nano.a(lib_a-impure.o)
                0x0000000020000010                _impure_ptr
 .data.impure_data
                0x0000000020000014       0x60 c:/st/stm32cubeide_1.6.1/stm32cubeide/plugins/com.st.stm32cube.ide.mcu.externaltools.gnu-tools-for-stm32.10.3-2021.10.win32_1.0.0.202111181127/tools/bin/../lib/gcc/arm-none-eabi/10.3.1/../../../../arm-none-eabi/lib/thumb/v7e-m+fp/hard\libc_nano.a(lib_a-impure.o)
 *(.RamFunc)
 *(.RamFunc*)
                0x0000000020000074                . = ALIGN (0x4)
                0x0000000020000074                _edata = .
                0x000000000800b1f0                _siccmram = LOADADDR (.ccmram)

.igot.plt       0x0000000020000074        0x0 load address 0x000000000800b1f0
 .igot.plt      0x0000000020000074        0x0 c:/st/stm32cubeide_1.6.1/stm32cubeide/plugins/com.st.stm32cube.ide.mcu.externaltools.gnu-tools-for-stm32.10.3-2021.10.win32_1.0.0.202111181127/tools/bin/../lib/gcc/arm-none-eabi/10.3.1/thumb/v7e-m+fp/hard/crtbegin.o

.ccmram         0x0000000010000000        0x0 load address 0x000000000800b1f0
                0x0000000010000000                . = ALIGN (0x4)
                0x0000000010000000                _sccmram = .
 *(.ccmram)
 *(.ccmram*)
                0x0000000010000000                . = ALIGN (0x4)
                0x0000000010000000                _eccmram = .
                0x0000000010000000                . = ALIGN (0x4)

.bss            0x0000000020000074     0x4f38
                0x0000000020000074                _sbss = .
                0x0000000020000074                __bss_start__ = _sbss
 *(.bss)
 .bss           0x0000000020000074       0x1c c:/st/stm32cubeide_1.6.1/stm32cubeide/plugins/com.st.stm32cube.ide.mcu.externaltools.gnu-tools-for-stm32.10.3-2021.10.win32_1.0.0.202111181127/tools/bin/../lib/gcc/arm-none-eabi/10.3.1/thumb/v7e-m+fp/hard/crtbegin.o
 *(.bss*)
 .bss.g_led_data
                0x0000000020000090      0x1f8 ./Core/Src/app_ws2812b.o
                0x0000000020000090                g_led_data
 .bss.FLAG_RxCplt
                0x0000000020000288        0x4 ./Core/Src/can.o
                0x0000000020000288                FLAG_RxCplt
 .bss.g_uCAN_Rx_Data
                0x000000002000028c        0x8 ./Core/Src/can.o
                0x000000002000028c                g_uCAN_Rx_Data
 .bss.g_tCan_Rx_Header
                0x0000000020000294       0x1c ./Core/Src/can.o
                0x0000000020000294                g_tCan_Rx_Header
 .bss.sFilterConfig
                0x00000000200002b0       0x28 ./Core/Src/can.o
                0x00000000200002b0                sFilterConfig
 .bss.hcan1     0x00000000200002d8       0x28 ./Core/Src/can.o
                0x00000000200002d8                hcan1
 .bss.defaultTaskHandle
                0x0000000020000300        0x4 ./Core/Src/freertos.o
                0x0000000020000300                defaultTaskHandle
 .bss.canTaskHandle
                0x0000000020000304        0x4 ./Core/Src/freertos.o
                0x0000000020000304                canTaskHandle
 .bss.UartCommHandle
                0x0000000020000308        0x4 ./Core/Src/freertos.o
                0x0000000020000308                UartCommHandle
 .bss.NP_LEDHandle
                0x000000002000030c        0x4 ./Core/Src/freertos.o
                0x000000002000030c                NP_LEDHandle
 .bss.fancntlHandle
                0x0000000020000310        0x4 ./Core/Src/freertos.o
                0x0000000020000310                fancntlHandle
 .bss.temp.0    0x0000000020000314        0x4 ./Core/Src/freertos.o
 .bss.hsmbus1   0x0000000020000318       0x50 ./Core/Src/i2c.o
                0x0000000020000318                hsmbus1
 .bss.flag_rx   0x0000000020000368        0x4 ./Core/Src/servo_motor.o
                0x0000000020000368                flag_rx
 .bss.tmp_rx    0x000000002000036c        0xc ./Core/Src/servo_motor.o
                0x000000002000036c                tmp_rx
 .bss.Read_flag
                0x0000000020000378        0x4 ./Core/Src/servo_motor.o
                0x0000000020000378                Read_flag
 .bss.htim6     0x000000002000037c       0x48 ./Core/Src/stm32f4xx_hal_timebase_tim.o
                0x000000002000037c                htim6
 .bss.__sbrk_heap_end
                0x00000000200003c4        0x4 ./Core/Src/sysmem.o
 .bss.htim1     0x00000000200003c8       0x48 ./Core/Src/tim.o
                0x00000000200003c8                htim1
 .bss.htim3     0x0000000020000410       0x48 ./Core/Src/tim.o
                0x0000000020000410                htim3
 .bss.htim8     0x0000000020000458       0x48 ./Core/Src/tim.o
                0x0000000020000458                htim8
 .bss.hdma_tim8_ch1
                0x00000000200004a0       0x60 ./Core/Src/tim.o
                0x00000000200004a0                hdma_tim8_ch1
 .bss.huart2    0x0000000020000500       0x44 ./Core/Src/usart.o
                0x0000000020000500                huart2
 .bss.huart3    0x0000000020000544       0x44 ./Core/Src/usart.o
                0x0000000020000544                huart3
 .bss.uwTick    0x0000000020000588        0x4 ./Drivers/STM32F4xx_HAL_Driver/Src/stm32f4xx_hal.o
                0x0000000020000588                uwTick
 .bss.KernelState
                0x000000002000058c        0x4 ./Middlewares/Third_Party/FreeRTOS/Source/CMSIS_RTOS_V2/cmsis_os2.o
 .bss.Idle_TCB.3
                0x0000000020000590       0xbc ./Middlewares/Third_Party/FreeRTOS/Source/CMSIS_RTOS_V2/cmsis_os2.o
 .bss.Idle_Stack.2
                0x000000002000064c      0x200 ./Middlewares/Third_Party/FreeRTOS/Source/CMSIS_RTOS_V2/cmsis_os2.o
 .bss.Timer_TCB.1
                0x000000002000084c       0xbc ./Middlewares/Third_Party/FreeRTOS/Source/CMSIS_RTOS_V2/cmsis_os2.o
 .bss.Timer_Stack.0
                0x0000000020000908      0x400 ./Middlewares/Third_Party/FreeRTOS/Source/CMSIS_RTOS_V2/cmsis_os2.o
 .bss.xQueueRegistry
                0x0000000020000d08       0x40 ./Middlewares/Third_Party/FreeRTOS/Source/queue.o
                0x0000000020000d08                xQueueRegistry
 .bss.pxCurrentTCB
                0x0000000020000d48        0x4 ./Middlewares/Third_Party/FreeRTOS/Source/tasks.o
                0x0000000020000d48                pxCurrentTCB
 .bss.pxReadyTasksLists
                0x0000000020000d4c      0x460 ./Middlewares/Third_Party/FreeRTOS/Source/tasks.o
 .bss.xDelayedTaskList1
                0x00000000200011ac       0x14 ./Middlewares/Third_Party/FreeRTOS/Source/tasks.o
 .bss.xDelayedTaskList2
                0x00000000200011c0       0x14 ./Middlewares/Third_Party/FreeRTOS/Source/tasks.o
 .bss.pxDelayedTaskList
                0x00000000200011d4        0x4 ./Middlewares/Third_Party/FreeRTOS/Source/tasks.o
 .bss.pxOverflowDelayedTaskList
                0x00000000200011d8        0x4 ./Middlewares/Third_Party/FreeRTOS/Source/tasks.o
 .bss.xPendingReadyList
                0x00000000200011dc       0x14 ./Middlewares/Third_Party/FreeRTOS/Source/tasks.o
 .bss.xTasksWaitingTermination
                0x00000000200011f0       0x14 ./Middlewares/Third_Party/FreeRTOS/Source/tasks.o
 .bss.uxDeletedTasksWaitingCleanUp
                0x0000000020001204        0x4 ./Middlewares/Third_Party/FreeRTOS/Source/tasks.o
 .bss.xSuspendedTaskList
                0x0000000020001208       0x14 ./Middlewares/Third_Party/FreeRTOS/Source/tasks.o
 .bss.uxCurrentNumberOfTasks
                0x000000002000121c        0x4 ./Middlewares/Third_Party/FreeRTOS/Source/tasks.o
 .bss.xTickCount
                0x0000000020001220        0x4 ./Middlewares/Third_Party/FreeRTOS/Source/tasks.o
 .bss.uxTopReadyPriority
                0x0000000020001224        0x4 ./Middlewares/Third_Party/FreeRTOS/Source/tasks.o
 .bss.xSchedulerRunning
                0x0000000020001228        0x4 ./Middlewares/Third_Party/FreeRTOS/Source/tasks.o
 .bss.xPendedTicks
                0x000000002000122c        0x4 ./Middlewares/Third_Party/FreeRTOS/Source/tasks.o
 .bss.xYieldPending
                0x0000000020001230        0x4 ./Middlewares/Third_Party/FreeRTOS/Source/tasks.o
 .bss.xNumOfOverflows
                0x0000000020001234        0x4 ./Middlewares/Third_Party/FreeRTOS/Source/tasks.o
 .bss.uxTaskNumber
                0x0000000020001238        0x4 ./Middlewares/Third_Party/FreeRTOS/Source/tasks.o
 .bss.xNextTaskUnblockTime