../Core/Src/can.c:40:6:MX_CAN1_Init	8	static
../Core/Src/can.c:72:6:HAL_CAN_MspInit	48	static
../Core/Src/can.c:107:6:HAL_CAN_MspDeInit	16	static
../Core/Src/can.c:135:6:CAN_disableirq	8	static
../Core/Src/can.c:136:6:CAN_enableirq	8	static
../Core/Src/can.c:138:6:CanInit	24	static
../Core/Src/can.c:179:6:CanInit2	24	static
../Core/Src/can.c:216:6:sendCan	56	static
../Core/Src/can.c:242:6:SDOMsg	24	static
../Core/Src/can.c:264:6:NMT_Mode	24	static
../Core/Src/can.c:277:5:PDOMapping	48	static
../Core/Src/can.c:310:6:PDOMsg	16	static
../Core/Src/can.c:315:6:Vel_PDOMsg	32	static
../Core/Src/can.c:328:6:Tor_OnOff	32	static
../Core/Src/can.c:341:6:HAL_CAN_RxFifo0MsgPendingCallback	16	static
../Core/Src/can.c:352:6:HAL_CAN_RxFifo1MsgPendingCallback	16	static
