../Core/Src/can.c:38:6:MX_CAN1_Init	8	static
../Core/Src/can.c:70:6:HAL_CAN_MspInit	48	static
../Core/Src/can.c:103:6:HAL_CAN_MspDeInit	16	static
../Core/Src/can.c:130:6:CAN_disableirq	8	static
../Core/Src/can.c:131:6:CAN_enableirq	8	static
../Core/Src/can.c:133:6:CanInit	24	static
../Core/Src/can.c:174:6:CanInit2	24	static
../Core/Src/can.c:211:6:sendCan	56	static
../Core/Src/can.c:237:6:SDOMsg	24	static
../Core/Src/can.c:259:6:NMT_Mode	24	static
../Core/Src/can.c:272:5:PDOMapping	48	static
../Core/Src/can.c:305:6:PDOMsg	16	static
../Core/Src/can.c:310:6:Vel_PDOMsg	32	static
../Core/Src/can.c:323:6:Tor_OnOff	32	static
../Core/Src/can.c:336:6:HAL_CAN_RxFifo0MsgPendingCallback	16	static
