../Drivers/CMSIS/Include/core_cm4.h:1939:34:__NVIC_SystemReset	4	static,ignoring_inline_asm
../Core/Src/freertos.c:204:9:rad2deg	16	static
../Core/Src/freertos.c:209:6:ModeSelect	4	static
../Core/Src/freertos.c:217:6:HAL_GPIO_EXTI_Callback	16	static
../Core/Src/freertos.c:260:6:MX_FREERTOS_Init	8	static
../Core/Src/freertos.c:340:6:StartDefaultTask	24	static
../Core/Src/freertos.c:369:6:StartTask02	88	static
../Core/Src/freertos.c:559:9:Deg2Ste	16	static
../Core/Src/freertos.c:579:6:StartTask03	56	static
../Core/Src/freertos.c:712:6:StartTask04	24	static
../Core/Src/freertos.c:843:6:StartTask05	24	static
../Core/Src/freertos.c:870:6:StartTask06	32	static
../Core/Src/freertos.c:923:6:VelStopTimerCallback	16	static
../Core/Src/freertos.c:932:6:EndModeDTimerCallback	16	static
../Core/Src/freertos.c:941:6:SendCanTimerCallback	24	static
