../Core/Src/freertos.c:145:9:rad2deg	16	static
../Core/Src/freertos.c:150:6:ModeSelect	4	static
../Core/Src/freertos.c:158:6:HAL_GPIO_EXTI_Callback	16	static
../Core/Src/freertos.c:198:6:MX_FREERTOS_Init	8	static
../Core/Src/freertos.c:260:6:StartDefaultTask	24	static
../Core/Src/freertos.c:285:6:StartTask02	144	static
../Core/Src/freertos.c:438:6:StartTask03	40	static
../Core/Src/freertos.c:531:6:StartTask04	24	static
../Core/Src/freertos.c:662:6:StartTask05	24	static
../Core/Src/freertos.c:689:6:StartTask06	24	static
