../Core/Src/freertos.c:245:6:debugcansend	24	static
../Core/Src/freertos.c:252:6:Cal_Real_cmd	96	static
../Core/Src/freertos.c:346:9:Stopflagcheck	16	static
../Core/Src/freertos.c:363:9:Deg2Ste	16	static
../Core/Src/freertos.c:386:9:rad2deg	16	static
../Core/Src/freertos.c:391:8:deg2rad	16	static
../Core/Src/freertos.c:396:6:ModeSelect	4	static
../Core/Src/freertos.c:404:6:HAL_GPIO_EXTI_Callback	16	static
../Core/Src/freertos.c:448:6:MX_FREERTOS_Init	8	static
../Core/Src/freertos.c:534:6:StartDefaultTask	24	static
../Core/Src/freertos.c:563:6:StartTask02	96	static
../Core/Src/freertos.c:860:6:StartTask03	152	static
../Core/Src/freertos.c:1130:6:StartTask04	24	static
../Core/Src/freertos.c:1179:6:StartTask05	24	static
../Core/Src/freertos.c:1207:6:StartTask06	32	static
../Core/Src/freertos.c:1266:6:StartTask07	184	static
../Core/Src/freertos.c:1347:6:VelStopTimerCallback	24	static
../Core/Src/freertos.c:1366:6:EndModeDTimerCallback	16	static
../Core/Src/freertos.c:1376:6:SendCanTimerCallback	40	static
