../Drivers/CMSIS/Include/core_cm4.h:1939:34:__NVIC_SystemReset	4	static,ignoring_inline_asm
../Core/Src/freertos.c:192:9:rad2deg	16	static
../Core/Src/freertos.c:197:6:ModeSelect	4	static
../Core/Src/freertos.c:205:6:HAL_GPIO_EXTI_Callback	16	static
../Core/Src/freertos.c:248:6:MX_FREERTOS_Init	8	static
../Core/Src/freertos.c:322:6:StartDefaultTask	24	static
../Core/Src/freertos.c:351:6:StartTask02	88	static
../Core/Src/freertos.c:541:6:StartTask03	80	static
../Core/Src/freertos.c:673:6:StartTask04	24	static
../Core/Src/freertos.c:804:6:StartTask05	24	static
../Core/Src/freertos.c:831:6:StartTask06	32	static
../Core/Src/freertos.c:884:6:VelStopTimerCallback	16	static
../Core/Src/freertos.c:893:6:EndModeDTimerCallback	16	static
../Core/Src/freertos.c:902:6:SendCanTimerCallback	24	static
