../Core/Src/freertos.c:238:6:debugcansend	24	static
../Core/Src/freertos.c:245:6:Cal_Real_cmd	64	static
../Core/Src/freertos.c:306:9:Stopflagcheck	16	static
../Core/Src/freertos.c:323:9:Deg2Ste	16	static
../Core/Src/freertos.c:346:9:rad2deg	16	static
../Core/Src/freertos.c:351:6:ModeSelect	4	static
../Core/Src/freertos.c:359:6:HAL_GPIO_EXTI_Callback	16	static
../Core/Src/freertos.c:403:6:MX_FREERTOS_Init	8	static
../Core/Src/freertos.c:489:6:StartDefaultTask	24	static
../Core/Src/freertos.c:518:6:StartTask02	96	static
../Core/Src/freertos.c:814:6:StartTask03	104	static
../Core/Src/freertos.c:1031:6:StartTask04	24	static
../Core/Src/freertos.c:1080:6:StartTask05	24	static
../Core/Src/freertos.c:1108:6:StartTask06	32	static
../Core/Src/freertos.c:1167:6:StartTask07	128	static
../Core/Src/freertos.c:1242:6:VelStopTimerCallback	24	static
../Core/Src/freertos.c:1261:6:EndModeDTimerCallback	16	static
../Core/Src/freertos.c:1271:6:SendCanTimerCallback	40	static
