../Core/Src/freertos.c:230:6:debugcansend	24	static
../Core/Src/freertos.c:237:6:Cal_Real_cmd	56	static
../Core/Src/freertos.c:261:9:Stopflagcheck	16	static
../Core/Src/freertos.c:278:9:Deg2Ste	16	static
../Core/Src/freertos.c:301:9:rad2deg	16	static
../Core/Src/freertos.c:306:6:ModeSelect	4	static
../Core/Src/freertos.c:314:6:HAL_GPIO_EXTI_Callback	16	static
../Core/Src/freertos.c:357:6:MX_FREERTOS_Init	8	static
../Core/Src/freertos.c:440:6:StartDefaultTask	24	static
../Core/Src/freertos.c:469:6:StartTask02	96	static
../Core/Src/freertos.c:765:6:StartTask03	88	static
../Core/Src/freertos.c:962:6:StartTask04	24	static
../Core/Src/freertos.c:1011:6:StartTask05	24	static
../Core/Src/freertos.c:1039:6:StartTask06	32	static
../Core/Src/freertos.c:1092:6:VelStopTimerCallback	24	static
../Core/Src/freertos.c:1111:6:EndModeDTimerCallback	16	static
../Core/Src/freertos.c:1121:6:SendCanTimerCallback	40	static
