../Core/Src/freertos.c:239:6:debugcansend	24	static
../Core/Src/freertos.c:246:6:Cal_Real_cmd	64	static
../Core/Src/freertos.c:306:9:Stopflagcheck	16	static
../Core/Src/freertos.c:323:9:Deg2Ste	16	static
../Core/Src/freertos.c:346:9:rad2deg	16	static
../Core/Src/freertos.c:351:8:deg2rad	16	static
../Core/Src/freertos.c:356:6:ModeSelect	4	static
../Core/Src/freertos.c:364:6:HAL_GPIO_EXTI_Callback	16	static
../Core/Src/freertos.c:408:6:MX_FREERTOS_Init	8	static
../Core/Src/freertos.c:494:6:StartDefaultTask	24	static
../Core/Src/freertos.c:523:6:StartTask02	96	static
../Core/Src/freertos.c:819:6:StartTask03	104	static
../Core/Src/freertos.c:1036:6:StartTask04	24	static
../Core/Src/freertos.c:1085:6:StartTask05	24	static
../Core/Src/freertos.c:1113:6:StartTask06	32	static
../Core/Src/freertos.c:1172:6:StartTask07	184	static
../Core/Src/freertos.c:1253:6:VelStopTimerCallback	24	static
../Core/Src/freertos.c:1272:6:EndModeDTimerCallback	16	static
../Core/Src/freertos.c:1282:6:SendCanTimerCallback	40	static
