../Drivers/CMSIS/Include/core_cm4.h:1939:34:__NVIC_SystemReset	4	static,ignoring_inline_asm
../Core/Src/freertos.c:216:6:Cal_Real_cmd	48	static
../Core/Src/freertos.c:223:9:Stopflagcheck	16	static
../Core/Src/freertos.c:240:9:Deg2Ste	16	static
../Core/Src/freertos.c:260:9:rad2deg	16	static
../Core/Src/freertos.c:265:6:ModeSelect	4	static
../Core/Src/freertos.c:273:6:HAL_GPIO_EXTI_Callback	16	static
../Core/Src/freertos.c:316:6:MX_FREERTOS_Init	8	static
../Core/Src/freertos.c:399:6:StartDefaultTask	24	static
../Core/Src/freertos.c:428:6:StartTask02	96	static
../Core/Src/freertos.c:637:6:StartTask03	72	static
../Core/Src/freertos.c:808:6:StartTask04	24	static
../Core/Src/freertos.c:857:6:StartTask05	24	static
../Core/Src/freertos.c:885:6:StartTask06	32	static
../Core/Src/freertos.c:938:6:VelStopTimerCallback	24	static
../Core/Src/freertos.c:957:6:EndModeDTimerCallback	16	static
../Core/Src/freertos.c:967:6:SendCanTimerCallback	24	static
