../Drivers/CMSIS/Include/core_cm4.h:1939:34:__NVIC_SystemReset	4	static,ignoring_inline_asm
../Core/Src/freertos.c:205:9:Deg2Ste	16	static
../Core/Src/freertos.c:225:9:rad2deg	16	static
../Core/Src/freertos.c:230:6:ModeSelect	4	static
../Core/Src/freertos.c:238:6:HAL_GPIO_EXTI_Callback	16	static
../Core/Src/freertos.c:281:6:MX_FREERTOS_Init	8	static
../Core/Src/freertos.c:361:6:StartDefaultTask	24	static
../Core/Src/freertos.c:390:6:StartTask02	88	static
../Core/Src/freertos.c:590:6:StartTask03	56	static
../Core/Src/freertos.c:723:6:StartTask04	24	static
../Core/Src/freertos.c:854:6:StartTask05	24	static
../Core/Src/freertos.c:881:6:StartTask06	32	static
../Core/Src/freertos.c:934:6:VelStopTimerCallback	16	static
../Core/Src/freertos.c:943:6:EndModeDTimerCallback	16	static
../Core/Src/freertos.c:953:6:SendCanTimerCallback	24	static
