../Core/Src/freertos.c:234:6:debugcansend	24	static
../Core/Src/freertos.c:241:6:Cal_Real_cmd	64	static
../Core/Src/freertos.c:302:9:Stopflagcheck	16	static
../Core/Src/freertos.c:319:9:Deg2Ste	16	static
../Core/Src/freertos.c:342:9:rad2deg	16	static
../Core/Src/freertos.c:347:6:ModeSelect	4	static
../Core/Src/freertos.c:355:6:HAL_GPIO_EXTI_Callback	16	static
../Core/Src/freertos.c:399:6:MX_FREERTOS_Init	8	static
../Core/Src/freertos.c:485:6:StartDefaultTask	24	static
../Core/Src/freertos.c:514:6:StartTask02	96	static
../Core/Src/freertos.c:810:6:StartTask03	104	static
../Core/Src/freertos.c:1019:6:StartTask04	24	static
../Core/Src/freertos.c:1068:6:StartTask05	24	static
../Core/Src/freertos.c:1096:6:StartTask06	32	static
../Core/Src/freertos.c:1155:6:StartTask07	24	static
../Core/Src/freertos.c:1180:6:VelStopTimerCallback	24	static
../Core/Src/freertos.c:1199:6:EndModeDTimerCallback	16	static
../Core/Src/freertos.c:1209:6:SendCanTimerCallback	40	static
