../Core/Src/freertos.c:230:6:debugcansend	24	static
../Core/Src/freertos.c:237:6:Cal_Real_cmd	64	static
../Core/Src/freertos.c:274:9:Stopflagcheck	16	static
../Core/Src/freertos.c:291:9:Deg2Ste	16	static
../Core/Src/freertos.c:314:9:rad2deg	16	static
../Core/Src/freertos.c:319:6:ModeSelect	4	static
../Core/Src/freertos.c:327:6:HAL_GPIO_EXTI_Callback	16	static
../Core/Src/freertos.c:370:6:MX_FREERTOS_Init	8	static
../Core/Src/freertos.c:453:6:StartDefaultTask	24	static
../Core/Src/freertos.c:482:6:StartTask02	96	static
../Core/Src/freertos.c:778:6:StartTask03	88	static
../Core/Src/freertos.c:975:6:StartTask04	24	static
../Core/Src/freertos.c:1024:6:StartTask05	24	static
../Core/Src/freertos.c:1052:6:StartTask06	32	static
../Core/Src/freertos.c:1105:6:VelStopTimerCallback	24	static
../Core/Src/freertos.c:1124:6:EndModeDTimerCallback	16	static
../Core/Src/freertos.c:1134:6:SendCanTimerCallback	40	static
