../Core/Src/freertos.c:250:6:debugcansend	24	static
../Core/Src/freertos.c:257:6:Cal_Real_cmd	96	static
../Core/Src/freertos.c:349:9:Stopflagcheck	16	static
../Core/Src/freertos.c:367:9:Deg2Ste	16	static
../Core/Src/freertos.c:391:9:rad2deg	16	static
../Core/Src/freertos.c:396:8:deg2rad	16	static
../Core/Src/freertos.c:401:6:ModeSelect	4	static
../Core/Src/freertos.c:409:6:HAL_GPIO_EXTI_Callback	16	static
../Core/Src/freertos.c:453:6:MX_FREERTOS_Init	8	static
../Core/Src/freertos.c:539:6:StartDefaultTask	24	static
../Core/Src/freertos.c:568:6:StartTask02	168	static
../Core/Src/freertos.c:918:6:StartTask03	152	static
../Core/Src/freertos.c:1188:6:StartTask04	24	static
../Core/Src/freertos.c:1237:6:StartTask05	24	static
../Core/Src/freertos.c:1265:6:StartTask06	32	static
../Core/Src/freertos.c:1324:6:StartTask07	184	static
../Core/Src/freertos.c:1405:6:VelStopTimerCallback	24	static
../Core/Src/freertos.c:1424:6:EndModeDTimerCallback	16	static
../Core/Src/freertos.c:1434:6:SendCanTimerCallback	64	static
