../Core/Src/freertos.c:154:9:rad2deg	16	static
../Core/Src/freertos.c:159:6:ModeSelect	4	static
../Core/Src/freertos.c:167:6:HAL_GPIO_EXTI_Callback	16	static
../Core/Src/freertos.c:208:6:MX_FREERTOS_Init	8	static
../Core/Src/freertos.c:275:6:StartDefaultTask	24	static
../Core/Src/freertos.c:300:6:StartTask02	112	static
../Core/Src/freertos.c:478:6:StartTask03	40	static
../Core/Src/freertos.c:601:6:StartTask04	24	static
../Core/Src/freertos.c:732:6:StartTask05	24	static
../Core/Src/freertos.c:759:6:StartTask06	24	static
../Core/Src/freertos.c:804:6:VelStopTimerCallback	16	static
