../Core/Src/freertos.c:152:9:rad2deg	16	static
../Core/Src/freertos.c:157:6:ModeSelect	4	static
../Core/Src/freertos.c:165:6:HAL_GPIO_EXTI_Callback	16	static
../Core/Src/freertos.c:206:6:MX_FREERTOS_Init	8	static
../Core/Src/freertos.c:273:6:StartDefaultTask	24	static
../Core/Src/freertos.c:298:6:StartTask02	120	static
../Core/Src/freertos.c:479:6:StartTask03	40	static
../Core/Src/freertos.c:586:6:StartTask04	24	static
../Core/Src/freertos.c:717:6:StartTask05	24	static
../Core/Src/freertos.c:744:6:StartTask06	24	static
../Core/Src/freertos.c:789:6:VelStopTimerCallback	16	static
