../Drivers/CMSIS/Include/core_cm4.h:1939:34:__NVIC_SystemReset	4	static,ignoring_inline_asm
../Core/Src/freertos.c:205:9:Stopflagcheck	16	static
../Core/Src/freertos.c:222:9:Deg2Ste	16	static
../Core/Src/freertos.c:242:9:rad2deg	16	static
../Core/Src/freertos.c:247:6:ModeSelect	4	static
../Core/Src/freertos.c:255:6:HAL_GPIO_EXTI_Callback	16	static
../Core/Src/freertos.c:298:6:MX_FREERTOS_Init	8	static
../Core/Src/freertos.c:381:6:StartDefaultTask	24	static
../Core/Src/freertos.c:410:6:StartTask02	104	static
../Core/Src/freertos.c:614:6:StartTask03	72	static
../Core/Src/freertos.c:774:6:StartTask04	24	static
../Core/Src/freertos.c:905:6:StartTask05	24	static
../Core/Src/freertos.c:932:6:StartTask06	32	static
../Core/Src/freertos.c:985:6:VelStopTimerCallback	16	static
../Core/Src/freertos.c:1004:6:EndModeDTimerCallback	16	static
../Core/Src/freertos.c:1014:6:SendCanTimerCallback	24	static
