../Drivers/CMSIS/Include/core_cm4.h:1939:34:__NVIC_SystemReset	4	static,ignoring_inline_asm
../Core/Src/freertos.c:206:9:Stopflagcheck	16	static
../Core/Src/freertos.c:223:9:Deg2Ste	16	static
../Core/Src/freertos.c:243:9:rad2deg	16	static
../Core/Src/freertos.c:248:6:ModeSelect	4	static
../Core/Src/freertos.c:256:6:HAL_GPIO_EXTI_Callback	16	static
../Core/Src/freertos.c:299:6:MX_FREERTOS_Init	8	static
../Core/Src/freertos.c:382:6:StartDefaultTask	24	static
../Core/Src/freertos.c:411:6:StartTask02	104	static
../Core/Src/freertos.c:620:6:StartTask03	72	static
../Core/Src/freertos.c:790:6:StartTask04	24	static
../Core/Src/freertos.c:839:6:StartTask05	24	static
../Core/Src/freertos.c:867:6:StartTask06	32	static
../Core/Src/freertos.c:920:6:VelStopTimerCallback	24	static
../Core/Src/freertos.c:939:6:EndModeDTimerCallback	16	static
../Core/Src/freertos.c:949:6:SendCanTimerCallback	24	static
