../Drivers/CMSIS/Include/core_cm4.h:1939:34:__NVIC_SystemReset	4	static,ignoring_inline_asm
../Core/Src/freertos.c:186:9:rad2deg	16	static
../Core/Src/freertos.c:191:6:ModeSelect	4	static
../Core/Src/freertos.c:199:6:HAL_GPIO_EXTI_Callback	16	static
../Core/Src/freertos.c:242:6:MX_FREERTOS_Init	8	static
../Core/Src/freertos.c:316:6:StartDefaultTask	24	static
../Core/Src/freertos.c:345:6:StartTask02	88	static
../Core/Src/freertos.c:535:6:StartTask03	40	static
../Core/Src/freertos.c:700:6:StartTask04	24	static
../Core/Src/freertos.c:831:6:StartTask05	24	static
../Core/Src/freertos.c:858:6:StartTask06	24	static
../Core/Src/freertos.c:909:6:VelStopTimerCallback	16	static
../Core/Src/freertos.c:918:6:EndModeDTimerCallback	16	static
../Core/Src/freertos.c:927:6:SendCanTimerCallback	24	static
