../Core/Src/freertos.c:249:6:debugcansend	24	static
../Core/Src/freertos.c:256:6:Cal_Real_cmd	96	static
../Core/Src/freertos.c:350:9:Stopflagcheck	16	static
../Core/Src/freertos.c:368:9:Deg2Ste	16	static
../Core/Src/freertos.c:392:9:rad2deg	16	static
../Core/Src/freertos.c:397:8:deg2rad	16	static
../Core/Src/freertos.c:402:6:ModeSelect	4	static
../Core/Src/freertos.c:410:6:HAL_GPIO_EXTI_Callback	16	static
../Core/Src/freertos.c:454:6:MX_FREERTOS_Init	8	static
../Core/Src/freertos.c:540:6:StartDefaultTask	24	static
../Core/Src/freertos.c:569:6:StartTask02	168	static
../Core/Src/freertos.c:919:6:StartTask03	128	static
../Core/Src/freertos.c:1189:6:StartTask04	24	static
../Core/Src/freertos.c:1238:6:StartTask05	24	static
../Core/Src/freertos.c:1266:6:StartTask06	32	static
../Core/Src/freertos.c:1325:6:StartTask07	184	static
../Core/Src/freertos.c:1406:6:VelStopTimerCallback	24	static
../Core/Src/freertos.c:1425:6:EndModeDTimerCallback	16	static
../Core/Src/freertos.c:1435:6:SendCanTimerCallback	40	static
