../Core/Src/freertos.c:162:9:rad2deg	16	static
../Core/Src/freertos.c:167:6:ModeSelect	4	static
../Core/Src/freertos.c:175:6:HAL_GPIO_EXTI_Callback	16	static
../Core/Src/freertos.c:217:6:MX_FREERTOS_Init	8	static
../Core/Src/freertos.c:287:6:StartDefaultTask	24	static
../Core/Src/freertos.c:312:6:StartTask02	112	static
../Core/Src/freertos.c:501:6:StartTask03	40	static
../Core/Src/freertos.c:625:6:StartTask04	24	static
../Core/Src/freertos.c:756:6:StartTask05	24	static
../Core/Src/freertos.c:783:6:StartTask06	24	static
../Core/Src/freertos.c:828:6:VelStopTimerCallback	16	static
../Core/Src/freertos.c:838:6:EndModeDTimerCallback	16	static
