../Core/Src/freertos.c:227:6:debugcansend	24	static
../Core/Src/freertos.c:234:6:Cal_Real_cmd	64	static
../Core/Src/freertos.c:295:9:Stopflagcheck	16	static
../Core/Src/freertos.c:312:9:Deg2Ste	16	static
../Core/Src/freertos.c:335:9:rad2deg	16	static
../Core/Src/freertos.c:340:6:ModeSelect	4	static
../Core/Src/freertos.c:348:6:HAL_GPIO_EXTI_Callback	16	static
../Core/Src/freertos.c:391:6:MX_FREERTOS_Init	8	static
../Core/Src/freertos.c:474:6:StartDefaultTask	24	static
../Core/Src/freertos.c:503:6:StartTask02	96	static
../Core/Src/freertos.c:799:6:StartTask03	104	static
../Core/Src/freertos.c:1008:6:StartTask04	24	static
../Core/Src/freertos.c:1057:6:StartTask05	24	static
../Core/Src/freertos.c:1085:6:StartTask06	32	static
../Core/Src/freertos.c:1138:6:VelStopTimerCallback	24	static
../Core/Src/freertos.c:1157:6:EndModeDTimerCallback	16	static
../Core/Src/freertos.c:1167:6:SendCanTimerCallback	40	static
