../Core/Src/freertos.c:235:6:debugcansend	24	static
../Core/Src/freertos.c:242:6:Cal_Real_cmd	64	static
../Core/Src/freertos.c:303:9:Stopflagcheck	16	static
../Core/Src/freertos.c:320:9:Deg2Ste	16	static
../Core/Src/freertos.c:343:9:rad2deg	16	static
../Core/Src/freertos.c:348:6:ModeSelect	4	static
../Core/Src/freertos.c:356:6:HAL_GPIO_EXTI_Callback	16	static
../Core/Src/freertos.c:400:6:MX_FREERTOS_Init	8	static
../Core/Src/freertos.c:486:6:StartDefaultTask	24	static
../Core/Src/freertos.c:515:6:StartTask02	96	static
../Core/Src/freertos.c:811:6:StartTask03	104	static
../Core/Src/freertos.c:1027:6:StartTask04	24	static
../Core/Src/freertos.c:1076:6:StartTask05	24	static
../Core/Src/freertos.c:1104:6:StartTask06	32	static
../Core/Src/freertos.c:1163:6:StartTask07	88	static
../Core/Src/freertos.c:1200:6:VelStopTimerCallback	24	static
../Core/Src/freertos.c:1219:6:EndModeDTimerCallback	16	static
../Core/Src/freertos.c:1229:6:SendCanTimerCallback	40	static
