../Core/Src/main.c:91:5:main	8	static
../Core/Src/main.c:176:6:SystemClock_Config	88	static
../Core/Src/main.c:222:13:MX_CAN1_Init	8	static
../Core/Src/main.c:259:13:MX_TIM1_Init	80	static
../Core/Src/main.c:324:13:MX_USART2_UART_Init	8	static
../Core/Src/main.c:357:13:MX_USART3_UART_Init	8	static
../Core/Src/main.c:390:13:MX_GPIO_Init	48	static
../Core/Src/main.c:439:6:BlinkLED	16	static
../Core/Src/main.c:458:6:testcan	24	static
../Core/Src/main.c:481:6:HAL_TIM_PeriodElapsedCallback	16	static
../Core/Src/main.c:498:6:Error_Handler	4	static,ignoring_inline_asm
