../Core/Src/servo_motor.c:14:6:baudrate_reinit	16	static
../Core/Src/servo_motor.c:46:6:ServoMotor_init	8	static
../Core/Src/servo_motor.c:51:6:HAL_UART_RxCpltCallback	16	static
../Core/Src/servo_motor.c:61:6:ServoMotor_write	16	static
../Core/Src/servo_motor.c:78:6:ServoMotor_writeDMA	16	static
../Core/Src/servo_motor.c:87:6:ServoMotor_control	32	static
../Core/Src/servo_motor.c:117:6:DataSetSteering	32	static
../Core/Src/servo_motor.c:149:6:DataReadSteering	32	static
../Core/Src/servo_motor.c:167:10:ServoMotor_read	88	static
