../Core/Src/servo_motor.c:15:6:baudrate_reinit	16	static
../Core/Src/servo_motor.c:47:6:ServoMotor_init	8	static
../Core/Src/servo_motor.c:52:6:HAL_UART_RxCpltCallback	16	static
../Core/Src/servo_motor.c:64:6:ServoMotor_write	16	static
../Core/Src/servo_motor.c:81:6:ServoMotor_writeDMA	16	static
../Core/Src/servo_motor.c:90:6:ServoMotor_control	32	static
../Core/Src/servo_motor.c:120:6:DataSetSteering	32	static
../Core/Src/servo_motor.c:152:6:DataReadSteering	32	static
../Core/Src/servo_motor.c:170:10:ServoMotor_read	80	static
