../Core/Src/stm32f4xx_it.c:75:6:NMI_Handler	4	static
../Core/Src/stm32f4xx_it.c:90:6:HardFault_Handler	4	static
../Core/Src/stm32f4xx_it.c:105:6:MemManage_Handler	4	static
../Core/Src/stm32f4xx_it.c:120:6:BusFault_Handler	4	static
../Core/Src/stm32f4xx_it.c:135:6:UsageFault_Handler	4	static
../Core/Src/stm32f4xx_it.c:150:6:DebugMon_Handler	4	static
../Core/Src/stm32f4xx_it.c:170:6:EXTI4_IRQHandler	8	static
../Core/Src/stm32f4xx_it.c:184:6:DMA1_Stream3_IRQHandler	8	static
../Core/Src/stm32f4xx_it.c:198:6:CAN1_RX0_IRQHandler	8	static
../Core/Src/stm32f4xx_it.c:212:6:EXTI9_5_IRQHandler	8	static
../Core/Src/stm32f4xx_it.c:228:6:USART2_IRQHandler	8	static
../Core/Src/stm32f4xx_it.c:242:6:USART3_IRQHandler	8	static
../Core/Src/stm32f4xx_it.c:256:6:TIM6_DAC_IRQHandler	8	static
../Core/Src/stm32f4xx_it.c:270:6:DMA2_Stream2_IRQHandler	8	static
